[2024-03-26T15:37:45.778+0800][0.108s] CardTable entry size: 512
[2024-03-26T15:37:45.779+0800][0.109s] Using G1
[2024-03-26T15:37:48.609+0800][2.950s] Version: 22+36-2370 (release)
[2024-03-26T15:37:48.609+0800][2.950s] CPUs: 8 total, 8 available
[2024-03-26T15:37:48.609+0800][2.950s] Memory: 6020M
[2024-03-26T15:37:48.609+0800][2.950s] Large Page Support: Disabled
[2024-03-26T15:37:48.609+0800][2.951s] NUMA Support: Disabled
[2024-03-26T15:37:48.609+0800][2.951s] Compressed Oops: Enabled (32-bit)
[2024-03-26T15:37:48.609+0800][2.951s] Heap Region Size: 1M
[2024-03-26T15:37:48.609+0800][2.951s] Heap Min Capacity: 512M
[2024-03-26T15:37:48.609+0800][2.951s] Heap Initial Capacity: 512M
[2024-03-26T15:37:48.609+0800][2.951s] Heap Max Capacity: 512M
[2024-03-26T15:37:48.609+0800][2.952s] Pre-touch: Enabled
[2024-03-26T15:37:48.609+0800][2.952s] Parallel Workers: 8
[2024-03-26T15:37:48.609+0800][2.952s] Concurrent Workers: 2
[2024-03-26T15:37:48.609+0800][2.952s] Concurrent Refinement Workers: 8
[2024-03-26T15:37:48.609+0800][2.952s] Periodic GC: Disabled
[2024-03-26T15:37:48.640+0800][2.985s] CDS archive(s) mapped at: [0x0000024d80000000-0x0000024d80c60000-0x0000024d80c60000), size 12976128, SharedBaseAddress: 0x0000024d80000000, ArchiveRelocationMode: 1.
[2024-03-26T15:37:48.640+0800][2.985s] Compressed class space mapped at: 0x0000024d81000000-0x0000024dc1000000, reserved size: 1073741824
[2024-03-26T15:37:48.640+0800][2.986s] Narrow klass base: 0x0000024d80000000, Narrow klass shift: 0, Narrow klass range: 0x41000000
[2024-03-26T15:38:02.687+0800][17.031s] GC(0) Pause Young (Normal) (G1 Evacuation Pause)
[2024-03-26T15:38:02.703+0800][17.032s] GC(0) Using 8 workers of 8 for evacuation
[2024-03-26T15:38:02.703+0800][17.043s] GC(0)   Pre Evacuate Collection Set: 0.40ms
[2024-03-26T15:38:02.703+0800][17.043s] GC(0)   Merge Heap Roots: 0.29ms
[2024-03-26T15:38:02.703+0800][17.043s] GC(0)   Evacuate Collection Set: 7.72ms
[2024-03-26T15:38:02.703+0800][17.043s] GC(0)   Post Evacuate Collection Set: 1.50ms
[2024-03-26T15:38:02.703+0800][17.043s] GC(0)   Other: 1.91ms
[2024-03-26T15:38:02.703+0800][17.044s] GC(0) Eden regions: 30->0(41)
[2024-03-26T15:38:02.703+0800][17.044s] GC(0) Survivor regions: 0->4(4)
[2024-03-26T15:38:02.703+0800][17.044s] GC(0) Old regions: 0->1
[2024-03-26T15:38:02.703+0800][17.044s] GC(0) Humongous regions: 0->0
[2024-03-26T15:38:02.703+0800][17.044s] GC(0) Metaspace: 10059K(10304K)->10059K(10304K) NonClass: 8876K(9024K)->8876K(9024K) Class: 1182K(1280K)->1182K(1280K)
[2024-03-26T15:38:02.703+0800][17.044s] GC(0) Pause Young (Normal) (G1 Evacuation Pause) 30M->4M(512M) 13.751ms
[2024-03-26T15:38:02.703+0800][17.044s] GC(0) User=0.00s Sys=0.00s Real=0.02s
[2024-03-26T15:38:05.886+0800][20.219s] GC(1) Pause Young (Normal) (G1 Evacuation Pause)
[2024-03-26T15:38:05.886+0800][20.219s] GC(1) Using 8 workers of 8 for evacuation
[2024-03-26T15:38:05.902+0800][20.245s] GC(1)   Pre Evacuate Collection Set: 0.35ms
[2024-03-26T15:38:05.902+0800][20.245s] GC(1)   Merge Heap Roots: 0.18ms
[2024-03-26T15:38:05.902+0800][20.245s] GC(1)   Evacuate Collection Set: 22.58ms
[2024-03-26T15:38:05.902+0800][20.245s] GC(1)   Post Evacuate Collection Set: 1.99ms
[2024-03-26T15:38:05.902+0800][20.246s] GC(1)   Other: 0.49ms
[2024-03-26T15:38:05.902+0800][20.246s] GC(1) Eden regions: 41->0(71)
[2024-03-26T15:38:05.902+0800][20.246s] GC(1) Survivor regions: 4->6(6)
[2024-03-26T15:38:05.902+0800][20.246s] GC(1) Old regions: 1->9
[2024-03-26T15:38:05.902+0800][20.246s] GC(1) Humongous regions: 4->4
[2024-03-26T15:38:05.902+0800][20.246s] GC(1) Metaspace: 19150K(19520K)->19150K(19520K) NonClass: 16872K(17088K)->16872K(17088K) Class: 2278K(2432K)->2278K(2432K)
[2024-03-26T15:38:05.902+0800][20.246s] GC(1) Pause Young (Normal) (G1 Evacuation Pause) 49M->18M(512M) 27.107ms
[2024-03-26T15:38:05.902+0800][20.247s] GC(1) User=0.09s Sys=0.00s Real=0.02s
[2024-03-26T15:38:07.877+0800][22.210s] GC(2) Pause Young (Normal) (G1 Evacuation Pause)
[2024-03-26T15:38:07.877+0800][22.210s] GC(2) Using 8 workers of 8 for evacuation
[2024-03-26T15:38:07.877+0800][22.219s] GC(2)   Pre Evacuate Collection Set: 0.40ms
[2024-03-26T15:38:07.877+0800][22.219s] GC(2)   Merge Heap Roots: 0.15ms
[2024-03-26T15:38:07.877+0800][22.219s] GC(2)   Evacuate Collection Set: 6.25ms
[2024-03-26T15:38:07.877+0800][22.219s] GC(2)   Post Evacuate Collection Set: 0.98ms
[2024-03-26T15:38:07.877+0800][22.219s] GC(2)   Other: 0.58ms
[2024-03-26T15:38:07.877+0800][22.219s] GC(2) Eden regions: 70->0(302)
[2024-03-26T15:38:07.877+0800][22.219s] GC(2) Survivor regions: 6->5(10)
[2024-03-26T15:38:07.877+0800][22.220s] GC(2) Old regions: 9->16
[2024-03-26T15:38:07.877+0800][22.220s] GC(2) Humongous regions: 4->4
[2024-03-26T15:38:07.877+0800][22.220s] GC(2) Metaspace: 19415K(19840K)->19415K(19840K) NonClass: 17131K(17344K)->17131K(17344K) Class: 2284K(2496K)->2284K(2496K)
[2024-03-26T15:38:07.877+0800][22.220s] GC(2) Pause Young (Normal) (G1 Evacuation Pause) 88M->24M(512M) 9.787ms
[2024-03-26T15:38:07.877+0800][22.220s] GC(2) User=0.00s Sys=0.00s Real=0.00s
[2024-03-26T15:38:08.754+0800][23.087s] GC(3) Pause Young (Concurrent Start) (Metadata GC Threshold)
[2024-03-26T15:38:08.754+0800][23.087s] GC(3) Using 8 workers of 8 for evacuation
[2024-03-26T15:38:08.754+0800][23.094s] GC(3)   Pre Evacuate Collection Set: 0.40ms
[2024-03-26T15:38:08.754+0800][23.094s] GC(3)   Merge Heap Roots: 0.15ms
[2024-03-26T15:38:08.754+0800][23.094s] GC(3)   Evacuate Collection Set: 4.71ms
[2024-03-26T15:38:08.754+0800][23.094s] GC(3)   Post Evacuate Collection Set: 1.10ms
[2024-03-26T15:38:08.754+0800][23.094s] GC(3)   Other: 0.45ms
[2024-03-26T15:38:08.754+0800][23.094s] GC(3) Eden regions: 15->0(302)
[2024-03-26T15:38:08.754+0800][23.094s] GC(3) Survivor regions: 5->5(39)
[2024-03-26T15:38:08.754+0800][23.094s] GC(3) Old regions: 16->16
[2024-03-26T15:38:08.754+0800][23.094s] GC(3) Humongous regions: 4->4
[2024-03-26T15:38:08.754+0800][23.094s] GC(3) Metaspace: 21081K(21504K)->21081K(21504K) NonClass: 18585K(18816K)->18585K(18816K) Class: 2496K(2688K)->2496K(2688K)
[2024-03-26T15:38:08.754+0800][23.095s] GC(3) Pause Young (Concurrent Start) (Metadata GC Threshold) 38M->24M(512M) 7.952ms
[2024-03-26T15:38:08.754+0800][23.095s] GC(3) User=0.00s Sys=0.00s Real=0.00s
[2024-03-26T15:38:08.754+0800][23.095s] GC(4) Concurrent Mark Cycle
[2024-03-26T15:38:08.754+0800][23.095s] GC(4) Concurrent Scan Root Regions
[2024-03-26T15:38:08.754+0800][23.098s] GC(4) Concurrent Scan Root Regions 2.750ms
[2024-03-26T15:38:08.754+0800][23.098s] GC(4) Concurrent Mark
[2024-03-26T15:38:08.754+0800][23.098s] GC(4) Concurrent Mark From Roots
[2024-03-26T15:38:08.754+0800][23.098s] GC(4) Using 2 workers of 2 for marking
[2024-03-26T15:38:08.801+0800][23.145s] GC(4) Concurrent Mark From Roots 47.237ms
[2024-03-26T15:38:08.801+0800][23.145s] GC(4) Concurrent Preclean
[2024-03-26T15:38:08.801+0800][23.146s] GC(4) Concurrent Preclean 0.189ms
[2024-03-26T15:38:08.801+0800][23.146s] GC(4) Pause Remark
[2024-03-26T15:38:08.817+0800][23.154s] GC(4) Pause Remark 26M->26M(512M) 7.839ms
[2024-03-26T15:38:08.817+0800][23.154s] GC(4) User=0.00s Sys=0.00s Real=0.02s
[2024-03-26T15:38:08.817+0800][23.154s] GC(4) Concurrent Mark 56.336ms
[2024-03-26T15:38:08.817+0800][23.154s] GC(4) Concurrent Rebuild Remembered Sets and Scrub Regions
[2024-03-26T15:38:08.835+0800][23.170s] GC(4) Concurrent Rebuild Remembered Sets and Scrub Regions 15.446ms
[2024-03-26T15:38:08.835+0800][23.170s] GC(4) Pause Cleanup
[2024-03-26T15:38:08.835+0800][23.171s] GC(4) Pause Cleanup 27M->27M(512M) 0.486ms
[2024-03-26T15:38:08.835+0800][23.171s] GC(4) User=0.00s Sys=0.00s Real=0.00s
[2024-03-26T15:38:08.835+0800][23.171s] GC(4) Concurrent Clear Claimed Marks
[2024-03-26T15:38:08.835+0800][23.171s] GC(4) Concurrent Clear Claimed Marks 0.163ms
[2024-03-26T15:38:08.835+0800][23.171s] GC(4) Concurrent Cleanup for Next Mark
[2024-03-26T15:38:08.835+0800][23.173s] GC(4) Concurrent Cleanup for Next Mark 1.496ms
[2024-03-26T15:38:08.835+0800][23.173s] GC(4) Concurrent Mark Cycle 78.293ms
[2024-03-26T15:38:34.938+0800][49.271s] GC(5) Pause Young (Prepare Mixed) (Metadata GC Threshold)
[2024-03-26T15:38:34.938+0800][49.271s] GC(5) Using 8 workers of 8 for evacuation
[2024-03-26T15:38:34.938+0800][49.283s] GC(5)   Pre Evacuate Collection Set: 0.39ms
[2024-03-26T15:38:34.938+0800][49.283s] GC(5)   Merge Heap Roots: 0.23ms
[2024-03-26T15:38:34.938+0800][49.283s] GC(5)   Evacuate Collection Set: 9.34ms
[2024-03-26T15:38:34.938+0800][49.284s] GC(5)   Post Evacuate Collection Set: 1.57ms
[2024-03-26T15:38:34.954+0800][49.284s] GC(5)   Other: 0.45ms
[2024-03-26T15:38:34.954+0800][49.284s] GC(5) Eden regions: 106->0(295)
[2024-03-26T15:38:34.954+0800][49.284s] GC(5) Survivor regions: 5->12(39)
[2024-03-26T15:38:34.954+0800][49.284s] GC(5) Old regions: 16->16
[2024-03-26T15:38:34.954+0800][49.284s] GC(5) Humongous regions: 4->4
[2024-03-26T15:38:34.954+0800][49.284s] GC(5) Metaspace: 35616K(36160K)->35616K(36160K) NonClass: 31341K(31616K)->31341K(31616K) Class: 4275K(4544K)->4275K(4544K)
[2024-03-26T15:38:34.954+0800][49.284s] GC(5) Pause Young (Prepare Mixed) (Metadata GC Threshold) 130M->30M(512M) 13.682ms
[2024-03-26T15:38:34.954+0800][49.285s] GC(5) User=0.00s Sys=0.00s Real=0.02s
[2024-03-26T15:38:35.121+0800][49.451s] GC(6) Pause Young (Mixed) (Metadata GC Threshold)
[2024-03-26T15:38:35.121+0800][49.451s] GC(6) Using 8 workers of 8 for evacuation
[2024-03-26T15:38:35.132+0800][49.462s] GC(6)   Pre Evacuate Collection Set: 0.34ms
[2024-03-26T15:38:35.132+0800][49.462s] GC(6)   Merge Heap Roots: 0.13ms
[2024-03-26T15:38:35.132+0800][49.462s] GC(6)   Evacuate Collection Set: 8.49ms
[2024-03-26T15:38:35.132+0800][49.462s] GC(6)   Post Evacuate Collection Set: 1.36ms
[2024-03-26T15:38:35.132+0800][49.462s] GC(6)   Other: 0.48ms
[2024-03-26T15:38:35.132+0800][49.463s] GC(6) Eden regions: 4->0(295)
[2024-03-26T15:38:35.133+0800][49.463s] GC(6) Survivor regions: 12->12(39)
[2024-03-26T15:38:35.133+0800][49.463s] GC(6) Old regions: 16->16
[2024-03-26T15:38:35.133+0800][49.463s] GC(6) Humongous regions: 4->4
[2024-03-26T15:38:35.133+0800][49.463s] GC(6) Metaspace: 36014K(36480K)->36014K(36480K) NonClass: 31706K(31936K)->31706K(31936K) Class: 4308K(4544K)->4308K(4544K)
[2024-03-26T15:38:35.133+0800][49.463s] GC(6) Pause Young (Mixed) (Metadata GC Threshold) 34M->30M(512M) 12.113ms
[2024-03-26T15:38:35.133+0800][49.463s] GC(6) User=0.02s Sys=0.00s Real=0.01s
[2024-03-26T15:38:35.358+0800][49.689s] GC(7) Pause Young (Concurrent Start) (Metadata GC Threshold)
[2024-03-26T15:38:35.358+0800][49.689s] GC(7) Using 8 workers of 8 for evacuation
[2024-03-26T15:38:35.368+0800][49.699s] GC(7)   Pre Evacuate Collection Set: 0.35ms
[2024-03-26T15:38:35.368+0800][49.699s] GC(7)   Merge Heap Roots: 0.16ms
[2024-03-26T15:38:35.369+0800][49.699s] GC(7)   Evacuate Collection Set: 7.27ms
[2024-03-26T15:38:35.369+0800][49.699s] GC(7)   Post Evacuate Collection Set: 1.55ms
[2024-03-26T15:38:35.369+0800][49.699s] GC(7)   Other: 0.47ms
[2024-03-26T15:38:35.369+0800][49.699s] GC(7) Eden regions: 3->0(295)
[2024-03-26T15:38:35.369+0800][49.699s] GC(7) Survivor regions: 12->12(39)
[2024-03-26T15:38:35.369+0800][49.699s] GC(7) Old regions: 16->16
[2024-03-26T15:38:35.369+0800][49.699s] GC(7) Humongous regions: 4->4
[2024-03-26T15:38:35.369+0800][49.700s] GC(7) Metaspace: 36297K(36800K)->36297K(36800K) NonClass: 31957K(32256K)->31957K(32256K) Class: 4339K(4544K)->4339K(4544K)
[2024-03-26T15:38:35.369+0800][49.700s] GC(7) Pause Young (Concurrent Start) (Metadata GC Threshold) 33M->31M(512M) 11.097ms
[2024-03-26T15:38:35.370+0800][49.700s] GC(7) User=0.00s Sys=0.00s Real=0.01s
[2024-03-26T15:38:35.370+0800][49.700s] GC(8) Concurrent Mark Cycle
[2024-03-26T15:38:35.370+0800][49.700s] GC(8) Concurrent Scan Root Regions
[2024-03-26T15:38:35.378+0800][49.708s] GC(8) Concurrent Scan Root Regions 7.884ms
[2024-03-26T15:38:35.378+0800][49.708s] GC(8) Concurrent Mark
[2024-03-26T15:38:35.378+0800][49.708s] GC(8) Concurrent Mark From Roots
[2024-03-26T15:38:35.378+0800][49.708s] GC(8) Using 2 workers of 2 for marking
[2024-03-26T15:38:35.433+0800][49.763s] GC(8) Concurrent Mark From Roots 54.269ms
[2024-03-26T15:38:35.433+0800][49.763s] GC(8) Concurrent Preclean
[2024-03-26T15:38:35.433+0800][49.763s] GC(8) Concurrent Preclean 0.197ms
[2024-03-26T15:38:35.436+0800][49.766s] GC(8) Pause Remark
[2024-03-26T15:38:35.446+0800][49.776s] GC(8) Pause Remark 33M->33M(512M) 10.598ms
[2024-03-26T15:38:35.446+0800][49.776s] GC(8) User=0.00s Sys=0.00s Real=0.01s
[2024-03-26T15:38:35.447+0800][49.777s] GC(8) Concurrent Mark 68.474ms
[2024-03-26T15:38:35.447+0800][49.777s] GC(8) Concurrent Rebuild Remembered Sets and Scrub Regions
[2024-03-26T15:38:35.463+0800][49.793s] GC(8) Concurrent Rebuild Remembered Sets and Scrub Regions 16.403ms
[2024-03-26T15:38:35.467+0800][49.797s] GC(8) Pause Cleanup
[2024-03-26T15:38:35.467+0800][49.797s] GC(8) Pause Cleanup 34M->34M(512M) 0.450ms
[2024-03-26T15:38:35.467+0800][49.797s] GC(8) User=0.00s Sys=0.00s Real=0.00s
[2024-03-26T15:38:35.467+0800][49.797s] GC(8) Concurrent Clear Claimed Marks
[2024-03-26T15:38:35.468+0800][49.798s] GC(8) Concurrent Clear Claimed Marks 0.188ms
[2024-03-26T15:38:35.468+0800][49.798s] GC(8) Concurrent Cleanup for Next Mark
[2024-03-26T15:38:35.469+0800][49.799s] GC(8) Concurrent Cleanup for Next Mark 1.420ms
[2024-03-26T15:38:35.469+0800][49.799s] GC(8) Concurrent Mark Cycle 99.533ms
