[2024-03-26T15:21:54.384+0800][0.078s] CardTable entry size: 512
[2024-03-26T15:21:54.384+0800][0.080s] Using G1
[2024-03-26T15:21:55.954+0800][1.638s] Version: 22+36-2370 (release)
[2024-03-26T15:21:55.954+0800][1.638s] CPUs: 8 total, 8 available
[2024-03-26T15:21:55.954+0800][1.638s] Memory: 6020M
[2024-03-26T15:21:55.954+0800][1.639s] Large Page Support: Disabled
[2024-03-26T15:21:55.954+0800][1.639s] NUMA Support: Disabled
[2024-03-26T15:21:55.954+0800][1.639s] Compressed Oops: Enabled (32-bit)
[2024-03-26T15:21:55.954+0800][1.639s] Heap Region Size: 1M
[2024-03-26T15:21:55.954+0800][1.639s] Heap Min Capacity: 512M
[2024-03-26T15:21:55.954+0800][1.639s] Heap Initial Capacity: 512M
[2024-03-26T15:21:55.954+0800][1.639s] Heap Max Capacity: 512M
[2024-03-26T15:21:55.954+0800][1.641s] Pre-touch: Enabled
[2024-03-26T15:21:55.954+0800][1.641s] Parallel Workers: 8
[2024-03-26T15:21:55.954+0800][1.641s] Concurrent Workers: 2
[2024-03-26T15:21:55.954+0800][1.641s] Concurrent Refinement Workers: 8
[2024-03-26T15:21:55.954+0800][1.641s] Periodic GC: Disabled
[2024-03-26T15:21:55.985+0800][1.676s] CDS archive(s) mapped at: [0x00000195bc000000-0x00000195bcc60000-0x00000195bcc60000), size 12976128, SharedBaseAddress: 0x00000195bc000000, ArchiveRelocationMode: 1.
[2024-03-26T15:21:55.985+0800][1.676s] Compressed class space mapped at: 0x00000195bd000000-0x00000195fd000000, reserved size: 1073741824
[2024-03-26T15:21:55.985+0800][1.676s] Narrow klass base: 0x00000195bc000000, Narrow klass shift: 0, Narrow klass range: 0x41000000
[2024-03-26T15:22:09.469+0800][15.159s] GC(0) Pause Young (Normal) (G1 Evacuation Pause)
[2024-03-26T15:22:09.469+0800][15.161s] GC(0) Using 8 workers of 8 for evacuation
[2024-03-26T15:22:09.485+0800][15.171s] GC(0)   Pre Evacuate Collection Set: 0.37ms
[2024-03-26T15:22:09.485+0800][15.171s] GC(0)   Merge Heap Roots: 0.20ms
[2024-03-26T15:22:09.485+0800][15.172s] GC(0)   Evacuate Collection Set: 7.97ms
[2024-03-26T15:22:09.485+0800][15.172s] GC(0)   Post Evacuate Collection Set: 1.28ms
[2024-03-26T15:22:09.485+0800][15.172s] GC(0)   Other: 1.61ms
[2024-03-26T15:22:09.485+0800][15.172s] GC(0) Eden regions: 30->0(41)
[2024-03-26T15:22:09.485+0800][15.172s] GC(0) Survivor regions: 0->4(4)
[2024-03-26T15:22:09.485+0800][15.172s] GC(0) Old regions: 0->1
[2024-03-26T15:22:09.485+0800][15.172s] GC(0) Humongous regions: 0->0
[2024-03-26T15:22:09.485+0800][15.172s] GC(0) Metaspace: 9980K(10240K)->9980K(10240K) NonClass: 8806K(8960K)->8806K(8960K) Class: 1174K(1280K)->1174K(1280K)
[2024-03-26T15:22:09.485+0800][15.172s] GC(0) Pause Young (Normal) (G1 Evacuation Pause) 30M->4M(512M) 12.959ms
[2024-03-26T15:22:09.485+0800][15.172s] GC(0) User=0.02s Sys=0.00s Real=0.02s
[2024-03-26T15:22:11.981+0800][17.671s] GC(1) Pause Young (Normal) (G1 Evacuation Pause)
[2024-03-26T15:22:11.981+0800][17.671s] GC(1) Using 8 workers of 8 for evacuation
[2024-03-26T15:22:11.996+0800][17.690s] GC(1)   Pre Evacuate Collection Set: 0.39ms
[2024-03-26T15:22:11.996+0800][17.690s] GC(1)   Merge Heap Roots: 0.19ms
[2024-03-26T15:22:11.996+0800][17.690s] GC(1)   Evacuate Collection Set: 17.18ms
[2024-03-26T15:22:11.996+0800][17.691s] GC(1)   Post Evacuate Collection Set: 1.39ms
[2024-03-26T15:22:11.996+0800][17.691s] GC(1)   Other: 0.37ms
[2024-03-26T15:22:11.996+0800][17.691s] GC(1) Eden regions: 41->0(66)
[2024-03-26T15:22:11.996+0800][17.691s] GC(1) Survivor regions: 4->6(6)
[2024-03-26T15:22:11.996+0800][17.691s] GC(1) Old regions: 1->9
[2024-03-26T15:22:11.996+0800][17.691s] GC(1) Humongous regions: 4->4
[2024-03-26T15:22:11.996+0800][17.691s] GC(1) Metaspace: 19101K(19456K)->19101K(19456K) NonClass: 16831K(17024K)->16831K(17024K) Class: 2270K(2432K)->2270K(2432K)
[2024-03-26T15:22:11.996+0800][17.691s] GC(1) Pause Young (Normal) (G1 Evacuation Pause) 49M->18M(512M) 20.637ms
[2024-03-26T15:22:11.996+0800][17.691s] GC(1) User=0.02s Sys=0.00s Real=0.02s
[2024-03-26T15:22:13.412+0800][19.098s] GC(2) Pause Young (Normal) (G1 Evacuation Pause)
[2024-03-26T15:22:13.412+0800][19.098s] GC(2) Using 8 workers of 8 for evacuation
[2024-03-26T15:22:13.412+0800][19.108s] GC(2)   Pre Evacuate Collection Set: 0.35ms
[2024-03-26T15:22:13.412+0800][19.108s] GC(2)   Merge Heap Roots: 0.18ms
[2024-03-26T15:22:13.412+0800][19.108s] GC(2)   Evacuate Collection Set: 7.51ms
[2024-03-26T15:22:13.412+0800][19.108s] GC(2)   Post Evacuate Collection Set: 0.87ms
[2024-03-26T15:22:13.412+0800][19.108s] GC(2)   Other: 0.46ms
[2024-03-26T15:22:13.412+0800][19.108s] GC(2) Eden regions: 63->0(302)
[2024-03-26T15:22:13.412+0800][19.108s] GC(2) Survivor regions: 6->5(9)
[2024-03-26T15:22:13.412+0800][19.108s] GC(2) Old regions: 9->16
[2024-03-26T15:22:13.412+0800][19.108s] GC(2) Humongous regions: 4->4
[2024-03-26T15:22:13.412+0800][19.108s] GC(2) Metaspace: 19303K(19776K)->19303K(19776K) NonClass: 17029K(17280K)->17029K(17280K) Class: 2273K(2496K)->2273K(2496K)
[2024-03-26T15:22:13.412+0800][19.109s] GC(2) Pause Young (Normal) (G1 Evacuation Pause) 81M->23M(512M) 10.482ms
[2024-03-26T15:22:13.412+0800][19.109s] GC(2) User=0.02s Sys=0.00s Real=0.00s
[2024-03-26T15:22:14.332+0800][20.024s] GC(3) Pause Young (Concurrent Start) (Metadata GC Threshold)
[2024-03-26T15:22:14.332+0800][20.024s] GC(3) Using 8 workers of 8 for evacuation
[2024-03-26T15:22:14.347+0800][20.030s] GC(3)   Pre Evacuate Collection Set: 0.37ms
[2024-03-26T15:22:14.347+0800][20.030s] GC(3)   Merge Heap Roots: 0.15ms
[2024-03-26T15:22:14.347+0800][20.030s] GC(3)   Evacuate Collection Set: 4.30ms
[2024-03-26T15:22:14.347+0800][20.030s] GC(3)   Post Evacuate Collection Set: 1.06ms
[2024-03-26T15:22:14.347+0800][20.030s] GC(3)   Other: 0.43ms
[2024-03-26T15:22:14.347+0800][20.031s] GC(3) Eden regions: 21->0(302)
[2024-03-26T15:22:14.347+0800][20.031s] GC(3) Survivor regions: 5->5(39)
[2024-03-26T15:22:14.347+0800][20.031s] GC(3) Old regions: 16->16
[2024-03-26T15:22:14.347+0800][20.031s] GC(3) Humongous regions: 4->4
[2024-03-26T15:22:14.347+0800][20.031s] GC(3) Metaspace: 21110K(21504K)->21110K(21504K) NonClass: 18607K(18816K)->18607K(18816K) Class: 2502K(2688K)->2502K(2688K)
[2024-03-26T15:22:14.347+0800][20.031s] GC(3) Pause Young (Concurrent Start) (Metadata GC Threshold) 44M->24M(512M) 7.489ms
[2024-03-26T15:22:14.347+0800][20.031s] GC(4) Concurrent Mark Cycle
[2024-03-26T15:22:14.347+0800][20.031s] GC(3) User=0.00s Sys=0.02s Real=0.01s
[2024-03-26T15:22:14.347+0800][20.031s] GC(4) Concurrent Scan Root Regions
[2024-03-26T15:22:14.347+0800][20.034s] GC(4) Concurrent Scan Root Regions 2.399ms
[2024-03-26T15:22:14.347+0800][20.034s] GC(4) Concurrent Mark
[2024-03-26T15:22:14.347+0800][20.034s] GC(4) Concurrent Mark From Roots
[2024-03-26T15:22:14.347+0800][20.034s] GC(4) Using 2 workers of 2 for marking
[2024-03-26T15:22:14.395+0800][20.077s] GC(4) Concurrent Mark From Roots 42.916ms
[2024-03-26T15:22:14.395+0800][20.077s] GC(4) Concurrent Preclean
[2024-03-26T15:22:14.395+0800][20.077s] GC(4) Concurrent Preclean 0.207ms
[2024-03-26T15:22:14.395+0800][20.078s] GC(4) Pause Remark
[2024-03-26T15:22:14.395+0800][20.084s] GC(4) Pause Remark 25M->25M(512M) 6.202ms
[2024-03-26T15:22:14.395+0800][20.084s] GC(4) User=0.00s Sys=0.00s Real=0.00s
[2024-03-26T15:22:14.395+0800][20.084s] GC(4) Concurrent Mark 50.234ms
[2024-03-26T15:22:14.395+0800][20.084s] GC(4) Concurrent Rebuild Remembered Sets and Scrub Regions
[2024-03-26T15:22:14.410+0800][20.095s] GC(4) Concurrent Rebuild Remembered Sets and Scrub Regions 10.786ms
[2024-03-26T15:22:14.410+0800][20.095s] GC(4) Pause Cleanup
[2024-03-26T15:22:14.410+0800][20.096s] GC(4) Pause Cleanup 26M->26M(512M) 0.396ms
[2024-03-26T15:22:14.410+0800][20.096s] GC(4) User=0.00s Sys=0.00s Real=0.00s
[2024-03-26T15:22:14.410+0800][20.096s] GC(4) Concurrent Clear Claimed Marks
[2024-03-26T15:22:14.410+0800][20.096s] GC(4) Concurrent Clear Claimed Marks 0.152ms
[2024-03-26T15:22:14.410+0800][20.096s] GC(4) Concurrent Cleanup for Next Mark
[2024-03-26T15:22:14.410+0800][20.098s] GC(4) Concurrent Cleanup for Next Mark 1.259ms
[2024-03-26T15:22:14.410+0800][20.098s] GC(4) Concurrent Mark Cycle 66.571ms
[2024-03-26T15:22:38.814+0800][44.503s] GC(5) Pause Young (Prepare Mixed) (Metadata GC Threshold)
[2024-03-26T15:22:38.814+0800][44.503s] GC(5) Using 8 workers of 8 for evacuation
[2024-03-26T15:22:38.830+0800][44.516s] GC(5)   Pre Evacuate Collection Set: 0.40ms
[2024-03-26T15:22:38.830+0800][44.516s] GC(5)   Merge Heap Roots: 0.19ms
[2024-03-26T15:22:38.830+0800][44.516s] GC(5)   Evacuate Collection Set: 9.89ms
[2024-03-26T15:22:38.830+0800][44.516s] GC(5)   Post Evacuate Collection Set: 1.59ms
[2024-03-26T15:22:38.830+0800][44.516s] GC(5)   Other: 0.37ms
[2024-03-26T15:22:38.830+0800][44.516s] GC(5) Eden regions: 90->0(296)
[2024-03-26T15:22:38.830+0800][44.516s] GC(5) Survivor regions: 5->11(39)
[2024-03-26T15:22:38.830+0800][44.516s] GC(5) Old regions: 16->16
[2024-03-26T15:22:38.830+0800][44.516s] GC(5) Humongous regions: 4->4
[2024-03-26T15:22:38.830+0800][44.516s] GC(5) Metaspace: 35796K(36288K)->35796K(36288K) NonClass: 31508K(31744K)->31508K(31744K) Class: 4288K(4544K)->4288K(4544K)
[2024-03-26T15:22:38.830+0800][44.517s] GC(5) Pause Young (Prepare Mixed) (Metadata GC Threshold) 113M->30M(512M) 13.730ms
[2024-03-26T15:22:38.830+0800][44.517s] GC(5) User=0.02s Sys=0.00s Real=0.02s
[2024-03-26T15:22:38.949+0800][44.631s] GC(6) Pause Young (Mixed) (Metadata GC Threshold)
[2024-03-26T15:22:38.950+0800][44.632s] GC(6) Using 8 workers of 8 for evacuation
[2024-03-26T15:22:38.959+0800][44.641s] GC(6)   Pre Evacuate Collection Set: 0.35ms
[2024-03-26T15:22:38.959+0800][44.641s] GC(6)   Merge Heap Roots: 0.14ms
[2024-03-26T15:22:38.959+0800][44.641s] GC(6)   Evacuate Collection Set: 7.73ms
[2024-03-26T15:22:38.959+0800][44.641s] GC(6)   Post Evacuate Collection Set: 1.00ms
[2024-03-26T15:22:38.960+0800][44.642s] GC(6)   Other: 0.30ms
[2024-03-26T15:22:38.960+0800][44.642s] GC(6) Eden regions: 3->0(295)
[2024-03-26T15:22:38.960+0800][44.642s] GC(6) Survivor regions: 11->12(39)
[2024-03-26T15:22:38.960+0800][44.642s] GC(6) Old regions: 16->16
[2024-03-26T15:22:38.960+0800][44.642s] GC(6) Humongous regions: 4->4
[2024-03-26T15:22:38.960+0800][44.642s] GC(6) Metaspace: 36149K(36608K)->36149K(36608K) NonClass: 31829K(32064K)->31829K(32064K) Class: 4319K(4544K)->4319K(4544K)
[2024-03-26T15:22:38.960+0800][44.642s] GC(6) Pause Young (Mixed) (Metadata GC Threshold) 33M->30M(512M) 10.716ms
[2024-03-26T15:22:38.960+0800][44.642s] GC(6) User=0.02s Sys=0.00s Real=0.01s
[2024-03-26T15:22:39.069+0800][44.750s] GC(7) Pause Young (Concurrent Start) (Metadata GC Threshold)
[2024-03-26T15:22:39.069+0800][44.750s] GC(7) Using 8 workers of 8 for evacuation
[2024-03-26T15:22:39.079+0800][44.760s] GC(7)   Pre Evacuate Collection Set: 0.41ms
[2024-03-26T15:22:39.079+0800][44.760s] GC(7)   Merge Heap Roots: 0.15ms
[2024-03-26T15:22:39.079+0800][44.760s] GC(7)   Evacuate Collection Set: 7.41ms
[2024-03-26T15:22:39.079+0800][44.761s] GC(7)   Post Evacuate Collection Set: 1.40ms
[2024-03-26T15:22:39.079+0800][44.761s] GC(7)   Other: 0.46ms
[2024-03-26T15:22:39.079+0800][44.761s] GC(7) Eden regions: 3->0(294)
[2024-03-26T15:22:39.079+0800][44.761s] GC(7) Survivor regions: 12->13(39)
[2024-03-26T15:22:39.079+0800][44.761s] GC(7) Old regions: 16->16
[2024-03-26T15:22:39.079+0800][44.761s] GC(7) Humongous regions: 4->4
[2024-03-26T15:22:39.080+0800][44.761s] GC(7) Metaspace: 36410K(36928K)->36410K(36928K) NonClass: 32054K(32320K)->32054K(32320K) Class: 4355K(4608K)->4355K(4608K)
[2024-03-26T15:22:39.080+0800][44.761s] GC(7) Pause Young (Concurrent Start) (Metadata GC Threshold) 33M->31M(512M) 11.094ms
[2024-03-26T15:22:39.080+0800][44.761s] GC(8) Concurrent Mark Cycle
[2024-03-26T15:22:39.080+0800][44.761s] GC(7) User=0.00s Sys=0.00s Real=0.01s
[2024-03-26T15:22:39.080+0800][44.761s] GC(8) Concurrent Scan Root Regions
[2024-03-26T15:22:39.087+0800][44.769s] GC(8) Concurrent Scan Root Regions 7.318ms
[2024-03-26T15:22:39.087+0800][44.769s] GC(8) Concurrent Mark
[2024-03-26T15:22:39.087+0800][44.769s] GC(8) Concurrent Mark From Roots
[2024-03-26T15:22:39.088+0800][44.769s] GC(8) Using 2 workers of 2 for marking
[2024-03-26T15:22:39.132+0800][44.814s] GC(8) Concurrent Mark From Roots 44.649ms
[2024-03-26T15:22:39.132+0800][44.814s] GC(8) Concurrent Preclean
[2024-03-26T15:22:39.132+0800][44.814s] GC(8) Concurrent Preclean 0.155ms
[2024-03-26T15:22:39.132+0800][44.814s] GC(8) Pause Remark
[2024-03-26T15:22:39.142+0800][44.824s] GC(8) Pause Remark 32M->32M(512M) 10.015ms
[2024-03-26T15:22:39.142+0800][44.824s] GC(8) User=0.00s Sys=0.00s Real=0.01s
[2024-03-26T15:22:39.143+0800][44.825s] GC(8) Concurrent Mark 55.660ms
[2024-03-26T15:22:39.143+0800][44.825s] GC(8) Concurrent Rebuild Remembered Sets and Scrub Regions
[2024-03-26T15:22:39.154+0800][44.836s] GC(8) Concurrent Rebuild Remembered Sets and Scrub Regions 10.834ms
[2024-03-26T15:22:39.154+0800][44.836s] GC(8) Pause Cleanup
[2024-03-26T15:22:39.154+0800][44.836s] GC(8) Pause Cleanup 32M->32M(512M) 0.459ms
[2024-03-26T15:22:39.154+0800][44.836s] GC(8) User=0.00s Sys=0.00s Real=0.00s
[2024-03-26T15:22:39.155+0800][44.837s] GC(8) Concurrent Clear Claimed Marks
[2024-03-26T15:22:39.155+0800][44.837s] GC(8) Concurrent Clear Claimed Marks 0.141ms
[2024-03-26T15:22:39.155+0800][44.837s] GC(8) Concurrent Cleanup for Next Mark
[2024-03-26T15:22:39.156+0800][44.838s] GC(8) Concurrent Cleanup for Next Mark 1.345ms
[2024-03-26T15:22:39.156+0800][44.838s] GC(8) Concurrent Mark Cycle 77.097ms
[2024-03-26T15:24:52.689+0800][0.078s] CardTable entry size: 512
[2024-03-26T15:24:52.690+0800][0.079s] Using G1
[2024-03-26T15:24:54.246+0800][1.635s] Version: 22+36-2370 (release)
[2024-03-26T15:24:54.246+0800][1.636s] CPUs: 8 total, 8 available
[2024-03-26T15:24:54.246+0800][1.636s] Memory: 6020M
[2024-03-26T15:24:54.246+0800][1.636s] Large Page Support: Disabled
[2024-03-26T15:24:54.247+0800][1.636s] NUMA Support: Disabled
[2024-03-26T15:24:54.247+0800][1.636s] Compressed Oops: Enabled (32-bit)
[2024-03-26T15:24:54.247+0800][1.636s] Heap Region Size: 1M
[2024-03-26T15:24:54.247+0800][1.636s] Heap Min Capacity: 512M
[2024-03-26T15:24:54.247+0800][1.636s] Heap Initial Capacity: 512M
[2024-03-26T15:24:54.247+0800][1.636s] Heap Max Capacity: 512M
[2024-03-26T15:24:54.247+0800][1.637s] Pre-touch: Enabled
[2024-03-26T15:24:54.247+0800][1.637s] Parallel Workers: 8
[2024-03-26T15:24:54.248+0800][1.637s] Concurrent Workers: 2
[2024-03-26T15:24:54.248+0800][1.637s] Concurrent Refinement Workers: 8
[2024-03-26T15:24:54.248+0800][1.637s] Periodic GC: Disabled
[2024-03-26T15:24:54.282+0800][1.671s] CDS archive(s) mapped at: [0x000001b398000000-0x000001b398c60000-0x000001b398c60000), size 12976128, SharedBaseAddress: 0x000001b398000000, ArchiveRelocationMode: 1.
[2024-03-26T15:24:54.282+0800][1.671s] Compressed class space mapped at: 0x000001b399000000-0x000001b3d9000000, reserved size: 1073741824
[2024-03-26T15:24:54.282+0800][1.671s] Narrow klass base: 0x000001b398000000, Narrow klass shift: 0, Narrow klass range: 0x41000000
[2024-03-26T15:25:07.684+0800][15.073s] GC(0) Pause Young (Normal) (G1 Evacuation Pause)
[2024-03-26T15:25:07.686+0800][15.075s] GC(0) Using 8 workers of 8 for evacuation
[2024-03-26T15:25:07.695+0800][15.085s] GC(0)   Pre Evacuate Collection Set: 0.27ms
[2024-03-26T15:25:07.695+0800][15.085s] GC(0)   Merge Heap Roots: 0.24ms
[2024-03-26T15:25:07.695+0800][15.085s] GC(0)   Evacuate Collection Set: 7.12ms
[2024-03-26T15:25:07.696+0800][15.085s] GC(0)   Post Evacuate Collection Set: 1.33ms
[2024-03-26T15:25:07.696+0800][15.085s] GC(0)   Other: 1.98ms
[2024-03-26T15:25:07.696+0800][15.085s] GC(0) Eden regions: 30->0(41)
[2024-03-26T15:25:07.696+0800][15.085s] GC(0) Survivor regions: 0->4(4)
[2024-03-26T15:25:07.696+0800][15.085s] GC(0) Old regions: 0->1
[2024-03-26T15:25:07.696+0800][15.085s] GC(0) Humongous regions: 0->0
[2024-03-26T15:25:07.696+0800][15.086s] GC(0) Metaspace: 9992K(10240K)->9992K(10240K) NonClass: 8816K(8960K)->8816K(8960K) Class: 1176K(1280K)->1176K(1280K)
[2024-03-26T15:25:07.696+0800][15.086s] GC(0) Pause Young (Normal) (G1 Evacuation Pause) 30M->4M(512M) 12.503ms
[2024-03-26T15:25:07.696+0800][15.086s] GC(0) User=0.02s Sys=0.00s Real=0.01s
[2024-03-26T15:25:10.484+0800][17.873s] GC(1) Pause Young (Normal) (G1 Evacuation Pause)
[2024-03-26T15:25:10.484+0800][17.873s] GC(1) Using 8 workers of 8 for evacuation
[2024-03-26T15:25:10.504+0800][17.893s] GC(1)   Pre Evacuate Collection Set: 0.38ms
[2024-03-26T15:25:10.504+0800][17.893s] GC(1)   Merge Heap Roots: 0.20ms
[2024-03-26T15:25:10.504+0800][17.893s] GC(1)   Evacuate Collection Set: 17.36ms
[2024-03-26T15:25:10.505+0800][17.893s] GC(1)   Post Evacuate Collection Set: 1.48ms
[2024-03-26T15:25:10.505+0800][17.893s] GC(1)   Other: 0.39ms
[2024-03-26T15:25:10.505+0800][17.893s] GC(1) Eden regions: 41->0(66)
[2024-03-26T15:25:10.505+0800][17.893s] GC(1) Survivor regions: 4->6(6)
[2024-03-26T15:25:10.505+0800][17.893s] GC(1) Old regions: 1->9
[2024-03-26T15:25:10.505+0800][17.894s] GC(1) Humongous regions: 4->4
[2024-03-26T15:25:10.505+0800][17.894s] GC(1) Metaspace: 19133K(19520K)->19133K(19520K) NonClass: 16856K(17088K)->16856K(17088K) Class: 2276K(2432K)->2276K(2432K)
[2024-03-26T15:25:10.505+0800][17.894s] GC(1) Pause Young (Normal) (G1 Evacuation Pause) 49M->19M(512M) 21.026ms
[2024-03-26T15:25:10.505+0800][17.894s] GC(1) User=0.03s Sys=0.00s Real=0.02s
[2024-03-26T15:25:11.663+0800][19.052s] GC(2) Pause Young (Normal) (G1 Evacuation Pause)
[2024-03-26T15:25:11.663+0800][19.052s] GC(2) Using 8 workers of 8 for evacuation
[2024-03-26T15:25:11.675+0800][19.064s] GC(2)   Pre Evacuate Collection Set: 0.41ms
[2024-03-26T15:25:11.675+0800][19.064s] GC(2)   Merge Heap Roots: 0.18ms
[2024-03-26T15:25:11.676+0800][19.064s] GC(2)   Evacuate Collection Set: 9.77ms
[2024-03-26T15:25:11.676+0800][19.064s] GC(2)   Post Evacuate Collection Set: 1.19ms
[2024-03-26T15:25:11.676+0800][19.064s] GC(2)   Other: 0.38ms
[2024-03-26T15:25:11.676+0800][19.064s] GC(2) Eden regions: 64->0(204)
[2024-03-26T15:25:11.676+0800][19.064s] GC(2) Survivor regions: 6->5(9)
[2024-03-26T15:25:11.676+0800][19.065s] GC(2) Old regions: 9->16
[2024-03-26T15:25:11.676+0800][19.065s] GC(2) Humongous regions: 4->4
[2024-03-26T15:25:11.676+0800][19.065s] GC(2) Metaspace: 19314K(19712K)->19314K(19712K) NonClass: 17032K(17280K)->17032K(17280K) Class: 2282K(2432K)->2282K(2432K)
[2024-03-26T15:25:11.676+0800][19.065s] GC(2) Pause Young (Normal) (G1 Evacuation Pause) 83M->24M(512M) 13.371ms
[2024-03-26T15:25:11.677+0800][19.065s] GC(2) User=0.00s Sys=0.00s Real=0.01s
[2024-03-26T15:25:13.100+0800][20.489s] GC(3) Pause Young (Concurrent Start) (Metadata GC Threshold)
[2024-03-26T15:25:13.100+0800][20.489s] GC(3) Using 8 workers of 8 for evacuation
[2024-03-26T15:25:13.106+0800][20.495s] GC(3)   Pre Evacuate Collection Set: 0.38ms
[2024-03-26T15:25:13.106+0800][20.495s] GC(3)   Merge Heap Roots: 0.15ms
[2024-03-26T15:25:13.106+0800][20.495s] GC(3)   Evacuate Collection Set: 3.69ms
[2024-03-26T15:25:13.106+0800][20.495s] GC(3)   Post Evacuate Collection Set: 0.96ms
[2024-03-26T15:25:13.107+0800][20.495s] GC(3)   Other: 0.45ms
[2024-03-26T15:25:13.107+0800][20.496s] GC(3) Eden regions: 49->0(302)
[2024-03-26T15:25:13.107+0800][20.496s] GC(3) Survivor regions: 5->5(28)
[2024-03-26T15:25:13.107+0800][20.496s] GC(3) Old regions: 16->16
[2024-03-26T15:25:13.107+0800][20.496s] GC(3) Humongous regions: 4->4
[2024-03-26T15:25:13.107+0800][20.496s] GC(3) Metaspace: 21120K(21504K)->21120K(21504K) NonClass: 18618K(18816K)->18618K(18816K) Class: 2502K(2688K)->2502K(2688K)
[2024-03-26T15:25:13.107+0800][20.496s] GC(3) Pause Young (Concurrent Start) (Metadata GC Threshold) 72M->24M(512M) 7.106ms
[2024-03-26T15:25:13.107+0800][20.496s] GC(4) Concurrent Mark Cycle
[2024-03-26T15:25:13.107+0800][20.496s] GC(3) User=0.00s Sys=0.00s Real=0.01s
[2024-03-26T15:25:13.108+0800][20.497s] GC(4) Concurrent Scan Root Regions
[2024-03-26T15:25:13.110+0800][20.499s] GC(4) Concurrent Scan Root Regions 2.561ms
[2024-03-26T15:25:13.110+0800][20.499s] GC(4) Concurrent Mark
[2024-03-26T15:25:13.110+0800][20.499s] GC(4) Concurrent Mark From Roots
[2024-03-26T15:25:13.111+0800][20.499s] GC(4) Using 2 workers of 2 for marking
[2024-03-26T15:25:13.147+0800][20.536s] GC(4) Concurrent Mark From Roots 36.853ms
[2024-03-26T15:25:13.147+0800][20.536s] GC(4) Concurrent Preclean
[2024-03-26T15:25:13.148+0800][20.537s] GC(4) Concurrent Preclean 0.222ms
[2024-03-26T15:25:13.148+0800][20.537s] GC(4) Pause Remark
[2024-03-26T15:25:13.154+0800][20.543s] GC(4) Pause Remark 26M->26M(512M) 6.294ms
[2024-03-26T15:25:13.154+0800][20.543s] GC(4) User=0.00s Sys=0.00s Real=0.01s
[2024-03-26T15:25:13.155+0800][20.544s] GC(4) Concurrent Mark 44.302ms
[2024-03-26T15:25:13.155+0800][20.544s] GC(4) Concurrent Rebuild Remembered Sets and Scrub Regions
[2024-03-26T15:25:13.167+0800][20.556s] GC(4) Concurrent Rebuild Remembered Sets and Scrub Regions 11.975ms
[2024-03-26T15:25:13.167+0800][20.556s] GC(4) Pause Cleanup
[2024-03-26T15:25:13.168+0800][20.557s] GC(4) Pause Cleanup 27M->27M(512M) 0.478ms
[2024-03-26T15:25:13.168+0800][20.557s] GC(4) User=0.00s Sys=0.00s Real=0.00s
[2024-03-26T15:25:13.168+0800][20.557s] GC(4) Concurrent Clear Claimed Marks
[2024-03-26T15:25:13.168+0800][20.557s] GC(4) Concurrent Clear Claimed Marks 0.149ms
[2024-03-26T15:25:13.168+0800][20.557s] GC(4) Concurrent Cleanup for Next Mark
[2024-03-26T15:25:13.169+0800][20.558s] GC(4) Concurrent Cleanup for Next Mark 1.171ms
[2024-03-26T15:25:13.170+0800][20.558s] GC(4) Concurrent Mark Cycle 62.106ms
[2024-03-26T15:25:38.404+0800][45.793s] GC(5) Pause Young (Prepare Mixed) (Metadata GC Threshold)
[2024-03-26T15:25:38.404+0800][45.793s] GC(5) Using 8 workers of 8 for evacuation
[2024-03-26T15:25:38.416+0800][45.805s] GC(5)   Pre Evacuate Collection Set: 0.38ms
[2024-03-26T15:25:38.416+0800][45.805s] GC(5)   Merge Heap Roots: 0.18ms
[2024-03-26T15:25:38.417+0800][45.806s] GC(5)   Evacuate Collection Set: 9.90ms
[2024-03-26T15:25:38.417+0800][45.806s] GC(5)   Post Evacuate Collection Set: 1.42ms
[2024-03-26T15:25:38.417+0800][45.806s] GC(5)   Other: 0.36ms
[2024-03-26T15:25:38.417+0800][45.806s] GC(5) Eden regions: 99->0(295)
[2024-03-26T15:25:38.417+0800][45.806s] GC(5) Survivor regions: 5->12(39)
[2024-03-26T15:25:38.417+0800][45.806s] GC(5) Old regions: 16->16
[2024-03-26T15:25:38.417+0800][45.806s] GC(5) Humongous regions: 4->4
[2024-03-26T15:25:38.417+0800][45.806s] GC(5) Metaspace: 35642K(36160K)->35642K(36160K) NonClass: 31369K(31616K)->31369K(31616K) Class: 4273K(4544K)->4273K(4544K)
[2024-03-26T15:25:38.417+0800][45.806s] GC(5) Pause Young (Prepare Mixed) (Metadata GC Threshold) 123M->30M(512M) 13.433ms
[2024-03-26T15:25:38.417+0800][45.806s] GC(5) User=0.02s Sys=0.00s Real=0.01s
[2024-03-26T15:25:38.552+0800][45.941s] GC(6) Pause Young (Mixed) (Metadata GC Threshold)
[2024-03-26T15:25:38.552+0800][45.941s] GC(6) Using 8 workers of 8 for evacuation
[2024-03-26T15:25:38.563+0800][45.952s] GC(6)   Pre Evacuate Collection Set: 0.34ms
[2024-03-26T15:25:38.563+0800][45.952s] GC(6)   Merge Heap Roots: 0.15ms
[2024-03-26T15:25:38.563+0800][45.952s] GC(6)   Evacuate Collection Set: 8.30ms
[2024-03-26T15:25:38.563+0800][45.952s] GC(6)   Post Evacuate Collection Set: 1.33ms
[2024-03-26T15:25:38.563+0800][45.952s] GC(6)   Other: 0.34ms
[2024-03-26T15:25:38.563+0800][45.952s] GC(6) Eden regions: 4->0(295)
[2024-03-26T15:25:38.563+0800][45.952s] GC(6) Survivor regions: 12->12(39)
[2024-03-26T15:25:38.563+0800][45.952s] GC(6) Old regions: 16->16
[2024-03-26T15:25:38.563+0800][45.952s] GC(6) Humongous regions: 4->4
[2024-03-26T15:25:38.563+0800][45.952s] GC(6) Metaspace: 35963K(36480K)->35963K(36480K) NonClass: 31663K(31936K)->31663K(31936K) Class: 4300K(4544K)->4300K(4544K)
[2024-03-26T15:25:38.564+0800][45.953s] GC(6) Pause Young (Mixed) (Metadata GC Threshold) 34M->31M(512M) 11.658ms
[2024-03-26T15:25:38.564+0800][45.953s] GC(6) User=0.00s Sys=0.00s Real=0.01s
[2024-03-26T15:25:38.775+0800][46.164s] GC(7) Pause Young (Concurrent Start) (Metadata GC Threshold)
[2024-03-26T15:25:38.775+0800][46.164s] GC(7) Using 8 workers of 8 for evacuation
[2024-03-26T15:25:38.785+0800][46.174s] GC(7)   Pre Evacuate Collection Set: 0.34ms
[2024-03-26T15:25:38.785+0800][46.174s] GC(7)   Merge Heap Roots: 0.13ms
[2024-03-26T15:25:38.785+0800][46.174s] GC(7)   Evacuate Collection Set: 7.14ms
[2024-03-26T15:25:38.785+0800][46.174s] GC(7)   Post Evacuate Collection Set: 1.32ms
[2024-03-26T15:25:38.785+0800][46.174s] GC(7)   Other: 0.41ms
[2024-03-26T15:25:38.785+0800][46.174s] GC(7) Eden regions: 3->0(295)
[2024-03-26T15:25:38.785+0800][46.174s] GC(7) Survivor regions: 12->12(39)
[2024-03-26T15:25:38.785+0800][46.175s] GC(7) Old regions: 16->16
[2024-03-26T15:25:38.786+0800][46.175s] GC(7) Humongous regions: 4->4
[2024-03-26T15:25:38.786+0800][46.175s] GC(7) Metaspace: 36290K(36800K)->36290K(36800K) NonClass: 31955K(32192K)->31955K(32192K) Class: 4335K(4608K)->4335K(4608K)
[2024-03-26T15:25:38.786+0800][46.175s] GC(7) Pause Young (Concurrent Start) (Metadata GC Threshold) 33M->31M(512M) 10.549ms
[2024-03-26T15:25:38.786+0800][46.175s] GC(7) User=0.00s Sys=0.00s Real=0.01s
[2024-03-26T15:25:38.786+0800][46.175s] GC(8) Concurrent Mark Cycle
[2024-03-26T15:25:38.786+0800][46.175s] GC(8) Concurrent Scan Root Regions
[2024-03-26T15:25:38.793+0800][46.182s] GC(8) Concurrent Scan Root Regions 6.514ms
[2024-03-26T15:25:38.793+0800][46.182s] GC(8) Concurrent Mark
[2024-03-26T15:25:38.793+0800][46.182s] GC(8) Concurrent Mark From Roots
[2024-03-26T15:25:38.793+0800][46.182s] GC(8) Using 2 workers of 2 for marking
[2024-03-26T15:25:38.830+0800][46.219s] GC(8) Concurrent Mark From Roots 36.766ms
[2024-03-26T15:25:38.830+0800][46.219s] GC(8) Concurrent Preclean
[2024-03-26T15:25:38.830+0800][46.219s] GC(8) Concurrent Preclean 0.168ms
[2024-03-26T15:25:38.834+0800][46.222s] GC(8) Pause Remark
[2024-03-26T15:25:38.843+0800][46.232s] GC(8) Pause Remark 32M->32M(512M) 9.426ms
[2024-03-26T15:25:38.843+0800][46.232s] GC(8) User=0.00s Sys=0.00s Real=0.01s
[2024-03-26T15:25:38.843+0800][46.232s] GC(8) Concurrent Mark 50.231ms
[2024-03-26T15:25:38.844+0800][46.232s] GC(8) Concurrent Rebuild Remembered Sets and Scrub Regions
[2024-03-26T15:25:38.859+0800][46.248s] GC(8) Concurrent Rebuild Remembered Sets and Scrub Regions 15.439ms
[2024-03-26T15:25:38.860+0800][46.248s] GC(8) Pause Cleanup
[2024-03-26T15:25:38.860+0800][46.249s] GC(8) Pause Cleanup 33M->33M(512M) 0.408ms
[2024-03-26T15:25:38.860+0800][46.249s] GC(8) User=0.00s Sys=0.00s Real=0.00s
[2024-03-26T15:25:38.860+0800][46.249s] GC(8) Concurrent Clear Claimed Marks
[2024-03-26T15:25:38.860+0800][46.249s] GC(8) Concurrent Clear Claimed Marks 0.177ms
[2024-03-26T15:25:38.861+0800][46.249s] GC(8) Concurrent Cleanup for Next Mark
[2024-03-26T15:25:38.862+0800][46.251s] GC(8) Concurrent Cleanup for Next Mark 1.515ms
[2024-03-26T15:25:38.862+0800][46.251s] GC(8) Concurrent Mark Cycle 76.107ms
[2024-03-26T15:27:52.799+0800][0.072s] CardTable entry size: 512
[2024-03-26T15:27:52.800+0800][0.073s] Using G1
[2024-03-26T15:27:54.475+0800][1.748s] Version: 22+36-2370 (release)
[2024-03-26T15:27:54.476+0800][1.748s] CPUs: 8 total, 8 available
[2024-03-26T15:27:54.476+0800][1.748s] Memory: 6020M
[2024-03-26T15:27:54.476+0800][1.748s] Large Page Support: Disabled
[2024-03-26T15:27:54.476+0800][1.748s] NUMA Support: Disabled
[2024-03-26T15:27:54.476+0800][1.748s] Compressed Oops: Enabled (32-bit)
[2024-03-26T15:27:54.476+0800][1.748s] Heap Region Size: 1M
[2024-03-26T15:27:54.476+0800][1.748s] Heap Min Capacity: 512M
[2024-03-26T15:27:54.476+0800][1.748s] Heap Initial Capacity: 512M
[2024-03-26T15:27:54.476+0800][1.748s] Heap Max Capacity: 512M
[2024-03-26T15:27:54.476+0800][1.749s] Pre-touch: Enabled
[2024-03-26T15:27:54.476+0800][1.749s] Parallel Workers: 8
[2024-03-26T15:27:54.477+0800][1.749s] Concurrent Workers: 2
[2024-03-26T15:27:54.477+0800][1.749s] Concurrent Refinement Workers: 8
[2024-03-26T15:27:54.477+0800][1.749s] Periodic GC: Disabled
[2024-03-26T15:27:54.506+0800][1.778s] CDS archive(s) mapped at: [0x0000027780000000-0x0000027780c60000-0x0000027780c60000), size 12976128, SharedBaseAddress: 0x0000027780000000, ArchiveRelocationMode: 1.
[2024-03-26T15:27:54.506+0800][1.778s] Compressed class space mapped at: 0x0000027781000000-0x00000277c1000000, reserved size: 1073741824
[2024-03-26T15:27:54.506+0800][1.778s] Narrow klass base: 0x0000027780000000, Narrow klass shift: 0, Narrow klass range: 0x41000000
[2024-03-26T15:28:08.060+0800][15.333s] GC(0) Pause Young (Normal) (G1 Evacuation Pause)
[2024-03-26T15:28:08.062+0800][15.335s] GC(0) Using 8 workers of 8 for evacuation
[2024-03-26T15:28:08.072+0800][15.344s] GC(0)   Pre Evacuate Collection Set: 0.26ms
[2024-03-26T15:28:08.072+0800][15.344s] GC(0)   Merge Heap Roots: 0.19ms
[2024-03-26T15:28:08.072+0800][15.344s] GC(0)   Evacuate Collection Set: 6.79ms
[2024-03-26T15:28:08.072+0800][15.344s] GC(0)   Post Evacuate Collection Set: 1.41ms
[2024-03-26T15:28:08.072+0800][15.345s] GC(0)   Other: 2.27ms
[2024-03-26T15:28:08.072+0800][15.345s] GC(0) Eden regions: 30->0(41)
[2024-03-26T15:28:08.072+0800][15.345s] GC(0) Survivor regions: 0->4(4)
[2024-03-26T15:28:08.072+0800][15.345s] GC(0) Old regions: 0->1
[2024-03-26T15:28:08.072+0800][15.345s] GC(0) Humongous regions: 0->0
[2024-03-26T15:28:08.072+0800][15.345s] GC(0) Metaspace: 9991K(10240K)->9991K(10240K) NonClass: 8817K(8960K)->8817K(8960K) Class: 1174K(1280K)->1174K(1280K)
[2024-03-26T15:28:08.073+0800][15.345s] GC(0) Pause Young (Normal) (G1 Evacuation Pause) 30M->4M(512M) 12.519ms
[2024-03-26T15:28:08.073+0800][15.345s] GC(0) User=0.02s Sys=0.00s Real=0.01s
[2024-03-26T15:28:11.137+0800][18.409s] GC(1) Pause Young (Normal) (G1 Evacuation Pause)
[2024-03-26T15:28:11.137+0800][18.410s] GC(1) Using 8 workers of 8 for evacuation
[2024-03-26T15:28:11.157+0800][18.430s] GC(1)   Pre Evacuate Collection Set: 0.41ms
[2024-03-26T15:28:11.157+0800][18.430s] GC(1)   Merge Heap Roots: 0.23ms
[2024-03-26T15:28:11.157+0800][18.430s] GC(1)   Evacuate Collection Set: 17.27ms
[2024-03-26T15:28:11.157+0800][18.430s] GC(1)   Post Evacuate Collection Set: 1.81ms
[2024-03-26T15:28:11.158+0800][18.430s] GC(1)   Other: 0.38ms
[2024-03-26T15:28:11.158+0800][18.430s] GC(1) Eden regions: 41->0(66)
[2024-03-26T15:28:11.158+0800][18.430s] GC(1) Survivor regions: 4->6(6)
[2024-03-26T15:28:11.158+0800][18.430s] GC(1) Old regions: 1->9
[2024-03-26T15:28:11.158+0800][18.430s] GC(1) Humongous regions: 4->4
[2024-03-26T15:28:11.158+0800][18.430s] GC(1) Metaspace: 19166K(19584K)->19166K(19584K) NonClass: 16886K(17152K)->16886K(17152K) Class: 2279K(2432K)->2279K(2432K)
[2024-03-26T15:28:11.158+0800][18.431s] GC(1) Pause Young (Normal) (G1 Evacuation Pause) 49M->18M(512M) 21.337ms
[2024-03-26T15:28:11.158+0800][18.431s] GC(1) User=0.05s Sys=0.00s Real=0.02s
[2024-03-26T15:28:12.607+0800][19.879s] GC(2) Pause Young (Normal) (G1 Evacuation Pause)
[2024-03-26T15:28:12.607+0800][19.879s] GC(2) Using 8 workers of 8 for evacuation
[2024-03-26T15:28:12.615+0800][19.888s] GC(2)   Pre Evacuate Collection Set: 0.33ms
[2024-03-26T15:28:12.616+0800][19.888s] GC(2)   Merge Heap Roots: 0.17ms
[2024-03-26T15:28:12.616+0800][19.888s] GC(2)   Evacuate Collection Set: 6.76ms
[2024-03-26T15:28:12.616+0800][19.888s] GC(2)   Post Evacuate Collection Set: 0.86ms
[2024-03-26T15:28:12.616+0800][19.888s] GC(2)   Other: 0.39ms
[2024-03-26T15:28:12.616+0800][19.888s] GC(2) Eden regions: 63->0(302)
[2024-03-26T15:28:12.616+0800][19.888s] GC(2) Survivor regions: 6->5(9)
[2024-03-26T15:28:12.616+0800][19.888s] GC(2) Old regions: 9->16
[2024-03-26T15:28:12.616+0800][19.889s] GC(2) Humongous regions: 4->4
[2024-03-26T15:28:12.616+0800][19.889s] GC(2) Metaspace: 19364K(19776K)->19364K(19776K) NonClass: 17082K(17280K)->17082K(17280K) Class: 2282K(2496K)->2282K(2496K)
[2024-03-26T15:28:12.616+0800][19.889s] GC(2) Pause Young (Normal) (G1 Evacuation Pause) 81M->24M(512M) 9.725ms
[2024-03-26T15:28:12.617+0800][19.889s] GC(2) User=0.00s Sys=0.00s Real=0.01s
[2024-03-26T15:28:13.698+0800][20.971s] GC(3) Pause Young (Concurrent Start) (Metadata GC Threshold)
[2024-03-26T15:28:13.698+0800][20.971s] GC(3) Using 8 workers of 8 for evacuation
[2024-03-26T15:28:13.704+0800][20.976s] GC(3)   Pre Evacuate Collection Set: 0.40ms
[2024-03-26T15:28:13.704+0800][20.976s] GC(3)   Merge Heap Roots: 0.16ms
[2024-03-26T15:28:13.704+0800][20.977s] GC(3)   Evacuate Collection Set: 3.56ms
[2024-03-26T15:28:13.704+0800][20.977s] GC(3)   Post Evacuate Collection Set: 0.93ms
[2024-03-26T15:28:13.704+0800][20.977s] GC(3)   Other: 0.36ms
[2024-03-26T15:28:13.705+0800][20.977s] GC(3) Eden regions: 22->0(302)
[2024-03-26T15:28:13.705+0800][20.977s] GC(3) Survivor regions: 5->5(39)
[2024-03-26T15:28:13.705+0800][20.977s] GC(3) Old regions: 16->16
[2024-03-26T15:28:13.705+0800][20.977s] GC(3) Humongous regions: 4->4
[2024-03-26T15:28:13.705+0800][20.977s] GC(3) Metaspace: 21117K(21504K)->21117K(21504K) NonClass: 18617K(18816K)->18617K(18816K) Class: 2500K(2688K)->2500K(2688K)
[2024-03-26T15:28:13.705+0800][20.977s] GC(3) Pause Young (Concurrent Start) (Metadata GC Threshold) 45M->24M(512M) 6.669ms
[2024-03-26T15:28:13.705+0800][20.977s] GC(3) User=0.00s Sys=0.00s Real=0.01s
[2024-03-26T15:28:13.705+0800][20.977s] GC(4) Concurrent Mark Cycle
[2024-03-26T15:28:13.705+0800][20.978s] GC(4) Concurrent Scan Root Regions
[2024-03-26T15:28:13.708+0800][20.980s] GC(4) Concurrent Scan Root Regions 2.203ms
[2024-03-26T15:28:13.708+0800][20.980s] GC(4) Concurrent Mark
[2024-03-26T15:28:13.708+0800][20.980s] GC(4) Concurrent Mark From Roots
[2024-03-26T15:28:13.708+0800][20.980s] GC(4) Using 2 workers of 2 for marking
[2024-03-26T15:28:13.750+0800][21.022s] GC(4) Concurrent Mark From Roots 42.053ms
[2024-03-26T15:28:13.750+0800][21.022s] GC(4) Concurrent Preclean
[2024-03-26T15:28:13.750+0800][21.023s] GC(4) Concurrent Preclean 0.186ms
[2024-03-26T15:28:13.750+0800][21.023s] GC(4) Pause Remark
[2024-03-26T15:28:13.757+0800][21.029s] GC(4) Pause Remark 26M->26M(512M) 6.554ms
[2024-03-26T15:28:13.757+0800][21.030s] GC(4) User=0.02s Sys=0.00s Real=0.01s
[2024-03-26T15:28:13.757+0800][21.030s] GC(4) Concurrent Mark 49.713ms
[2024-03-26T15:28:13.757+0800][21.030s] GC(4) Concurrent Rebuild Remembered Sets and Scrub Regions
[2024-03-26T15:28:13.769+0800][21.042s] GC(4) Concurrent Rebuild Remembered Sets and Scrub Regions 12.019ms
[2024-03-26T15:28:13.770+0800][21.043s] GC(4) Pause Cleanup
[2024-03-26T15:28:13.771+0800][21.044s] GC(4) Pause Cleanup 27M->27M(512M) 0.384ms
[2024-03-26T15:28:13.771+0800][21.044s] GC(4) User=0.02s Sys=0.00s Real=0.00s
[2024-03-26T15:28:13.771+0800][21.044s] GC(4) Concurrent Clear Claimed Marks
[2024-03-26T15:28:13.771+0800][21.044s] GC(4) Concurrent Clear Claimed Marks 0.147ms
[2024-03-26T15:28:13.771+0800][21.044s] GC(4) Concurrent Cleanup for Next Mark
[2024-03-26T15:28:13.772+0800][21.045s] GC(4) Concurrent Cleanup for Next Mark 1.193ms
[2024-03-26T15:28:13.773+0800][21.045s] GC(4) Concurrent Mark Cycle 68.049ms
[2024-03-26T15:28:38.659+0800][45.932s] GC(5) Pause Young (Prepare Mixed) (Metadata GC Threshold)
[2024-03-26T15:28:38.659+0800][45.932s] GC(5) Using 8 workers of 8 for evacuation
[2024-03-26T15:28:38.671+0800][45.944s] GC(5)   Pre Evacuate Collection Set: 0.33ms
[2024-03-26T15:28:38.671+0800][45.944s] GC(5)   Merge Heap Roots: 0.18ms
[2024-03-26T15:28:38.671+0800][45.944s] GC(5)   Evacuate Collection Set: 9.22ms
[2024-03-26T15:28:38.671+0800][45.944s] GC(5)   Post Evacuate Collection Set: 1.43ms
[2024-03-26T15:28:38.671+0800][45.944s] GC(5)   Other: 0.38ms
[2024-03-26T15:28:38.671+0800][45.944s] GC(5) Eden regions: 88->0(295)
[2024-03-26T15:28:38.672+0800][45.944s] GC(5) Survivor regions: 5->12(39)
[2024-03-26T15:28:38.672+0800][45.944s] GC(5) Old regions: 16->16
[2024-03-26T15:28:38.672+0800][45.944s] GC(5) Humongous regions: 4->4
[2024-03-26T15:28:38.672+0800][45.944s] GC(5) Metaspace: 35627K(36160K)->35627K(36160K) NonClass: 31352K(31616K)->31352K(31616K) Class: 4274K(4544K)->4274K(4544K)
[2024-03-26T15:28:38.672+0800][45.944s] GC(5) Pause Young (Prepare Mixed) (Metadata GC Threshold) 112M->31M(512M) 12.661ms
[2024-03-26T15:28:38.672+0800][45.945s] GC(5) User=0.00s Sys=0.00s Real=0.01s
[2024-03-26T15:28:38.806+0800][46.079s] GC(6) Pause Young (Mixed) (Metadata GC Threshold)
[2024-03-26T15:28:38.806+0800][46.079s] GC(6) Using 8 workers of 8 for evacuation
[2024-03-26T15:28:38.817+0800][46.089s] GC(6)   Pre Evacuate Collection Set: 0.37ms
[2024-03-26T15:28:38.817+0800][46.089s] GC(6)   Merge Heap Roots: 0.15ms
[2024-03-26T15:28:38.817+0800][46.090s] GC(6)   Evacuate Collection Set: 8.25ms
[2024-03-26T15:28:38.817+0800][46.090s] GC(6)   Post Evacuate Collection Set: 1.24ms
[2024-03-26T15:28:38.817+0800][46.090s] GC(6)   Other: 0.41ms
[2024-03-26T15:28:38.817+0800][46.090s] GC(6) Eden regions: 4->0(295)
[2024-03-26T15:28:38.817+0800][46.090s] GC(6) Survivor regions: 12->12(39)
[2024-03-26T15:28:38.817+0800][46.090s] GC(6) Old regions: 16->16
[2024-03-26T15:28:38.817+0800][46.090s] GC(6) Humongous regions: 4->4
[2024-03-26T15:28:38.817+0800][46.090s] GC(6) Metaspace: 36023K(36480K)->36023K(36480K) NonClass: 31715K(31936K)->31715K(31936K) Class: 4307K(4544K)->4307K(4544K)
[2024-03-26T15:28:38.818+0800][46.090s] GC(6) Pause Young (Mixed) (Metadata GC Threshold) 34M->31M(512M) 11.559ms
[2024-03-26T15:28:38.818+0800][46.090s] GC(6) User=0.02s Sys=0.00s Real=0.01s
[2024-03-26T15:28:38.976+0800][46.249s] GC(7) Pause Young (Concurrent Start) (Metadata GC Threshold)
[2024-03-26T15:28:38.977+0800][46.249s] GC(7) Using 8 workers of 8 for evacuation
[2024-03-26T15:28:38.987+0800][46.259s] GC(7)   Pre Evacuate Collection Set: 0.36ms
[2024-03-26T15:28:38.987+0800][46.259s] GC(7)   Merge Heap Roots: 0.13ms
[2024-03-26T15:28:38.987+0800][46.259s] GC(7)   Evacuate Collection Set: 7.93ms
[2024-03-26T15:28:38.987+0800][46.259s] GC(7)   Post Evacuate Collection Set: 1.16ms
[2024-03-26T15:28:38.987+0800][46.259s] GC(7)   Other: 0.39ms
[2024-03-26T15:28:38.987+0800][46.259s] GC(7) Eden regions: 2->0(295)
[2024-03-26T15:28:38.987+0800][46.259s] GC(7) Survivor regions: 12->12(39)
[2024-03-26T15:28:38.987+0800][46.260s] GC(7) Old regions: 16->16
[2024-03-26T15:28:38.987+0800][46.260s] GC(7) Humongous regions: 4->4
[2024-03-26T15:28:38.987+0800][46.260s] GC(7) Metaspace: 36276K(36800K)->36276K(36800K) NonClass: 31941K(32192K)->31941K(32192K) Class: 4335K(4608K)->4335K(4608K)
[2024-03-26T15:28:38.987+0800][46.260s] GC(7) Pause Young (Concurrent Start) (Metadata GC Threshold) 33M->31M(512M) 11.112ms
[2024-03-26T15:28:38.988+0800][46.260s] GC(8) Concurrent Mark Cycle
[2024-03-26T15:28:38.988+0800][46.260s] GC(7) User=0.02s Sys=0.00s Real=0.01s
[2024-03-26T15:28:38.988+0800][46.260s] GC(8) Concurrent Scan Root Regions
[2024-03-26T15:28:38.994+0800][46.266s] GC(8) Concurrent Scan Root Regions 6.206ms
[2024-03-26T15:28:38.994+0800][46.266s] GC(8) Concurrent Mark
[2024-03-26T15:28:38.994+0800][46.266s] GC(8) Concurrent Mark From Roots
[2024-03-26T15:28:38.994+0800][46.267s] GC(8) Using 2 workers of 2 for marking
[2024-03-26T15:28:39.035+0800][46.308s] GC(8) Concurrent Mark From Roots 41.104ms
[2024-03-26T15:28:39.035+0800][46.308s] GC(8) Concurrent Preclean
[2024-03-26T15:28:39.035+0800][46.308s] GC(8) Concurrent Preclean 0.162ms
[2024-03-26T15:28:39.035+0800][46.308s] GC(8) Pause Remark
[2024-03-26T15:28:39.045+0800][46.317s] GC(8) Pause Remark 32M->32M(512M) 9.298ms
[2024-03-26T15:28:39.045+0800][46.318s] GC(8) User=0.02s Sys=0.00s Real=0.01s
[2024-03-26T15:28:39.045+0800][46.318s] GC(8) Concurrent Mark 51.462ms
[2024-03-26T15:28:39.045+0800][46.318s] GC(8) Concurrent Rebuild Remembered Sets and Scrub Regions
[2024-03-26T15:28:39.058+0800][46.331s] GC(8) Concurrent Rebuild Remembered Sets and Scrub Regions 12.912ms
[2024-03-26T15:28:39.058+0800][46.331s] GC(8) Pause Cleanup
[2024-03-26T15:28:39.059+0800][46.332s] GC(8) Pause Cleanup 32M->32M(512M) 0.391ms
[2024-03-26T15:28:39.059+0800][46.332s] GC(8) User=0.00s Sys=0.00s Real=0.00s
[2024-03-26T15:28:39.059+0800][46.332s] GC(8) Concurrent Clear Claimed Marks
[2024-03-26T15:28:39.059+0800][46.332s] GC(8) Concurrent Clear Claimed Marks 0.173ms
[2024-03-26T15:28:39.059+0800][46.332s] GC(8) Concurrent Cleanup for Next Mark
[2024-03-26T15:28:39.061+0800][46.334s] GC(8) Concurrent Cleanup for Next Mark 1.383ms
[2024-03-26T15:28:39.061+0800][46.334s] GC(8) Concurrent Mark Cycle 73.896ms
