[2024-03-26T15:44:43.953+0800][0.076s] CardTable entry size: 512
[2024-03-26T15:44:43.953+0800][0.077s] Using G1
[2024-03-26T15:44:45.257+0800][1.383s] Version: 22+36-2370 (release)
[2024-03-26T15:44:45.257+0800][1.383s] CPUs: 8 total, 8 available
[2024-03-26T15:44:45.257+0800][1.384s] Memory: 6020M
[2024-03-26T15:44:45.257+0800][1.384s] Large Page Support: Disabled
[2024-03-26T15:44:45.257+0800][1.384s] NUMA Support: Disabled
[2024-03-26T15:44:45.257+0800][1.384s] Compressed Oops: Enabled (32-bit)
[2024-03-26T15:44:45.257+0800][1.384s] Heap Region Size: 1M
[2024-03-26T15:44:45.257+0800][1.384s] Heap Min Capacity: 512M
[2024-03-26T15:44:45.257+0800][1.385s] Heap Initial Capacity: 512M
[2024-03-26T15:44:45.257+0800][1.385s] Heap Max Capacity: 512M
[2024-03-26T15:44:45.257+0800][1.385s] Pre-touch: Enabled
[2024-03-26T15:44:45.257+0800][1.385s] Parallel Workers: 8
[2024-03-26T15:44:45.257+0800][1.385s] Concurrent Workers: 2
[2024-03-26T15:44:45.257+0800][1.385s] Concurrent Refinement Workers: 8
[2024-03-26T15:44:45.257+0800][1.386s] Periodic GC: Disabled
[2024-03-26T15:44:45.288+0800][1.416s] CDS archive(s) mapped at: [0x0000022dc9000000-0x0000022dc9c60000-0x0000022dc9c60000), size 12976128, SharedBaseAddress: 0x0000022dc9000000, ArchiveRelocationMode: 1.
[2024-03-26T15:44:45.288+0800][1.416s] Compressed class space mapped at: 0x0000022dca000000-0x0000022e0a000000, reserved size: 1073741824
[2024-03-26T15:44:45.288+0800][1.416s] Narrow klass base: 0x0000022dc9000000, Narrow klass shift: 0, Narrow klass range: 0x41000000
[2024-03-26T15:44:59.869+0800][15.987s] GC(0) Pause Young (Normal) (G1 Evacuation Pause)
[2024-03-26T15:44:59.869+0800][15.989s] GC(0) Using 8 workers of 8 for evacuation
[2024-03-26T15:44:59.869+0800][15.999s] GC(0)   Pre Evacuate Collection Set: 0.31ms
[2024-03-26T15:44:59.869+0800][15.999s] GC(0)   Merge Heap Roots: 0.24ms
[2024-03-26T15:44:59.869+0800][15.999s] GC(0)   Evacuate Collection Set: 7.00ms
[2024-03-26T15:44:59.869+0800][15.999s] GC(0)   Post Evacuate Collection Set: 1.29ms
[2024-03-26T15:44:59.869+0800][15.999s] GC(0)   Other: 1.61ms
[2024-03-26T15:44:59.869+0800][15.999s] GC(0) Eden regions: 30->0(41)
[2024-03-26T15:44:59.869+0800][15.999s] GC(0) Survivor regions: 0->4(4)
[2024-03-26T15:44:59.869+0800][15.999s] GC(0) Old regions: 0->1
[2024-03-26T15:44:59.869+0800][15.999s] GC(0) Humongous regions: 0->0
[2024-03-26T15:44:59.869+0800][15.999s] GC(0) Metaspace: 9986K(10240K)->9986K(10240K) NonClass: 8810K(8960K)->8810K(8960K) Class: 1176K(1280K)->1176K(1280K)
[2024-03-26T15:44:59.869+0800][15.999s] GC(0) Pause Young (Normal) (G1 Evacuation Pause) 30M->4M(512M) 12.025ms
[2024-03-26T15:44:59.869+0800][16.000s] GC(0) User=0.00s Sys=0.00s Real=0.00s
[2024-03-26T15:45:02.466+0800][18.596s] GC(1) Pause Young (Normal) (G1 Evacuation Pause)
[2024-03-26T15:45:02.466+0800][18.596s] GC(1) Using 8 workers of 8 for evacuation
[2024-03-26T15:45:02.497+0800][18.616s] GC(1)   Pre Evacuate Collection Set: 0.34ms
[2024-03-26T15:45:02.497+0800][18.616s] GC(1)   Merge Heap Roots: 0.18ms
[2024-03-26T15:45:02.497+0800][18.616s] GC(1)   Evacuate Collection Set: 17.07ms
[2024-03-26T15:45:02.497+0800][18.616s] GC(1)   Post Evacuate Collection Set: 1.67ms
[2024-03-26T15:45:02.497+0800][18.616s] GC(1)   Other: 0.31ms
[2024-03-26T15:45:02.497+0800][18.616s] GC(1) Eden regions: 41->0(67)
[2024-03-26T15:45:02.497+0800][18.616s] GC(1) Survivor regions: 4->6(6)
[2024-03-26T15:45:02.498+0800][18.616s] GC(1) Old regions: 1->10
[2024-03-26T15:45:02.498+0800][18.616s] GC(1) Humongous regions: 4->4
[2024-03-26T15:45:02.498+0800][18.616s] GC(1) Metaspace: 19169K(19520K)->19169K(19520K) NonClass: 16890K(17088K)->16890K(17088K) Class: 2278K(2432K)->2278K(2432K)
[2024-03-26T15:45:02.498+0800][18.616s] GC(1) Pause Young (Normal) (G1 Evacuation Pause) 49M->19M(512M) 20.649ms
[2024-03-26T15:45:02.498+0800][18.617s] GC(1) User=0.05s Sys=0.00s Real=0.03s
[2024-03-26T15:45:04.330+0800][20.461s] GC(2) Pause Young (Normal) (G1 Evacuation Pause)
[2024-03-26T15:45:04.330+0800][20.461s] GC(2) Using 8 workers of 8 for evacuation
[2024-03-26T15:45:04.345+0800][20.470s] GC(2)   Pre Evacuate Collection Set: 0.29ms
[2024-03-26T15:45:04.345+0800][20.470s] GC(2)   Merge Heap Roots: 0.17ms
[2024-03-26T15:45:04.345+0800][20.471s] GC(2)   Evacuate Collection Set: 6.94ms
[2024-03-26T15:45:04.345+0800][20.471s] GC(2)   Post Evacuate Collection Set: 1.04ms
[2024-03-26T15:45:04.345+0800][20.471s] GC(2)   Other: 0.63ms
[2024-03-26T15:45:04.345+0800][20.471s] GC(2) Eden regions: 64->0(302)
[2024-03-26T15:45:04.345+0800][20.471s] GC(2) Survivor regions: 6->5(9)
[2024-03-26T15:45:04.345+0800][20.471s] GC(2) Old regions: 10->16
[2024-03-26T15:45:04.345+0800][20.471s] GC(2) Humongous regions: 4->4
[2024-03-26T15:45:04.345+0800][20.471s] GC(2) Metaspace: 19369K(19840K)->19369K(19840K) NonClass: 17087K(17344K)->17087K(17344K) Class: 2282K(2496K)->2282K(2496K)
[2024-03-26T15:45:04.345+0800][20.472s] GC(2) Pause Young (Normal) (G1 Evacuation Pause) 83M->24M(512M) 10.625ms
[2024-03-26T15:45:04.345+0800][20.472s] GC(2) User=0.03s Sys=0.00s Real=0.02s
[2024-03-26T15:45:05.456+0800][21.576s] GC(3) Pause Young (Concurrent Start) (Metadata GC Threshold)
[2024-03-26T15:45:05.456+0800][21.576s] GC(3) Using 8 workers of 8 for evacuation
[2024-03-26T15:45:05.456+0800][21.583s] GC(3)   Pre Evacuate Collection Set: 0.44ms
[2024-03-26T15:45:05.456+0800][21.583s] GC(3)   Merge Heap Roots: 0.18ms
[2024-03-26T15:45:05.456+0800][21.583s] GC(3)   Evacuate Collection Set: 4.19ms
[2024-03-26T15:45:05.456+0800][21.583s] GC(3)   Post Evacuate Collection Set: 1.17ms
[2024-03-26T15:45:05.456+0800][21.583s] GC(3)   Other: 0.61ms
[2024-03-26T15:45:05.456+0800][21.583s] GC(3) Eden regions: 20->0(302)
[2024-03-26T15:45:05.456+0800][21.584s] GC(3) Survivor regions: 5->5(39)
[2024-03-26T15:45:05.456+0800][21.584s] GC(3) Old regions: 16->16
[2024-03-26T15:45:05.456+0800][21.584s] GC(3) Humongous regions: 4->4
[2024-03-26T15:45:05.456+0800][21.584s] GC(3) Metaspace: 21060K(21504K)->21060K(21504K) NonClass: 18571K(18816K)->18571K(18816K) Class: 2489K(2688K)->2489K(2688K)
[2024-03-26T15:45:05.456+0800][21.584s] GC(3) Pause Young (Concurrent Start) (Metadata GC Threshold) 44M->24M(512M) 8.312ms
[2024-03-26T15:45:05.456+0800][21.584s] GC(3) User=0.02s Sys=0.02s Real=0.00s
[2024-03-26T15:45:05.456+0800][21.584s] GC(4) Concurrent Mark Cycle
[2024-03-26T15:45:05.456+0800][21.585s] GC(4) Concurrent Scan Root Regions
[2024-03-26T15:45:05.456+0800][21.589s] GC(4) Concurrent Scan Root Regions 3.884ms
[2024-03-26T15:45:05.456+0800][21.589s] GC(4) Concurrent Mark
[2024-03-26T15:45:05.456+0800][21.589s] GC(4) Concurrent Mark From Roots
[2024-03-26T15:45:05.456+0800][21.589s] GC(4) Using 2 workers of 2 for marking
[2024-03-26T15:45:05.510+0800][21.642s] GC(4) Concurrent Mark From Roots 53.507ms
[2024-03-26T15:45:05.510+0800][21.643s] GC(4) Concurrent Preclean
[2024-03-26T15:45:05.510+0800][21.643s] GC(4) Concurrent Preclean 0.263ms
[2024-03-26T15:45:05.510+0800][21.643s] GC(4) Pause Remark
[2024-03-26T15:45:05.530+0800][21.651s] GC(4) Pause Remark 26M->26M(512M) 8.176ms
[2024-03-26T15:45:05.530+0800][21.652s] GC(4) User=0.00s Sys=0.00s Real=0.02s
[2024-03-26T15:45:05.530+0800][21.652s] GC(4) Concurrent Mark 63.141ms
[2024-03-26T15:45:05.530+0800][21.652s] GC(4) Concurrent Rebuild Remembered Sets and Scrub Regions
[2024-03-26T15:45:05.544+0800][21.667s] GC(4) Concurrent Rebuild Remembered Sets and Scrub Regions 15.229ms
[2024-03-26T15:45:05.544+0800][21.668s] GC(4) Pause Cleanup
[2024-03-26T15:45:05.544+0800][21.668s] GC(4) Pause Cleanup 26M->26M(512M) 0.557ms
[2024-03-26T15:45:05.544+0800][21.668s] GC(4) User=0.00s Sys=0.00s Real=0.00s
[2024-03-26T15:45:05.544+0800][21.668s] GC(4) Concurrent Clear Claimed Marks
[2024-03-26T15:45:05.544+0800][21.669s] GC(4) Concurrent Clear Claimed Marks 0.134ms
[2024-03-26T15:45:05.544+0800][21.669s] GC(4) Concurrent Cleanup for Next Mark
[2024-03-26T15:45:05.544+0800][21.670s] GC(4) Concurrent Cleanup for Next Mark 1.379ms
[2024-03-26T15:45:05.544+0800][21.670s] GC(4) Concurrent Mark Cycle 86.034ms
[2024-03-26T15:45:30.341+0800][46.460s] GC(5) Pause Young (Prepare Mixed) (Metadata GC Threshold)
[2024-03-26T15:45:30.341+0800][46.462s] GC(5) Using 8 workers of 8 for evacuation
[2024-03-26T15:45:30.341+0800][46.474s] GC(5)   Pre Evacuate Collection Set: 0.36ms
[2024-03-26T15:45:30.341+0800][46.474s] GC(5)   Merge Heap Roots: 0.16ms
[2024-03-26T15:45:30.341+0800][46.474s] GC(5)   Evacuate Collection Set: 9.40ms
[2024-03-26T15:45:30.341+0800][46.474s] GC(5)   Post Evacuate Collection Set: 1.47ms
[2024-03-26T15:45:30.341+0800][46.474s] GC(5)   Other: 0.39ms
[2024-03-26T15:45:30.341+0800][46.474s] GC(5) Eden regions: 100->0(295)
[2024-03-26T15:45:30.341+0800][46.474s] GC(5) Survivor regions: 5->12(39)
[2024-03-26T15:45:30.341+0800][46.474s] GC(5) Old regions: 16->16
[2024-03-26T15:45:30.341+0800][46.474s] GC(5) Humongous regions: 4->4
[2024-03-26T15:45:30.341+0800][46.474s] GC(5) Metaspace: 35572K(36096K)->35572K(36096K) NonClass: 31301K(31552K)->31301K(31552K) Class: 4271K(4544K)->4271K(4544K)
[2024-03-26T15:45:30.341+0800][46.475s] GC(5) Pause Young (Prepare Mixed) (Metadata GC Threshold) 124M->30M(512M) 14.205ms
[2024-03-26T15:45:30.341+0800][46.475s] GC(5) User=0.00s Sys=0.00s Real=0.00s
[2024-03-26T15:45:30.480+0800][46.598s] GC(6) Pause Young (Mixed) (Metadata GC Threshold)
[2024-03-26T15:45:30.480+0800][46.598s] GC(6) Using 8 workers of 8 for evacuation
[2024-03-26T15:45:30.490+0800][46.608s] GC(6)   Pre Evacuate Collection Set: 0.28ms
[2024-03-26T15:45:30.490+0800][46.608s] GC(6)   Merge Heap Roots: 0.14ms
[2024-03-26T15:45:30.490+0800][46.608s] GC(6)   Evacuate Collection Set: 7.91ms
[2024-03-26T15:45:30.490+0800][46.608s] GC(6)   Post Evacuate Collection Set: 1.19ms
[2024-03-26T15:45:30.490+0800][46.608s] GC(6)   Other: 0.28ms
[2024-03-26T15:45:30.490+0800][46.608s] GC(6) Eden regions: 4->0(295)
[2024-03-26T15:45:30.490+0800][46.608s] GC(6) Survivor regions: 12->12(39)
[2024-03-26T15:45:30.490+0800][46.608s] GC(6) Old regions: 16->16
[2024-03-26T15:45:30.490+0800][46.609s] GC(6) Humongous regions: 4->4
[2024-03-26T15:45:30.491+0800][46.609s] GC(6) Metaspace: 35944K(36416K)->35944K(36416K) NonClass: 31641K(31872K)->31641K(31872K) Class: 4302K(4544K)->4302K(4544K)
[2024-03-26T15:45:30.491+0800][46.609s] GC(6) Pause Young (Mixed) (Metadata GC Threshold) 34M->30M(512M) 10.922ms
[2024-03-26T15:45:30.491+0800][46.609s] GC(6) User=0.02s Sys=0.00s Real=0.01s
[2024-03-26T15:45:30.708+0800][46.826s] GC(7) Pause Young (Concurrent Start) (Metadata GC Threshold)
[2024-03-26T15:45:30.708+0800][46.826s] GC(7) Using 8 workers of 8 for evacuation
[2024-03-26T15:45:30.717+0800][46.836s] GC(7)   Pre Evacuate Collection Set: 0.29ms
[2024-03-26T15:45:30.717+0800][46.836s] GC(7)   Merge Heap Roots: 0.15ms
[2024-03-26T15:45:30.718+0800][46.836s] GC(7)   Evacuate Collection Set: 7.50ms
[2024-03-26T15:45:30.718+0800][46.836s] GC(7)   Post Evacuate Collection Set: 1.16ms
[2024-03-26T15:45:30.718+0800][46.836s] GC(7)   Other: 0.39ms
[2024-03-26T15:45:30.718+0800][46.836s] GC(7) Eden regions: 3->0(295)
[2024-03-26T15:45:30.718+0800][46.836s] GC(7) Survivor regions: 12->12(39)
[2024-03-26T15:45:30.718+0800][46.836s] GC(7) Old regions: 16->16
[2024-03-26T15:45:30.718+0800][46.836s] GC(7) Humongous regions: 4->4
[2024-03-26T15:45:30.718+0800][46.836s] GC(7) Metaspace: 36276K(36736K)->36276K(36736K) NonClass: 31939K(32192K)->31939K(32192K) Class: 4336K(4544K)->4336K(4544K)
[2024-03-26T15:45:30.718+0800][46.836s] GC(7) Pause Young (Concurrent Start) (Metadata GC Threshold) 33M->31M(512M) 10.579ms
[2024-03-26T15:45:30.718+0800][46.837s] GC(8) Concurrent Mark Cycle
[2024-03-26T15:45:30.718+0800][46.837s] GC(7) User=0.00s Sys=0.00s Real=0.01s
[2024-03-26T15:45:30.719+0800][46.837s] GC(8) Concurrent Scan Root Regions
[2024-03-26T15:45:30.724+0800][46.842s] GC(8) Concurrent Scan Root Regions 5.262ms
[2024-03-26T15:45:30.724+0800][46.842s] GC(8) Concurrent Mark
[2024-03-26T15:45:30.724+0800][46.842s] GC(8) Concurrent Mark From Roots
[2024-03-26T15:45:30.724+0800][46.842s] GC(8) Using 2 workers of 2 for marking
[2024-03-26T15:45:30.761+0800][46.879s] GC(8) Concurrent Mark From Roots 37.000ms
[2024-03-26T15:45:30.761+0800][46.879s] GC(8) Concurrent Preclean
[2024-03-26T15:45:30.761+0800][46.880s] GC(8) Concurrent Preclean 0.159ms
[2024-03-26T15:45:30.762+0800][46.880s] GC(8) Pause Remark
[2024-03-26T15:45:30.770+0800][46.889s] GC(8) Pause Remark 32M->32M(512M) 8.883ms
[2024-03-26T15:45:30.770+0800][46.889s] GC(8) User=0.02s Sys=0.00s Real=0.01s
[2024-03-26T15:45:30.770+0800][46.889s] GC(8) Concurrent Mark 46.943ms
[2024-03-26T15:45:30.771+0800][46.889s] GC(8) Concurrent Rebuild Remembered Sets and Scrub Regions
[2024-03-26T15:45:30.781+0800][46.900s] GC(8) Concurrent Rebuild Remembered Sets and Scrub Regions 10.626ms
[2024-03-26T15:45:30.782+0800][46.900s] GC(8) Pause Cleanup
[2024-03-26T15:45:30.782+0800][46.901s] GC(8) Pause Cleanup 32M->32M(512M) 0.385ms
[2024-03-26T15:45:30.782+0800][46.901s] GC(8) User=0.00s Sys=0.00s Real=0.00s
[2024-03-26T15:45:30.782+0800][46.901s] GC(8) Concurrent Clear Claimed Marks
[2024-03-26T15:45:30.782+0800][46.901s] GC(8) Concurrent Clear Claimed Marks 0.146ms
[2024-03-26T15:45:30.782+0800][46.901s] GC(8) Concurrent Cleanup for Next Mark
[2024-03-26T15:45:30.784+0800][46.902s] GC(8) Concurrent Cleanup for Next Mark 1.379ms
[2024-03-26T15:45:30.784+0800][46.903s] GC(8) Concurrent Mark Cycle 66.010ms
