[2024-04-05T17:50:58.567+0800][0.056s] CardTable entry size: 512
[2024-04-05T17:50:58.567+0800][0.058s] Using G1
[2024-04-05T17:50:59.371+0800][0.865s] Version: 22+36-2370 (release)
[2024-04-05T17:50:59.371+0800][0.865s] CPUs: 8 total, 8 available
[2024-04-05T17:50:59.371+0800][0.865s] Memory: 6020M
[2024-04-05T17:50:59.371+0800][0.865s] Large Page Support: Disabled
[2024-04-05T17:50:59.371+0800][0.865s] NUMA Support: Disabled
[2024-04-05T17:50:59.371+0800][0.865s] Compressed Oops: Enabled (32-bit)
[2024-04-05T17:50:59.371+0800][0.865s] Heap Region Size: 1M
[2024-04-05T17:50:59.371+0800][0.865s] Heap Min Capacity: 512M
[2024-04-05T17:50:59.371+0800][0.865s] Heap Initial Capacity: 512M
[2024-04-05T17:50:59.371+0800][0.865s] Heap Max Capacity: 512M
[2024-04-05T17:50:59.371+0800][0.866s] Pre-touch: Enabled
[2024-04-05T17:50:59.371+0800][0.866s] Parallel Workers: 8
[2024-04-05T17:50:59.371+0800][0.866s] Concurrent Workers: 2
[2024-04-05T17:50:59.371+0800][0.866s] Concurrent Refinement Workers: 8
[2024-04-05T17:50:59.371+0800][0.866s] Periodic GC: Disabled
[2024-04-05T17:50:59.403+0800][0.885s] CDS archive(s) mapped at: [0x0000017149000000-0x0000017149c60000-0x0000017149c60000), size 12976128, SharedBaseAddress: 0x0000017149000000, ArchiveRelocationMode: 1.
[2024-04-05T17:50:59.403+0800][0.886s] Compressed class space mapped at: 0x000001714a000000-0x000001718a000000, reserved size: 1073741824
[2024-04-05T17:50:59.403+0800][0.886s] Narrow klass base: 0x0000017149000000, Narrow klass shift: 0, Narrow klass range: 0x41000000
[2024-04-05T17:51:15.536+0800][17.018s] GC(0) Pause Young (Normal) (G1 Evacuation Pause)
[2024-04-05T17:51:15.536+0800][17.020s] GC(0) Using 8 workers of 8 for evacuation
[2024-04-05T17:51:15.549+0800][17.032s] GC(0)   Pre Evacuate Collection Set: 0.45ms
[2024-04-05T17:51:15.549+0800][17.032s] GC(0)   Merge Heap Roots: 0.29ms
[2024-04-05T17:51:15.549+0800][17.032s] GC(0)   Evacuate Collection Set: 8.84ms
[2024-04-05T17:51:15.549+0800][17.032s] GC(0)   Post Evacuate Collection Set: 1.74ms
[2024-04-05T17:51:15.549+0800][17.032s] GC(0)   Other: 2.01ms
[2024-04-05T17:51:15.549+0800][17.032s] GC(0) Eden regions: 30->0(41)
[2024-04-05T17:51:15.549+0800][17.032s] GC(0) Survivor regions: 0->4(4)
[2024-04-05T17:51:15.549+0800][17.032s] GC(0) Old regions: 0->1
[2024-04-05T17:51:15.549+0800][17.033s] GC(0) Humongous regions: 0->0
[2024-04-05T17:51:15.549+0800][17.033s] GC(0) Metaspace: 10039K(10304K)->10039K(10304K) NonClass: 8856K(9024K)->8856K(9024K) Class: 1183K(1280K)->1183K(1280K)
[2024-04-05T17:51:15.549+0800][17.033s] GC(0) Pause Young (Normal) (G1 Evacuation Pause) 30M->4M(512M) 14.897ms
[2024-04-05T17:51:15.549+0800][17.033s] GC(0) User=0.00s Sys=0.00s Real=0.01s
[2024-04-05T17:51:18.576+0800][20.064s] GC(1) Pause Young (Normal) (G1 Evacuation Pause)
[2024-04-05T17:51:18.576+0800][20.065s] GC(1) Using 8 workers of 8 for evacuation
[2024-04-05T17:51:18.591+0800][20.086s] GC(1)   Pre Evacuate Collection Set: 0.41ms
[2024-04-05T17:51:18.591+0800][20.086s] GC(1)   Merge Heap Roots: 0.19ms
[2024-04-05T17:51:18.591+0800][20.086s] GC(1)   Evacuate Collection Set: 18.40ms
[2024-04-05T17:51:18.591+0800][20.086s] GC(1)   Post Evacuate Collection Set: 1.68ms
[2024-04-05T17:51:18.591+0800][20.086s] GC(1)   Other: 0.39ms
[2024-04-05T17:51:18.591+0800][20.086s] GC(1) Eden regions: 41->0(65)
[2024-04-05T17:51:18.591+0800][20.087s] GC(1) Survivor regions: 4->6(6)
[2024-04-05T17:51:18.591+0800][20.087s] GC(1) Old regions: 1->10
[2024-04-05T17:51:18.591+0800][20.087s] GC(1) Humongous regions: 4->4
[2024-04-05T17:51:18.591+0800][20.087s] GC(1) Metaspace: 19146K(19520K)->19146K(19520K) NonClass: 16869K(17088K)->16869K(17088K) Class: 2277K(2432K)->2277K(2432K)
[2024-04-05T17:51:18.591+0800][20.087s] GC(1) Pause Young (Normal) (G1 Evacuation Pause) 49M->19M(512M) 22.445ms
[2024-04-05T17:51:18.591+0800][20.087s] GC(1) User=0.03s Sys=0.02s Real=0.02s
[2024-04-05T17:51:20.190+0800][21.683s] GC(2) Pause Young (Normal) (G1 Evacuation Pause)
[2024-04-05T17:51:20.190+0800][21.683s] GC(2) Using 8 workers of 8 for evacuation
[2024-04-05T17:51:20.206+0800][21.694s] GC(2)   Pre Evacuate Collection Set: 0.48ms
[2024-04-05T17:51:20.206+0800][21.695s] GC(2)   Merge Heap Roots: 0.20ms
[2024-04-05T17:51:20.206+0800][21.695s] GC(2)   Evacuate Collection Set: 8.82ms
[2024-04-05T17:51:20.206+0800][21.695s] GC(2)   Post Evacuate Collection Set: 1.05ms
[2024-04-05T17:51:20.206+0800][21.695s] GC(2)   Other: 0.47ms
[2024-04-05T17:51:20.206+0800][21.695s] GC(2) Eden regions: 63->0(302)
[2024-04-05T17:51:20.206+0800][21.695s] GC(2) Survivor regions: 6->5(9)
[2024-04-05T17:51:20.206+0800][21.695s] GC(2) Old regions: 10->16
[2024-04-05T17:51:20.206+0800][21.695s] GC(2) Humongous regions: 4->4
[2024-04-05T17:51:20.206+0800][21.695s] GC(2) Metaspace: 19344K(19840K)->19344K(19840K) NonClass: 17064K(17344K)->17064K(17344K) Class: 2280K(2496K)->2280K(2496K)
[2024-04-05T17:51:20.206+0800][21.695s] GC(2) Pause Young (Normal) (G1 Evacuation Pause) 82M->23M(512M) 12.287ms
[2024-04-05T17:51:20.206+0800][21.696s] GC(2) User=0.03s Sys=0.00s Real=0.02s
[2024-04-05T17:51:21.200+0800][22.697s] GC(3) Pause Young (Concurrent Start) (Metadata GC Threshold)
[2024-04-05T17:51:21.200+0800][22.698s] GC(3) Using 8 workers of 8 for evacuation
[2024-04-05T17:51:21.216+0800][22.704s] GC(3)   Pre Evacuate Collection Set: 0.46ms
[2024-04-05T17:51:21.216+0800][22.704s] GC(3)   Merge Heap Roots: 0.17ms
[2024-04-05T17:51:21.216+0800][22.704s] GC(3)   Evacuate Collection Set: 3.82ms
[2024-04-05T17:51:21.216+0800][22.704s] GC(3)   Post Evacuate Collection Set: 1.07ms
[2024-04-05T17:51:21.216+0800][22.704s] GC(3)   Other: 0.50ms
[2024-04-05T17:51:21.216+0800][22.704s] GC(3) Eden regions: 20->0(302)
[2024-04-05T17:51:21.216+0800][22.704s] GC(3) Survivor regions: 5->5(39)
[2024-04-05T17:51:21.216+0800][22.704s] GC(3) Old regions: 16->16
[2024-04-05T17:51:21.216+0800][22.705s] GC(3) Humongous regions: 4->4
[2024-04-05T17:51:21.216+0800][22.705s] GC(3) Metaspace: 21075K(21504K)->21075K(21504K) NonClass: 18576K(18816K)->18576K(18816K) Class: 2498K(2688K)->2498K(2688K)
[2024-04-05T17:51:21.216+0800][22.705s] GC(3) Pause Young (Concurrent Start) (Metadata GC Threshold) 43M->23M(512M) 7.710ms
[2024-04-05T17:51:21.216+0800][22.705s] GC(4) Concurrent Mark Cycle
[2024-04-05T17:51:21.216+0800][22.705s] GC(3) User=0.00s Sys=0.00s Real=0.02s
[2024-04-05T17:51:21.216+0800][22.705s] GC(4) Concurrent Scan Root Regions
[2024-04-05T17:51:21.216+0800][22.709s] GC(4) Concurrent Scan Root Regions 4.171ms
[2024-04-05T17:51:21.216+0800][22.710s] GC(4) Concurrent Mark
[2024-04-05T17:51:21.216+0800][22.710s] GC(4) Concurrent Mark From Roots
[2024-04-05T17:51:21.216+0800][22.710s] GC(4) Using 2 workers of 2 for marking
[2024-04-05T17:51:21.279+0800][22.764s] GC(4) Concurrent Mark From Roots 54.122ms
[2024-04-05T17:51:21.279+0800][22.764s] GC(4) Concurrent Preclean
[2024-04-05T17:51:21.279+0800][22.764s] GC(4) Concurrent Preclean 0.219ms
[2024-04-05T17:51:21.279+0800][22.765s] GC(4) Pause Remark
[2024-04-05T17:51:21.279+0800][22.772s] GC(4) Pause Remark 25M->25M(512M) 7.793ms
[2024-04-05T17:51:21.279+0800][22.773s] GC(4) User=0.00s Sys=0.00s Real=0.00s
[2024-04-05T17:51:21.279+0800][22.773s] GC(4) Concurrent Mark 63.221ms
[2024-04-05T17:51:21.279+0800][22.773s] GC(4) Concurrent Rebuild Remembered Sets and Scrub Regions
[2024-04-05T17:51:21.294+0800][22.789s] GC(4) Concurrent Rebuild Remembered Sets and Scrub Regions 15.772ms
[2024-04-05T17:51:21.294+0800][22.789s] GC(4) Pause Cleanup
[2024-04-05T17:51:21.294+0800][22.790s] GC(4) Pause Cleanup 26M->26M(512M) 0.609ms
[2024-04-05T17:51:21.294+0800][22.790s] GC(4) User=0.00s Sys=0.00s Real=0.00s
[2024-04-05T17:51:21.294+0800][22.790s] GC(4) Concurrent Clear Claimed Marks
[2024-04-05T17:51:21.294+0800][22.790s] GC(4) Concurrent Clear Claimed Marks 0.186ms
[2024-04-05T17:51:21.294+0800][22.791s] GC(4) Concurrent Cleanup for Next Mark
[2024-04-05T17:51:21.310+0800][22.793s] GC(4) Concurrent Cleanup for Next Mark 2.407ms
[2024-04-05T17:51:21.310+0800][22.793s] GC(4) Concurrent Mark Cycle 88.141ms
[2024-04-05T17:52:05.384+0800][66.873s] GC(5) Pause Young (Prepare Mixed) (Metadata GC Threshold)
[2024-04-05T17:52:05.384+0800][66.874s] GC(5) Using 8 workers of 8 for evacuation
[2024-04-05T17:52:05.396+0800][66.890s] GC(5)   Pre Evacuate Collection Set: 0.48ms
[2024-04-05T17:52:05.396+0800][66.890s] GC(5)   Merge Heap Roots: 0.27ms
[2024-04-05T17:52:05.396+0800][66.891s] GC(5)   Evacuate Collection Set: 13.58ms
[2024-04-05T17:52:05.396+0800][66.891s] GC(5)   Post Evacuate Collection Set: 1.92ms
[2024-04-05T17:52:05.396+0800][66.891s] GC(5)   Other: 0.37ms
[2024-04-05T17:52:05.396+0800][66.891s] GC(5) Eden regions: 96->0(296)
[2024-04-05T17:52:05.396+0800][66.891s] GC(5) Survivor regions: 5->11(39)
[2024-04-05T17:52:05.396+0800][66.891s] GC(5) Old regions: 16->16
[2024-04-05T17:52:05.396+0800][66.891s] GC(5) Humongous regions: 4->4
[2024-04-05T17:52:05.396+0800][66.891s] GC(5) Metaspace: 35716K(36160K)->35716K(36160K) NonClass: 31404K(31616K)->31404K(31616K) Class: 4311K(4544K)->4311K(4544K)
[2024-04-05T17:52:05.396+0800][66.891s] GC(5) Pause Young (Prepare Mixed) (Metadata GC Threshold) 119M->29M(512M) 17.883ms
[2024-04-05T17:52:05.396+0800][66.891s] GC(5) User=0.00s Sys=0.00s Real=0.01s
[2024-04-05T17:52:05.704+0800][67.197s] GC(6) Pause Young (Mixed) (Metadata GC Threshold)
[2024-04-05T17:52:05.704+0800][67.197s] GC(6) Using 8 workers of 8 for evacuation
[2024-04-05T17:52:05.719+0800][67.212s] GC(6)   Pre Evacuate Collection Set: 0.42ms
[2024-04-05T17:52:05.719+0800][67.212s] GC(6)   Merge Heap Roots: 0.16ms
[2024-04-05T17:52:05.719+0800][67.213s] GC(6)   Evacuate Collection Set: 12.19ms
[2024-04-05T17:52:05.719+0800][67.213s] GC(6)   Post Evacuate Collection Set: 2.04ms
[2024-04-05T17:52:05.719+0800][67.213s] GC(6)   Other: 0.44ms
[2024-04-05T17:52:05.719+0800][67.213s] GC(6) Eden regions: 5->0(296)
[2024-04-05T17:52:05.719+0800][67.213s] GC(6) Survivor regions: 11->11(39)
[2024-04-05T17:52:05.719+0800][67.213s] GC(6) Old regions: 16->16
[2024-04-05T17:52:05.719+0800][67.213s] GC(6) Humongous regions: 4->4
[2024-04-05T17:52:05.719+0800][67.213s] GC(6) Metaspace: 36010K(36480K)->36010K(36480K) NonClass: 31662K(31872K)->31662K(31872K) Class: 4347K(4608K)->4347K(4608K)
[2024-04-05T17:52:05.719+0800][67.214s] GC(6) Pause Young (Mixed) (Metadata GC Threshold) 33M->29M(512M) 17.013ms
[2024-04-05T17:52:05.719+0800][67.214s] GC(6) User=0.02s Sys=0.00s Real=0.02s
[2024-04-05T17:52:06.010+0800][67.502s] GC(7) Pause Young (Concurrent Start) (Metadata GC Threshold)
[2024-04-05T17:52:06.010+0800][67.502s] GC(7) Using 8 workers of 8 for evacuation
[2024-04-05T17:52:06.026+0800][67.513s] GC(7)   Pre Evacuate Collection Set: 0.51ms
[2024-04-05T17:52:06.026+0800][67.513s] GC(7)   Merge Heap Roots: 0.16ms
[2024-04-05T17:52:06.026+0800][67.514s] GC(7)   Evacuate Collection Set: 8.06ms
[2024-04-05T17:52:06.026+0800][67.514s] GC(7)   Post Evacuate Collection Set: 1.74ms
[2024-04-05T17:52:06.026+0800][67.514s] GC(7)   Other: 0.53ms
[2024-04-05T17:52:06.026+0800][67.514s] GC(7) Eden regions: 8->0(296)
[2024-04-05T17:52:06.026+0800][67.514s] GC(7) Survivor regions: 11->11(39)
[2024-04-05T17:52:06.026+0800][67.514s] GC(7) Old regions: 16->16
[2024-04-05T17:52:06.026+0800][67.514s] GC(7) Humongous regions: 4->4
[2024-04-05T17:52:06.026+0800][67.514s] GC(7) Metaspace: 36289K(36800K)->36289K(36800K) NonClass: 31898K(32128K)->31898K(32128K) Class: 4390K(4672K)->4390K(4672K)
[2024-04-05T17:52:06.026+0800][67.514s] GC(7) Pause Young (Concurrent Start) (Metadata GC Threshold) 37M->29M(512M) 12.190ms
[2024-04-05T17:52:06.026+0800][67.514s] GC(7) User=0.02s Sys=0.00s Real=0.02s
[2024-04-05T17:52:06.026+0800][67.514s] GC(8) Concurrent Mark Cycle
[2024-04-05T17:52:06.026+0800][67.515s] GC(8) Concurrent Scan Root Regions
[2024-04-05T17:52:06.026+0800][67.523s] GC(8) Concurrent Scan Root Regions 7.882ms
[2024-04-05T17:52:06.026+0800][67.523s] GC(8) Concurrent Mark
[2024-04-05T17:52:06.026+0800][67.523s] GC(8) Concurrent Mark From Roots
[2024-04-05T17:52:06.026+0800][67.523s] GC(8) Using 2 workers of 2 for marking
[2024-04-05T17:52:06.076+0800][67.560s] GC(8) Concurrent Mark From Roots 37.427ms
[2024-04-05T17:52:06.076+0800][67.560s] GC(8) Concurrent Preclean
[2024-04-05T17:52:06.076+0800][67.561s] GC(8) Concurrent Preclean 0.187ms
[2024-04-05T17:52:06.076+0800][67.561s] GC(8) Pause Remark
[2024-04-05T17:52:06.086+0800][67.571s] GC(8) Pause Remark 32M->32M(512M) 9.668ms
[2024-04-05T17:52:06.086+0800][67.571s] GC(8) User=0.00s Sys=0.00s Real=0.01s
[2024-04-05T17:52:06.086+0800][67.571s] GC(8) Concurrent Mark 48.454ms
[2024-04-05T17:52:06.086+0800][67.571s] GC(8) Concurrent Rebuild Remembered Sets and Scrub Regions
[2024-04-05T17:52:06.091+0800][67.583s] GC(8) Concurrent Rebuild Remembered Sets and Scrub Regions 11.653ms
[2024-04-05T17:52:06.091+0800][67.583s] GC(8) Pause Cleanup
[2024-04-05T17:52:06.091+0800][67.584s] GC(8) Pause Cleanup 32M->32M(512M) 0.495ms
[2024-04-05T17:52:06.091+0800][67.584s] GC(8) User=0.00s Sys=0.00s Real=0.00s
[2024-04-05T17:52:06.091+0800][67.584s] GC(8) Concurrent Clear Claimed Marks
[2024-04-05T17:52:06.091+0800][67.584s] GC(8) Concurrent Clear Claimed Marks 0.154ms
[2024-04-05T17:52:06.091+0800][67.584s] GC(8) Concurrent Cleanup for Next Mark
[2024-04-05T17:52:06.091+0800][67.586s] GC(8) Concurrent Cleanup for Next Mark 1.601ms
[2024-04-05T17:52:06.091+0800][67.586s] GC(8) Concurrent Mark Cycle 71.722ms
[2024-04-05T17:52:19.380+0800][80.864s] GC(9) Pause Young (Prepare Mixed) (G1 Evacuation Pause)
[2024-04-05T17:52:19.380+0800][80.864s] GC(9) Using 8 workers of 8 for evacuation
[2024-04-05T17:52:19.411+0800][80.893s] GC(9)   Pre Evacuate Collection Set: 0.38ms
[2024-04-05T17:52:19.411+0800][80.893s] GC(9)   Merge Heap Roots: 0.22ms
[2024-04-05T17:52:19.411+0800][80.893s] GC(9)   Evacuate Collection Set: 24.52ms
[2024-04-05T17:52:19.411+0800][80.893s] GC(9)   Post Evacuate Collection Set: 3.06ms
[2024-04-05T17:52:19.411+0800][80.893s] GC(9)   Other: 0.53ms
[2024-04-05T17:52:19.411+0800][80.894s] GC(9) Eden regions: 296->0(281)
[2024-04-05T17:52:19.411+0800][80.894s] GC(9) Survivor regions: 11->26(39)
[2024-04-05T17:52:19.411+0800][80.894s] GC(9) Old regions: 16->16
[2024-04-05T17:52:19.411+0800][80.894s] GC(9) Humongous regions: 7->4
[2024-04-05T17:52:19.411+0800][80.894s] GC(9) Metaspace: 51504K(52096K)->51504K(52096K) NonClass: 45003K(45312K)->45003K(45312K) Class: 6501K(6784K)->6501K(6784K)
[2024-04-05T17:52:19.411+0800][80.894s] GC(9) Pause Young (Prepare Mixed) (G1 Evacuation Pause) 328M->45M(512M) 30.026ms
[2024-04-05T17:52:19.411+0800][80.894s] GC(9) User=0.11s Sys=0.00s Real=0.03s
[2024-04-05T20:27:01.983+0800][9363.766s] Heap
[2024-04-05T20:27:01.983+0800][9363.766s]  garbage-first heap   total reserved 524288K, committed 524288K, used 186439K [0x00000000e0000000, 0x0000000100000000)
[2024-04-05T20:27:01.983+0800][9363.767s]   region size 1024K, 163 young (166912K), 26 survivors (26624K)
[2024-04-05T20:27:01.983+0800][9363.767s]  Metaspace       used 59811K, committed 60672K, reserved 1114112K
[2024-04-05T20:27:01.983+0800][9363.767s]   class space    used 7559K, committed 7936K, reserved 1048576K
