[2024-03-26T16:00:10.694+0800][0.071s] CardTable entry size: 512
[2024-03-26T16:00:10.694+0800][0.073s] Using G1
[2024-03-26T16:00:12.012+0800][1.385s] Version: 22+36-2370 (release)
[2024-03-26T16:00:12.012+0800][1.385s] CPUs: 8 total, 8 available
[2024-03-26T16:00:12.012+0800][1.385s] Memory: 6020M
[2024-03-26T16:00:12.012+0800][1.385s] Large Page Support: Disabled
[2024-03-26T16:00:12.012+0800][1.385s] NUMA Support: Disabled
[2024-03-26T16:00:12.012+0800][1.385s] Compressed Oops: Enabled (32-bit)
[2024-03-26T16:00:12.012+0800][1.385s] Heap Region Size: 1M
[2024-03-26T16:00:12.012+0800][1.386s] Heap Min Capacity: 512M
[2024-03-26T16:00:12.012+0800][1.386s] Heap Initial Capacity: 512M
[2024-03-26T16:00:12.012+0800][1.386s] Heap Max Capacity: 512M
[2024-03-26T16:00:12.012+0800][1.386s] Pre-touch: Enabled
[2024-03-26T16:00:12.012+0800][1.386s] Parallel Workers: 8
[2024-03-26T16:00:12.012+0800][1.386s] Concurrent Workers: 2
[2024-03-26T16:00:12.012+0800][1.386s] Concurrent Refinement Workers: 8
[2024-03-26T16:00:12.012+0800][1.387s] Periodic GC: Disabled
[2024-03-26T16:00:12.028+0800][1.410s] CDS archive(s) mapped at: [0x000002d121000000-0x000002d121c60000-0x000002d121c60000), size 12976128, SharedBaseAddress: 0x000002d121000000, ArchiveRelocationMode: 1.
[2024-03-26T16:00:12.028+0800][1.411s] Compressed class space mapped at: 0x000002d122000000-0x000002d162000000, reserved size: 1073741824
[2024-03-26T16:00:12.028+0800][1.411s] Narrow klass base: 0x000002d121000000, Narrow klass shift: 0, Narrow klass range: 0x41000000
[2024-03-26T16:00:29.189+0800][18.570s] GC(0) Pause Young (Normal) (G1 Evacuation Pause)
[2024-03-26T16:00:29.189+0800][18.572s] GC(0) Using 8 workers of 8 for evacuation
[2024-03-26T16:00:29.205+0800][18.582s] GC(0)   Pre Evacuate Collection Set: 0.31ms
[2024-03-26T16:00:29.205+0800][18.582s] GC(0)   Merge Heap Roots: 0.20ms
[2024-03-26T16:00:29.205+0800][18.582s] GC(0)   Evacuate Collection Set: 7.59ms
[2024-03-26T16:00:29.205+0800][18.582s] GC(0)   Post Evacuate Collection Set: 1.30ms
[2024-03-26T16:00:29.205+0800][18.582s] GC(0)   Other: 1.67ms
[2024-03-26T16:00:29.205+0800][18.582s] GC(0) Eden regions: 30->0(41)
[2024-03-26T16:00:29.205+0800][18.583s] GC(0) Survivor regions: 0->4(4)
[2024-03-26T16:00:29.205+0800][18.583s] GC(0) Old regions: 0->1
[2024-03-26T16:00:29.205+0800][18.583s] GC(0) Humongous regions: 0->0
[2024-03-26T16:00:29.205+0800][18.583s] GC(0) Metaspace: 10027K(10304K)->10027K(10304K) NonClass: 8846K(9024K)->8846K(9024K) Class: 1181K(1280K)->1181K(1280K)
[2024-03-26T16:00:29.205+0800][18.583s] GC(0) Pause Young (Normal) (G1 Evacuation Pause) 30M->4M(512M) 12.597ms
[2024-03-26T16:00:29.205+0800][18.583s] GC(0) User=0.02s Sys=0.00s Real=0.02s
[2024-03-26T16:00:31.686+0800][21.060s] GC(1) Pause Young (Normal) (G1 Evacuation Pause)
[2024-03-26T16:00:31.686+0800][21.060s] GC(1) Using 8 workers of 8 for evacuation
[2024-03-26T16:00:31.697+0800][21.078s] GC(1)   Pre Evacuate Collection Set: 0.35ms
[2024-03-26T16:00:31.697+0800][21.078s] GC(1)   Merge Heap Roots: 0.20ms
[2024-03-26T16:00:31.697+0800][21.079s] GC(1)   Evacuate Collection Set: 15.96ms
[2024-03-26T16:00:31.697+0800][21.079s] GC(1)   Post Evacuate Collection Set: 1.65ms
[2024-03-26T16:00:31.697+0800][21.079s] GC(1)   Other: 0.35ms
[2024-03-26T16:00:31.697+0800][21.079s] GC(1) Eden regions: 41->0(65)
[2024-03-26T16:00:31.697+0800][21.079s] GC(1) Survivor regions: 4->6(6)
[2024-03-26T16:00:31.697+0800][21.079s] GC(1) Old regions: 1->9
[2024-03-26T16:00:31.697+0800][21.079s] GC(1) Humongous regions: 4->4
[2024-03-26T16:00:31.697+0800][21.079s] GC(1) Metaspace: 19118K(19520K)->19118K(19520K) NonClass: 16840K(17024K)->16840K(17024K) Class: 2277K(2496K)->2277K(2496K)
[2024-03-26T16:00:31.697+0800][21.079s] GC(1) Pause Young (Normal) (G1 Evacuation Pause) 49M->19M(512M) 19.683ms
[2024-03-26T16:00:31.697+0800][21.079s] GC(1) User=0.03s Sys=0.00s Real=0.01s
[2024-03-26T16:00:33.080+0800][22.454s] GC(2) Pause Young (Normal) (G1 Evacuation Pause)
[2024-03-26T16:00:33.080+0800][22.455s] GC(2) Using 8 workers of 8 for evacuation
[2024-03-26T16:00:33.089+0800][22.463s] GC(2)   Pre Evacuate Collection Set: 0.32ms
[2024-03-26T16:00:33.089+0800][22.463s] GC(2)   Merge Heap Roots: 0.18ms
[2024-03-26T16:00:33.089+0800][22.464s] GC(2)   Evacuate Collection Set: 6.88ms
[2024-03-26T16:00:33.089+0800][22.464s] GC(2)   Post Evacuate Collection Set: 0.93ms
[2024-03-26T16:00:33.089+0800][22.464s] GC(2)   Other: 0.45ms
[2024-03-26T16:00:33.089+0800][22.464s] GC(2) Eden regions: 62->0(302)
[2024-03-26T16:00:33.089+0800][22.464s] GC(2) Survivor regions: 6->5(9)
[2024-03-26T16:00:33.089+0800][22.464s] GC(2) Old regions: 9->16
[2024-03-26T16:00:33.089+0800][22.464s] GC(2) Humongous regions: 4->4
[2024-03-26T16:00:33.089+0800][22.464s] GC(2) Metaspace: 19319K(19776K)->19319K(19776K) NonClass: 17038K(17280K)->17038K(17280K) Class: 2280K(2496K)->2280K(2496K)
[2024-03-26T16:00:33.089+0800][22.464s] GC(2) Pause Young (Normal) (G1 Evacuation Pause) 81M->23M(512M) 9.864ms
[2024-03-26T16:00:33.089+0800][22.464s] GC(2) User=0.00s Sys=0.00s Real=0.01s
[2024-03-26T16:00:33.906+0800][23.280s] GC(3) Pause Young (Concurrent Start) (Metadata GC Threshold)
[2024-03-26T16:00:33.906+0800][23.280s] GC(3) Using 8 workers of 8 for evacuation
[2024-03-26T16:00:33.906+0800][23.285s] GC(3)   Pre Evacuate Collection Set: 0.35ms
[2024-03-26T16:00:33.906+0800][23.286s] GC(3)   Merge Heap Roots: 0.14ms
[2024-03-26T16:00:33.906+0800][23.286s] GC(3)   Evacuate Collection Set: 3.28ms
[2024-03-26T16:00:33.906+0800][23.286s] GC(3)   Post Evacuate Collection Set: 0.93ms
[2024-03-26T16:00:33.906+0800][23.286s] GC(3)   Other: 0.38ms
[2024-03-26T16:00:33.906+0800][23.286s] GC(3) Eden regions: 20->0(302)
[2024-03-26T16:00:33.906+0800][23.286s] GC(3) Survivor regions: 5->5(39)
[2024-03-26T16:00:33.906+0800][23.286s] GC(3) Old regions: 16->16
[2024-03-26T16:00:33.906+0800][23.286s] GC(3) Humongous regions: 4->4
[2024-03-26T16:00:33.906+0800][23.286s] GC(3) Metaspace: 21082K(21504K)->21082K(21504K) NonClass: 18580K(18816K)->18580K(18816K) Class: 2501K(2688K)->2501K(2688K)
[2024-03-26T16:00:33.906+0800][23.286s] GC(3) Pause Young (Concurrent Start) (Metadata GC Threshold) 43M->24M(512M) 6.171ms
[2024-03-26T16:00:33.906+0800][23.286s] GC(3) User=0.00s Sys=0.00s Real=0.00s
[2024-03-26T16:00:33.906+0800][23.287s] GC(4) Concurrent Mark Cycle
[2024-03-26T16:00:33.906+0800][23.287s] GC(4) Concurrent Scan Root Regions
[2024-03-26T16:00:33.906+0800][23.290s] GC(4) Concurrent Scan Root Regions 3.095ms
[2024-03-26T16:00:33.906+0800][23.290s] GC(4) Concurrent Mark
[2024-03-26T16:00:33.906+0800][23.290s] GC(4) Concurrent Mark From Roots
[2024-03-26T16:00:33.906+0800][23.290s] GC(4) Using 2 workers of 2 for marking
[2024-03-26T16:00:33.953+0800][23.330s] GC(4) Concurrent Mark From Roots 40.316ms
[2024-03-26T16:00:33.953+0800][23.331s] GC(4) Concurrent Preclean
[2024-03-26T16:00:33.953+0800][23.331s] GC(4) Concurrent Preclean 0.205ms
[2024-03-26T16:00:33.953+0800][23.331s] GC(4) Pause Remark
[2024-03-26T16:00:33.953+0800][23.337s] GC(4) Pause Remark 26M->26M(512M) 5.526ms
[2024-03-26T16:00:33.953+0800][23.337s] GC(4) User=0.00s Sys=0.00s Real=0.00s
[2024-03-26T16:00:33.953+0800][23.337s] GC(4) Concurrent Mark 46.890ms
[2024-03-26T16:00:33.953+0800][23.337s] GC(4) Concurrent Rebuild Remembered Sets and Scrub Regions
[2024-03-26T16:00:33.969+0800][23.348s] GC(4) Concurrent Rebuild Remembered Sets and Scrub Regions 11.387ms
[2024-03-26T16:00:33.969+0800][23.349s] GC(4) Pause Cleanup
[2024-03-26T16:00:33.969+0800][23.349s] GC(4) Pause Cleanup 26M->26M(512M) 0.387ms
[2024-03-26T16:00:33.969+0800][23.349s] GC(4) User=0.00s Sys=0.00s Real=0.00s
[2024-03-26T16:00:33.969+0800][23.349s] GC(4) Concurrent Clear Claimed Marks
[2024-03-26T16:00:33.969+0800][23.349s] GC(4) Concurrent Clear Claimed Marks 0.137ms
[2024-03-26T16:00:33.969+0800][23.350s] GC(4) Concurrent Cleanup for Next Mark
[2024-03-26T16:00:33.969+0800][23.351s] GC(4) Concurrent Cleanup for Next Mark 1.147ms
[2024-03-26T16:00:33.969+0800][23.351s] GC(4) Concurrent Mark Cycle 64.347ms
[2024-03-26T16:01:16.488+0800][65.865s] GC(5) Pause Young (Prepare Mixed) (Metadata GC Threshold)
[2024-03-26T16:01:16.488+0800][65.865s] GC(5) Using 8 workers of 8 for evacuation
[2024-03-26T16:01:16.503+0800][65.876s] GC(5)   Pre Evacuate Collection Set: 0.46ms
[2024-03-26T16:01:16.503+0800][65.876s] GC(5)   Merge Heap Roots: 0.18ms
[2024-03-26T16:01:16.503+0800][65.876s] GC(5)   Evacuate Collection Set: 8.68ms
[2024-03-26T16:01:16.503+0800][65.876s] GC(5)   Post Evacuate Collection Set: 1.50ms
[2024-03-26T16:01:16.503+0800][65.877s] GC(5)   Other: 0.35ms
[2024-03-26T16:01:16.503+0800][65.877s] GC(5) Eden regions: 88->0(297)
[2024-03-26T16:01:16.503+0800][65.877s] GC(5) Survivor regions: 5->10(39)
[2024-03-26T16:01:16.503+0800][65.877s] GC(5) Old regions: 16->16
[2024-03-26T16:01:16.503+0800][65.877s] GC(5) Humongous regions: 4->4
[2024-03-26T16:01:16.503+0800][65.877s] GC(5) Metaspace: 35621K(36096K)->35621K(36096K) NonClass: 31325K(31552K)->31325K(31552K) Class: 4295K(4544K)->4295K(4544K)
[2024-03-26T16:01:16.503+0800][65.877s] GC(5) Pause Young (Prepare Mixed) (Metadata GC Threshold) 112M->28M(512M) 12.406ms
[2024-03-26T16:01:16.503+0800][65.877s] GC(5) User=0.02s Sys=0.00s Real=0.02s
[2024-03-26T16:01:16.640+0800][66.010s] GC(6) Pause Young (Mixed) (Metadata GC Threshold)
[2024-03-26T16:01:16.640+0800][66.010s] GC(6) Using 8 workers of 8 for evacuation
[2024-03-26T16:01:16.645+0800][66.020s] GC(6)   Pre Evacuate Collection Set: 0.28ms
[2024-03-26T16:01:16.645+0800][66.020s] GC(6)   Merge Heap Roots: 0.11ms
[2024-03-26T16:01:16.645+0800][66.021s] GC(6)   Evacuate Collection Set: 7.85ms
[2024-03-26T16:01:16.645+0800][66.021s] GC(6)   Post Evacuate Collection Set: 1.35ms
[2024-03-26T16:01:16.645+0800][66.021s] GC(6)   Other: 0.29ms
[2024-03-26T16:01:16.645+0800][66.021s] GC(6) Eden regions: 4->0(297)
[2024-03-26T16:01:16.645+0800][66.021s] GC(6) Survivor regions: 10->10(39)
[2024-03-26T16:01:16.645+0800][66.021s] GC(6) Old regions: 16->15
[2024-03-26T16:01:16.645+0800][66.021s] GC(6) Humongous regions: 4->4
[2024-03-26T16:01:16.645+0800][66.021s] GC(6) Metaspace: 35931K(36416K)->35931K(36416K) NonClass: 31586K(31872K)->31586K(31872K) Class: 4345K(4544K)->4345K(4544K)
[2024-03-26T16:01:16.645+0800][66.021s] GC(6) Pause Young (Mixed) (Metadata GC Threshold) 32M->28M(512M) 10.969ms
[2024-03-26T16:01:16.645+0800][66.021s] GC(6) User=0.00s Sys=0.00s Real=0.00s
[2024-03-26T16:01:17.011+0800][66.381s] GC(7) Pause Young (Concurrent Start) (Metadata GC Threshold)
[2024-03-26T16:01:17.011+0800][66.381s] GC(7) Using 8 workers of 8 for evacuation
[2024-03-26T16:01:17.019+0800][66.390s] GC(7)   Pre Evacuate Collection Set: 0.37ms
[2024-03-26T16:01:17.019+0800][66.391s] GC(7)   Merge Heap Roots: 0.13ms
[2024-03-26T16:01:17.019+0800][66.391s] GC(7)   Evacuate Collection Set: 7.14ms
[2024-03-26T16:01:17.019+0800][66.391s] GC(7)   Post Evacuate Collection Set: 1.30ms
[2024-03-26T16:01:17.019+0800][66.391s] GC(7)   Other: 0.39ms
[2024-03-26T16:01:17.019+0800][66.391s] GC(7) Eden regions: 12->0(297)
[2024-03-26T16:01:17.019+0800][66.391s] GC(7) Survivor regions: 10->10(39)
[2024-03-26T16:01:17.019+0800][66.391s] GC(7) Old regions: 15->15
[2024-03-26T16:01:17.019+0800][66.391s] GC(7) Humongous regions: 4->4
[2024-03-26T16:01:17.019+0800][66.391s] GC(7) Metaspace: 36300K(36736K)->36300K(36736K) NonClass: 31902K(32128K)->31902K(32128K) Class: 4397K(4608K)->4397K(4608K)
[2024-03-26T16:01:17.019+0800][66.391s] GC(7) Pause Young (Concurrent Start) (Metadata GC Threshold) 40M->28M(512M) 10.427ms
[2024-03-26T16:01:17.019+0800][66.392s] GC(8) Concurrent Mark Cycle
[2024-03-26T16:01:17.019+0800][66.392s] GC(7) User=0.02s Sys=0.00s Real=0.01s
[2024-03-26T16:01:17.019+0800][66.392s] GC(8) Concurrent Scan Root Regions
[2024-03-26T16:01:17.019+0800][66.399s] GC(8) Concurrent Scan Root Regions 7.063ms
[2024-03-26T16:01:17.019+0800][66.399s] GC(8) Concurrent Mark
[2024-03-26T16:01:17.019+0800][66.399s] GC(8) Concurrent Mark From Roots
[2024-03-26T16:01:17.019+0800][66.399s] GC(8) Using 2 workers of 2 for marking
[2024-03-26T16:01:17.051+0800][66.433s] GC(8) Concurrent Mark From Roots 34.035ms
[2024-03-26T16:01:17.051+0800][66.433s] GC(8) Concurrent Preclean
[2024-03-26T16:01:17.051+0800][66.433s] GC(8) Concurrent Preclean 0.160ms
[2024-03-26T16:01:17.051+0800][66.434s] GC(8) Pause Remark
[2024-03-26T16:01:17.067+0800][66.442s] GC(8) Pause Remark 30M->30M(512M) 8.500ms
[2024-03-26T16:01:17.067+0800][66.442s] GC(8) User=0.02s Sys=0.00s Real=0.02s
[2024-03-26T16:01:17.067+0800][66.442s] GC(8) Concurrent Mark 43.589ms
[2024-03-26T16:01:17.067+0800][66.443s] GC(8) Concurrent Rebuild Remembered Sets and Scrub Regions
[2024-03-26T16:01:17.083+0800][66.453s] GC(8) Concurrent Rebuild Remembered Sets and Scrub Regions 10.039ms
[2024-03-26T16:01:17.084+0800][66.453s] GC(8) Pause Cleanup
[2024-03-26T16:01:17.084+0800][66.453s] GC(8) Pause Cleanup 30M->30M(512M) 0.376ms
[2024-03-26T16:01:17.084+0800][66.453s] GC(8) User=0.00s Sys=0.00s Real=0.00s
[2024-03-26T16:01:17.084+0800][66.454s] GC(8) Concurrent Clear Claimed Marks
[2024-03-26T16:01:17.084+0800][66.454s] GC(8) Concurrent Clear Claimed Marks 0.132ms
[2024-03-26T16:01:17.084+0800][66.454s] GC(8) Concurrent Cleanup for Next Mark
[2024-03-26T16:01:17.084+0800][66.455s] GC(8) Concurrent Cleanup for Next Mark 1.071ms
[2024-03-26T16:01:17.084+0800][66.455s] GC(8) Concurrent Mark Cycle 63.471ms
[2024-03-26T16:14:21.296+0800][850.665s] GC(9) Pause Young (Normal) (G1 Evacuation Pause)
[2024-03-26T16:14:21.296+0800][850.665s] GC(9) Using 8 workers of 8 for evacuation
[2024-03-26T16:14:21.333+0800][850.702s] GC(9)   Pre Evacuate Collection Set: 0.63ms
[2024-03-26T16:14:21.333+0800][850.702s] GC(9)   Merge Heap Roots: 0.35ms
[2024-03-26T16:14:21.333+0800][850.702s] GC(9)   Evacuate Collection Set: 31.63ms
[2024-03-26T16:14:21.333+0800][850.703s] GC(9)   Post Evacuate Collection Set: 3.56ms
[2024-03-26T16:14:21.333+0800][850.703s] GC(9)   Other: 0.87ms
[2024-03-26T16:14:21.333+0800][850.703s] GC(9) Eden regions: 297->0(278)
[2024-03-26T16:14:21.333+0800][850.703s] GC(9) Survivor regions: 10->29(39)
[2024-03-26T16:14:21.333+0800][850.703s] GC(9) Old regions: 15->15
[2024-03-26T16:14:21.333+0800][850.703s] GC(9) Humongous regions: 6->4
[2024-03-26T16:14:21.333+0800][850.703s] GC(9) Metaspace: 58061K(58816K)->58061K(58816K) NonClass: 50724K(51136K)->50724K(51136K) Class: 7336K(7680K)->7336K(7680K)
[2024-03-26T16:14:21.334+0800][850.703s] GC(9) Pause Young (Normal) (G1 Evacuation Pause) 327M->47M(512M) 38.316ms
[2024-03-26T16:14:21.334+0800][850.703s] GC(9) User=0.02s Sys=0.00s Real=0.04s
[2024-03-26T16:18:53.329+0800][1122.713s] GC(10) Pause Young (Concurrent Start) (Metadata GC Threshold)
[2024-03-26T16:18:53.329+0800][1122.713s] GC(10) Using 8 workers of 8 for evacuation
[2024-03-26T16:18:53.366+0800][1122.737s] GC(10)   Pre Evacuate Collection Set: 0.39ms
[2024-03-26T16:18:53.366+0800][1122.737s] GC(10)   Merge Heap Roots: 0.26ms
[2024-03-26T16:18:53.366+0800][1122.738s] GC(10)   Evacuate Collection Set: 20.91ms
[2024-03-26T16:18:53.366+0800][1122.738s] GC(10)   Post Evacuate Collection Set: 2.31ms
[2024-03-26T16:18:53.366+0800][1122.738s] GC(10)   Other: 0.45ms
[2024-03-26T16:18:53.366+0800][1122.738s] GC(10) Eden regions: 122->0(285)
[2024-03-26T16:18:53.366+0800][1122.738s] GC(10) Survivor regions: 29->22(39)
[2024-03-26T16:18:53.366+0800][1122.738s] GC(10) Old regions: 15->25
[2024-03-26T16:18:53.366+0800][1122.738s] GC(10) Humongous regions: 5->4
[2024-03-26T16:18:53.366+0800][1122.738s] GC(10) Metaspace: 60801K(61568K)->60801K(61568K) NonClass: 53177K(53568K)->53177K(53568K) Class: 7623K(8000K)->7623K(8000K)
[2024-03-26T16:18:53.366+0800][1122.738s] GC(10) Pause Young (Concurrent Start) (Metadata GC Threshold) 170M->50M(512M) 25.440ms
[2024-03-26T16:18:53.366+0800][1122.738s] GC(10) User=0.12s Sys=0.00s Real=0.04s
[2024-03-26T16:18:53.366+0800][1122.738s] GC(11) Concurrent Mark Cycle
[2024-03-26T16:18:53.366+0800][1122.739s] GC(11) Concurrent Scan Root Regions
[2024-03-26T16:18:53.389+0800][1122.759s] GC(11) Concurrent Scan Root Regions 20.300ms
[2024-03-26T16:18:53.389+0800][1122.759s] GC(11) Concurrent Mark
[2024-03-26T16:18:53.389+0800][1122.759s] GC(11) Concurrent Mark From Roots
[2024-03-26T16:18:53.389+0800][1122.759s] GC(11) Using 2 workers of 2 for marking
[2024-03-26T16:18:53.412+0800][1122.791s] GC(11) Concurrent Mark From Roots 31.942ms
[2024-03-26T16:18:53.412+0800][1122.791s] GC(11) Concurrent Preclean
[2024-03-26T16:18:53.412+0800][1122.792s] GC(11) Concurrent Preclean 0.367ms
[2024-03-26T16:18:53.412+0800][1122.792s] GC(11) Pause Remark
[2024-03-26T16:18:53.449+0800][1122.819s] GC(11) Pause Remark 51M->51M(512M) 27.168ms
[2024-03-26T16:18:53.450+0800][1122.819s] GC(11) User=0.02s Sys=0.00s Real=0.04s
[2024-03-26T16:18:53.450+0800][1122.820s] GC(11) Concurrent Mark 60.365ms
[2024-03-26T16:18:53.450+0800][1122.820s] GC(11) Concurrent Rebuild Remembered Sets and Scrub Regions
[2024-03-26T16:18:53.464+0800][1122.838s] GC(11) Concurrent Rebuild Remembered Sets and Scrub Regions 17.889ms
[2024-03-26T16:18:53.464+0800][1122.838s] GC(11) Pause Cleanup
[2024-03-26T16:18:53.464+0800][1122.839s] GC(11) Pause Cleanup 52M->52M(512M) 0.490ms
[2024-03-26T16:18:53.464+0800][1122.839s] GC(11) User=0.00s Sys=0.00s Real=0.00s
[2024-03-26T16:18:53.464+0800][1122.839s] GC(11) Concurrent Clear Claimed Marks
[2024-03-26T16:18:53.464+0800][1122.839s] GC(11) Concurrent Clear Claimed Marks 0.172ms
[2024-03-26T16:18:53.464+0800][1122.839s] GC(11) Concurrent Cleanup for Next Mark
[2024-03-26T16:18:53.464+0800][1122.841s] GC(11) Concurrent Cleanup for Next Mark 1.285ms
[2024-03-26T16:18:53.464+0800][1122.841s] GC(11) Concurrent Mark Cycle 102.370ms
[2024-03-26T16:42:11.450+0800][2520.819s] GC(12) Pause Young (Prepare Mixed) (G1 Evacuation Pause)
[2024-03-26T16:42:11.450+0800][2520.820s] GC(12) Using 8 workers of 8 for evacuation
[2024-03-26T16:42:11.475+0800][2520.845s] GC(12)   Pre Evacuate Collection Set: 0.65ms
[2024-03-26T16:42:11.476+0800][2520.846s] GC(12)   Merge Heap Roots: 0.31ms
[2024-03-26T16:42:11.476+0800][2520.846s] GC(12)   Evacuate Collection Set: 20.80ms
[2024-03-26T16:42:11.476+0800][2520.846s] GC(12)   Post Evacuate Collection Set: 3.30ms
[2024-03-26T16:42:11.476+0800][2520.846s] GC(12)   Other: 0.64ms
[2024-03-26T16:42:11.476+0800][2520.846s] GC(12) Eden regions: 285->0(283)
[2024-03-26T16:42:11.476+0800][2520.846s] GC(12) Survivor regions: 22->24(39)
[2024-03-26T16:42:11.476+0800][2520.846s] GC(12) Old regions: 25->25
[2024-03-26T16:42:11.476+0800][2520.846s] GC(12) Humongous regions: 7->4
[2024-03-26T16:42:11.476+0800][2520.846s] GC(12) Metaspace: 66426K(67136K)->66426K(67136K) NonClass: 58242K(58624K)->58242K(58624K) Class: 8183K(8512K)->8183K(8512K)
[2024-03-26T16:42:11.477+0800][2520.847s] GC(12) Pause Young (Prepare Mixed) (G1 Evacuation Pause) 338M->51M(512M) 27.269ms
[2024-03-26T16:42:11.477+0800][2520.847s] GC(12) User=0.11s Sys=0.03s Real=0.03s
