[2024-03-31T13:26:47.477+0800][0.081s] CardTable entry size: 512
[2024-03-31T13:26:47.477+0800][0.083s] Using G1
[2024-03-31T13:26:48.975+0800][1.575s] Version: 22+36-2370 (release)
[2024-03-31T13:26:48.975+0800][1.576s] CPUs: 8 total, 8 available
[2024-03-31T13:26:48.975+0800][1.576s] Memory: 6020M
[2024-03-31T13:26:48.975+0800][1.576s] Large Page Support: Disabled
[2024-03-31T13:26:48.975+0800][1.576s] NUMA Support: Disabled
[2024-03-31T13:26:48.975+0800][1.576s] Compressed Oops: Enabled (32-bit)
[2024-03-31T13:26:48.975+0800][1.576s] Heap Region Size: 1M
[2024-03-31T13:26:48.975+0800][1.577s] Heap Min Capacity: 512M
[2024-03-31T13:26:48.975+0800][1.577s] Heap Initial Capacity: 512M
[2024-03-31T13:26:48.975+0800][1.577s] Heap Max Capacity: 512M
[2024-03-31T13:26:48.975+0800][1.578s] Pre-touch: Enabled
[2024-03-31T13:26:48.975+0800][1.578s] Parallel Workers: 8
[2024-03-31T13:26:48.975+0800][1.578s] Concurrent Workers: 2
[2024-03-31T13:26:48.975+0800][1.578s] Concurrent Refinement Workers: 8
[2024-03-31T13:26:48.975+0800][1.578s] Periodic GC: Disabled
[2024-03-31T13:26:49.022+0800][1.621s] CDS archive(s) mapped at: [0x00000197c9000000-0x00000197c9c60000-0x00000197c9c60000), size 12976128, SharedBaseAddress: 0x00000197c9000000, ArchiveRelocationMode: 1.
[2024-03-31T13:26:49.022+0800][1.621s] Compressed class space mapped at: 0x00000197ca000000-0x000001980a000000, reserved size: 1073741824
[2024-03-31T13:26:49.022+0800][1.621s] Narrow klass base: 0x00000197c9000000, Narrow klass shift: 0, Narrow klass range: 0x41000000
[2024-03-31T13:27:07.359+0800][19.955s] GC(0) Pause Young (Normal) (G1 Evacuation Pause)
[2024-03-31T13:27:07.359+0800][19.957s] GC(0) Using 8 workers of 8 for evacuation
[2024-03-31T13:27:07.375+0800][19.968s] GC(0)   Pre Evacuate Collection Set: 0.33ms
[2024-03-31T13:27:07.375+0800][19.968s] GC(0)   Merge Heap Roots: 0.28ms
[2024-03-31T13:27:07.375+0800][19.968s] GC(0)   Evacuate Collection Set: 8.27ms
[2024-03-31T13:27:07.375+0800][19.968s] GC(0)   Post Evacuate Collection Set: 1.58ms
[2024-03-31T13:27:07.375+0800][19.969s] GC(0)   Other: 1.81ms
[2024-03-31T13:27:07.375+0800][19.969s] GC(0) Eden regions: 30->0(41)
[2024-03-31T13:27:07.375+0800][19.969s] GC(0) Survivor regions: 0->4(4)
[2024-03-31T13:27:07.375+0800][19.969s] GC(0) Old regions: 0->1
[2024-03-31T13:27:07.375+0800][19.969s] GC(0) Humongous regions: 0->0
[2024-03-31T13:27:07.375+0800][19.969s] GC(0) Metaspace: 10053K(10304K)->10053K(10304K) NonClass: 8870K(9024K)->8870K(9024K) Class: 1183K(1280K)->1183K(1280K)
[2024-03-31T13:27:07.375+0800][19.969s] GC(0) Pause Young (Normal) (G1 Evacuation Pause) 30M->4M(512M) 14.197ms
[2024-03-31T13:27:07.375+0800][19.969s] GC(0) User=0.00s Sys=0.00s Real=0.02s
[2024-03-31T13:27:09.914+0800][22.518s] GC(1) Pause Young (Normal) (G1 Evacuation Pause)
[2024-03-31T13:27:09.914+0800][22.518s] GC(1) Using 8 workers of 8 for evacuation
[2024-03-31T13:27:09.952+0800][22.550s] GC(1)   Pre Evacuate Collection Set: 0.35ms
[2024-03-31T13:27:09.952+0800][22.550s] GC(1)   Merge Heap Roots: 0.19ms
[2024-03-31T13:27:09.952+0800][22.550s] GC(1)   Evacuate Collection Set: 28.74ms
[2024-03-31T13:27:09.952+0800][22.550s] GC(1)   Post Evacuate Collection Set: 1.57ms
[2024-03-31T13:27:09.952+0800][22.550s] GC(1)   Other: 0.38ms
[2024-03-31T13:27:09.952+0800][22.550s] GC(1) Eden regions: 41->0(62)
[2024-03-31T13:27:09.952+0800][22.550s] GC(1) Survivor regions: 4->6(6)
[2024-03-31T13:27:09.952+0800][22.551s] GC(1) Old regions: 1->10
[2024-03-31T13:27:09.952+0800][22.551s] GC(1) Humongous regions: 4->4
[2024-03-31T13:27:09.952+0800][22.551s] GC(1) Metaspace: 19148K(19520K)->19148K(19520K) NonClass: 16871K(17088K)->16871K(17088K) Class: 2277K(2432K)->2277K(2432K)
[2024-03-31T13:27:09.952+0800][22.551s] GC(1) Pause Young (Normal) (G1 Evacuation Pause) 49M->19M(512M) 32.795ms
[2024-03-31T13:27:09.952+0800][22.551s] GC(1) User=0.09s Sys=0.05s Real=0.04s
[2024-03-31T13:27:11.434+0800][24.028s] GC(2) Pause Young (Normal) (G1 Evacuation Pause)
[2024-03-31T13:27:11.434+0800][24.028s] GC(2) Using 8 workers of 8 for evacuation
[2024-03-31T13:27:11.434+0800][24.040s] GC(2)   Pre Evacuate Collection Set: 0.33ms
[2024-03-31T13:27:11.434+0800][24.040s] GC(2)   Merge Heap Roots: 0.21ms
[2024-03-31T13:27:11.434+0800][24.040s] GC(2)   Evacuate Collection Set: 9.99ms
[2024-03-31T13:27:11.434+0800][24.040s] GC(2)   Post Evacuate Collection Set: 0.94ms
[2024-03-31T13:27:11.434+0800][24.040s] GC(2)   Other: 0.50ms
[2024-03-31T13:27:11.434+0800][24.040s] GC(2) Eden regions: 60->0(302)
[2024-03-31T13:27:11.434+0800][24.040s] GC(2) Survivor regions: 6->5(9)
[2024-03-31T13:27:11.434+0800][24.041s] GC(2) Old regions: 10->16
[2024-03-31T13:27:11.434+0800][24.041s] GC(2) Humongous regions: 4->4
[2024-03-31T13:27:11.434+0800][24.041s] GC(2) Metaspace: 19342K(19776K)->19342K(19776K) NonClass: 17062K(17280K)->17062K(17280K) Class: 2280K(2496K)->2280K(2496K)
[2024-03-31T13:27:11.434+0800][24.041s] GC(2) Pause Young (Normal) (G1 Evacuation Pause) 79M->24M(512M) 13.436ms
[2024-03-31T13:27:11.434+0800][24.041s] GC(2) User=0.00s Sys=0.00s Real=0.00s
[2024-03-31T13:27:12.418+0800][25.020s] GC(3) Pause Young (Concurrent Start) (Metadata GC Threshold)
[2024-03-31T13:27:12.418+0800][25.020s] GC(3) Using 8 workers of 8 for evacuation
[2024-03-31T13:27:12.418+0800][25.024s] GC(3)   Pre Evacuate Collection Set: 0.34ms
[2024-03-31T13:27:12.418+0800][25.024s] GC(3)   Merge Heap Roots: 0.14ms
[2024-03-31T13:27:12.418+0800][25.025s] GC(3)   Evacuate Collection Set: 2.59ms
[2024-03-31T13:27:12.418+0800][25.025s] GC(3)   Post Evacuate Collection Set: 0.90ms
[2024-03-31T13:27:12.418+0800][25.025s] GC(3)   Other: 0.46ms
[2024-03-31T13:27:12.418+0800][25.025s] GC(3) Eden regions: 23->0(302)
[2024-03-31T13:27:12.418+0800][25.025s] GC(3) Survivor regions: 5->5(39)
[2024-03-31T13:27:12.418+0800][25.025s] GC(3) Old regions: 16->16
[2024-03-31T13:27:12.418+0800][25.025s] GC(3) Humongous regions: 4->4
[2024-03-31T13:27:12.418+0800][25.025s] GC(3) Metaspace: 21057K(21504K)->21057K(21504K) NonClass: 18565K(18816K)->18565K(18816K) Class: 2491K(2688K)->2491K(2688K)
[2024-03-31T13:27:12.418+0800][25.026s] GC(3) Pause Young (Concurrent Start) (Metadata GC Threshold) 46M->24M(512M) 5.867ms
[2024-03-31T13:27:12.418+0800][25.026s] GC(4) Concurrent Mark Cycle
[2024-03-31T13:27:12.418+0800][25.026s] GC(3) User=0.00s Sys=0.00s Real=0.00s
[2024-03-31T13:27:12.434+0800][25.026s] GC(4) Concurrent Scan Root Regions
[2024-03-31T13:27:12.434+0800][25.029s] GC(4) Concurrent Scan Root Regions 2.629ms
[2024-03-31T13:27:12.434+0800][25.029s] GC(4) Concurrent Mark
[2024-03-31T13:27:12.434+0800][25.029s] GC(4) Concurrent Mark From Roots
[2024-03-31T13:27:12.434+0800][25.029s] GC(4) Using 2 workers of 2 for marking
[2024-03-31T13:27:12.481+0800][25.077s] GC(4) Concurrent Mark From Roots 47.813ms
[2024-03-31T13:27:12.481+0800][25.077s] GC(4) Concurrent Preclean
[2024-03-31T13:27:12.481+0800][25.077s] GC(4) Concurrent Preclean 0.245ms
[2024-03-31T13:27:12.481+0800][25.077s] GC(4) Pause Remark
[2024-03-31T13:27:12.481+0800][25.084s] GC(4) Pause Remark 26M->26M(512M) 7.061ms
[2024-03-31T13:27:12.481+0800][25.085s] GC(4) User=0.00s Sys=0.00s Real=0.00s
[2024-03-31T13:27:12.481+0800][25.085s] GC(4) Concurrent Mark 56.191ms
[2024-03-31T13:27:12.481+0800][25.085s] GC(4) Concurrent Rebuild Remembered Sets and Scrub Regions
[2024-03-31T13:27:12.497+0800][25.101s] GC(4) Concurrent Rebuild Remembered Sets and Scrub Regions 15.718ms
[2024-03-31T13:27:12.497+0800][25.101s] GC(4) Pause Cleanup
[2024-03-31T13:27:12.497+0800][25.102s] GC(4) Pause Cleanup 27M->27M(512M) 0.400ms
[2024-03-31T13:27:12.497+0800][25.102s] GC(4) User=0.00s Sys=0.00s Real=0.00s
[2024-03-31T13:27:12.497+0800][25.102s] GC(4) Concurrent Clear Claimed Marks
[2024-03-31T13:27:12.497+0800][25.102s] GC(4) Concurrent Clear Claimed Marks 0.159ms
[2024-03-31T13:27:12.497+0800][25.102s] GC(4) Concurrent Cleanup for Next Mark
[2024-03-31T13:27:12.497+0800][25.104s] GC(4) Concurrent Cleanup for Next Mark 1.669ms
[2024-03-31T13:27:12.497+0800][25.104s] GC(4) Concurrent Mark Cycle 78.583ms
[2024-03-31T13:27:55.599+0800][68.202s] GC(5) Pause Young (Prepare Mixed) (Metadata GC Threshold)
[2024-03-31T13:27:55.599+0800][68.203s] GC(5) Using 8 workers of 8 for evacuation
[2024-03-31T13:27:55.614+0800][68.217s] GC(5)   Pre Evacuate Collection Set: 0.40ms
[2024-03-31T13:27:55.614+0800][68.217s] GC(5)   Merge Heap Roots: 0.22ms
[2024-03-31T13:27:55.614+0800][68.217s] GC(5)   Evacuate Collection Set: 10.92ms
[2024-03-31T13:27:55.614+0800][68.217s] GC(5)   Post Evacuate Collection Set: 2.08ms
[2024-03-31T13:27:55.614+0800][68.218s] GC(5)   Other: 0.74ms
[2024-03-31T13:27:55.614+0800][68.218s] GC(5) Eden regions: 89->0(297)
[2024-03-31T13:27:55.614+0800][68.218s] GC(5) Survivor regions: 5->10(39)
[2024-03-31T13:27:55.614+0800][68.218s] GC(5) Old regions: 16->16
[2024-03-31T13:27:55.614+0800][68.218s] GC(5) Humongous regions: 4->4
[2024-03-31T13:27:55.614+0800][68.218s] GC(5) Metaspace: 35625K(36096K)->35625K(36096K) NonClass: 31335K(31552K)->31335K(31552K) Class: 4290K(4544K)->4290K(4544K)
[2024-03-31T13:27:55.614+0800][68.218s] GC(5) Pause Young (Prepare Mixed) (Metadata GC Threshold) 113M->29M(512M) 15.996ms
[2024-03-31T13:27:55.614+0800][68.219s] GC(5) User=0.03s Sys=0.00s Real=0.02s
[2024-03-31T13:27:55.795+0800][68.402s] GC(6) Pause Young (Mixed) (Metadata GC Threshold)
[2024-03-31T13:27:55.795+0800][68.402s] GC(6) Using 8 workers of 8 for evacuation
[2024-03-31T13:27:55.811+0800][68.414s] GC(6)   Pre Evacuate Collection Set: 0.37ms
[2024-03-31T13:27:55.811+0800][68.414s] GC(6)   Merge Heap Roots: 0.30ms
[2024-03-31T13:27:55.811+0800][68.414s] GC(6)   Evacuate Collection Set: 9.18ms
[2024-03-31T13:27:55.811+0800][68.415s] GC(6)   Post Evacuate Collection Set: 1.77ms
[2024-03-31T13:27:55.811+0800][68.415s] GC(6)   Other: 0.50ms
[2024-03-31T13:27:55.811+0800][68.415s] GC(6) Eden regions: 4->0(297)
[2024-03-31T13:27:55.811+0800][68.415s] GC(6) Survivor regions: 10->10(39)
[2024-03-31T13:27:55.811+0800][68.415s] GC(6) Old regions: 16->16
[2024-03-31T13:27:55.811+0800][68.415s] GC(6) Humongous regions: 4->4
[2024-03-31T13:27:55.811+0800][68.416s] GC(6) Metaspace: 35942K(36416K)->35942K(36416K) NonClass: 31600K(31872K)->31600K(31872K) Class: 4342K(4544K)->4342K(4544K)
[2024-03-31T13:27:55.811+0800][68.416s] GC(6) Pause Young (Mixed) (Metadata GC Threshold) 33M->29M(512M) 14.019ms
[2024-03-31T13:27:55.811+0800][68.416s] GC(6) User=0.02s Sys=0.03s Real=0.02s
[2024-03-31T13:27:56.402+0800][69.004s] GC(7) Pause Young (Concurrent Start) (Metadata GC Threshold)
[2024-03-31T13:27:56.402+0800][69.005s] GC(7) Using 8 workers of 8 for evacuation
[2024-03-31T13:27:56.418+0800][69.016s] GC(7)   Pre Evacuate Collection Set: 0.46ms
[2024-03-31T13:27:56.418+0800][69.016s] GC(7)   Merge Heap Roots: 0.20ms
[2024-03-31T13:27:56.418+0800][69.016s] GC(7)   Evacuate Collection Set: 8.56ms
[2024-03-31T13:27:56.418+0800][69.017s] GC(7)   Post Evacuate Collection Set: 1.80ms
[2024-03-31T13:27:56.418+0800][69.017s] GC(7)   Other: 0.56ms
[2024-03-31T13:27:56.418+0800][69.017s] GC(7) Eden regions: 11->0(296)
[2024-03-31T13:27:56.418+0800][69.017s] GC(7) Survivor regions: 10->11(39)
[2024-03-31T13:27:56.418+0800][69.017s] GC(7) Old regions: 16->16
[2024-03-31T13:27:56.418+0800][69.017s] GC(7) Humongous regions: 4->4
[2024-03-31T13:27:56.418+0800][69.017s] GC(7) Metaspace: 36286K(36736K)->36286K(36736K) NonClass: 31897K(32128K)->31897K(32128K) Class: 4388K(4608K)->4388K(4608K)
[2024-03-31T13:27:56.418+0800][69.017s] GC(7) Pause Young (Concurrent Start) (Metadata GC Threshold) 40M->30M(512M) 13.095ms
[2024-03-31T13:27:56.418+0800][69.018s] GC(8) Concurrent Mark Cycle
[2024-03-31T13:27:56.418+0800][69.018s] GC(7) User=0.05s Sys=0.00s Real=0.02s
[2024-03-31T13:27:56.418+0800][69.018s] GC(8) Concurrent Scan Root Regions
[2024-03-31T13:27:56.434+0800][69.026s] GC(8) Concurrent Scan Root Regions 8.633ms
[2024-03-31T13:27:56.434+0800][69.026s] GC(8) Concurrent Mark
[2024-03-31T13:27:56.435+0800][69.027s] GC(8) Concurrent Mark From Roots
[2024-03-31T13:27:56.435+0800][69.027s] GC(8) Using 2 workers of 2 for marking
[2024-03-31T13:27:56.484+0800][69.079s] GC(8) Concurrent Mark From Roots 52.379ms
[2024-03-31T13:27:56.484+0800][69.079s] GC(8) Concurrent Preclean
[2024-03-31T13:27:56.484+0800][69.080s] GC(8) Concurrent Preclean 0.287ms
[2024-03-31T13:27:56.500+0800][69.092s] GC(8) Pause Remark
[2024-03-31T13:27:56.500+0800][69.103s] GC(8) Pause Remark 33M->33M(512M) 11.210ms
[2024-03-31T13:27:56.500+0800][69.103s] GC(8) User=0.00s Sys=0.00s Real=0.00s
[2024-03-31T13:27:56.500+0800][69.104s] GC(8) Concurrent Mark 77.248ms
[2024-03-31T13:27:56.500+0800][69.104s] GC(8) Concurrent Rebuild Remembered Sets and Scrub Regions
[2024-03-31T13:27:56.523+0800][69.120s] GC(8) Concurrent Rebuild Remembered Sets and Scrub Regions 15.936ms
[2024-03-31T13:27:56.523+0800][69.120s] GC(8) Pause Cleanup
[2024-03-31T13:27:56.523+0800][69.121s] GC(8) Pause Cleanup 33M->33M(512M) 0.500ms
[2024-03-31T13:27:56.523+0800][69.121s] GC(8) User=0.00s Sys=0.00s Real=0.00s
[2024-03-31T13:27:56.523+0800][69.121s] GC(8) Concurrent Clear Claimed Marks
[2024-03-31T13:27:56.523+0800][69.121s] GC(8) Concurrent Clear Claimed Marks 0.222ms
[2024-03-31T13:27:56.523+0800][69.122s] GC(8) Concurrent Cleanup for Next Mark
[2024-03-31T13:27:56.523+0800][69.123s] GC(8) Concurrent Cleanup for Next Mark 1.590ms
[2024-03-31T13:27:56.523+0800][69.123s] GC(8) Concurrent Mark Cycle 105.927ms
