[2024-04-02T19:30:27.390+0800][0.049s] CardTable entry size: 512
[2024-04-02T19:30:27.390+0800][0.050s] Using G1
[2024-04-02T19:30:28.050+0800][0.716s] Version: 22+36-2370 (release)
[2024-04-02T19:30:28.050+0800][0.716s] CPUs: 8 total, 8 available
[2024-04-02T19:30:28.050+0800][0.716s] Memory: 6020M
[2024-04-02T19:30:28.050+0800][0.716s] Large Page Support: Disabled
[2024-04-02T19:30:28.050+0800][0.716s] NUMA Support: Disabled
[2024-04-02T19:30:28.050+0800][0.717s] Compressed Oops: Enabled (32-bit)
[2024-04-02T19:30:28.050+0800][0.717s] Heap Region Size: 1M
[2024-04-02T19:30:28.050+0800][0.717s] Heap Min Capacity: 512M
[2024-04-02T19:30:28.050+0800][0.717s] Heap Initial Capacity: 512M
[2024-04-02T19:30:28.050+0800][0.717s] Heap Max Capacity: 512M
[2024-04-02T19:30:28.050+0800][0.717s] Pre-touch: Enabled
[2024-04-02T19:30:28.050+0800][0.718s] Parallel Workers: 8
[2024-04-02T19:30:28.050+0800][0.718s] Concurrent Workers: 2
[2024-04-02T19:30:28.050+0800][0.718s] Concurrent Refinement Workers: 8
[2024-04-02T19:30:28.050+0800][0.718s] Periodic GC: Disabled
[2024-04-02T19:30:28.082+0800][0.735s] CDS archive(s) mapped at: [0x0000027a80000000-0x0000027a80c60000-0x0000027a80c60000), size 12976128, SharedBaseAddress: 0x0000027a80000000, ArchiveRelocationMode: 1.
[2024-04-02T19:30:28.082+0800][0.736s] Compressed class space mapped at: 0x0000027a81000000-0x0000027ac1000000, reserved size: 1073741824
[2024-04-02T19:30:28.082+0800][0.736s] Narrow klass base: 0x0000027a80000000, Narrow klass shift: 0, Narrow klass range: 0x41000000
[2024-04-02T19:30:33.800+0800][6.465s] GC(0) Pause Young (Normal) (G1 Evacuation Pause)
[2024-04-02T19:30:33.800+0800][6.468s] GC(0) Using 8 workers of 8 for evacuation
[2024-04-02T19:30:33.816+0800][6.475s] GC(0)   Pre Evacuate Collection Set: 0.22ms
[2024-04-02T19:30:33.816+0800][6.475s] GC(0)   Merge Heap Roots: 0.12ms
[2024-04-02T19:30:33.816+0800][6.475s] GC(0)   Evacuate Collection Set: 4.30ms
[2024-04-02T19:30:33.816+0800][6.475s] GC(0)   Post Evacuate Collection Set: 1.54ms
[2024-04-02T19:30:33.816+0800][6.475s] GC(0)   Other: 2.02ms
[2024-04-02T19:30:33.816+0800][6.475s] GC(0) Eden regions: 30->0(42)
[2024-04-02T19:30:33.816+0800][6.475s] GC(0) Survivor regions: 0->4(4)
[2024-04-02T19:30:33.816+0800][6.476s] GC(0) Old regions: 0->1
[2024-04-02T19:30:33.816+0800][6.476s] GC(0) Humongous regions: 0->0
[2024-04-02T19:30:33.816+0800][6.476s] GC(0) Metaspace: 10050K(10304K)->10050K(10304K) NonClass: 8869K(9024K)->8869K(9024K) Class: 1180K(1280K)->1180K(1280K)
[2024-04-02T19:30:33.816+0800][6.476s] GC(0) Pause Young (Normal) (G1 Evacuation Pause) 30M->4M(512M) 10.409ms
[2024-04-02T19:30:33.816+0800][6.476s] GC(0) User=0.00s Sys=0.00s Real=0.02s
[2024-04-02T19:30:36.094+0800][8.758s] GC(1) Pause Young (Normal) (G1 Evacuation Pause)
[2024-04-02T19:30:36.094+0800][8.758s] GC(1) Using 8 workers of 8 for evacuation
[2024-04-02T19:30:36.110+0800][8.770s] GC(1)   Pre Evacuate Collection Set: 0.21ms
[2024-04-02T19:30:36.110+0800][8.770s] GC(1)   Merge Heap Roots: 0.10ms
[2024-04-02T19:30:36.110+0800][8.770s] GC(1)   Evacuate Collection Set: 9.48ms
[2024-04-02T19:30:36.110+0800][8.770s] GC(1)   Post Evacuate Collection Set: 1.12ms
[2024-04-02T19:30:36.110+0800][8.770s] GC(1)   Other: 0.25ms
[2024-04-02T19:30:36.110+0800][8.770s] GC(1) Eden regions: 42->0(67)
[2024-04-02T19:30:36.110+0800][8.770s] GC(1) Survivor regions: 4->6(6)
[2024-04-02T19:30:36.110+0800][8.770s] GC(1) Old regions: 1->9
[2024-04-02T19:30:36.110+0800][8.770s] GC(1) Humongous regions: 4->4
[2024-04-02T19:30:36.110+0800][8.770s] GC(1) Metaspace: 19190K(19584K)->19190K(19584K) NonClass: 16915K(17152K)->16915K(17152K) Class: 2274K(2432K)->2274K(2432K)
[2024-04-02T19:30:36.110+0800][8.770s] GC(1) Pause Young (Normal) (G1 Evacuation Pause) 50M->18M(512M) 12.037ms
[2024-04-02T19:30:36.110+0800][8.770s] GC(1) User=0.03s Sys=0.00s Real=0.02s
[2024-04-02T19:30:37.274+0800][9.937s] GC(2) Pause Young (Normal) (G1 Evacuation Pause)
[2024-04-02T19:30:37.274+0800][9.937s] GC(2) Using 8 workers of 8 for evacuation
[2024-04-02T19:30:37.290+0800][9.944s] GC(2)   Pre Evacuate Collection Set: 0.25ms
[2024-04-02T19:30:37.290+0800][9.944s] GC(2)   Merge Heap Roots: 0.12ms
[2024-04-02T19:30:37.290+0800][9.944s] GC(2)   Evacuate Collection Set: 5.78ms
[2024-04-02T19:30:37.290+0800][9.944s] GC(2)   Post Evacuate Collection Set: 0.63ms
[2024-04-02T19:30:37.290+0800][9.944s] GC(2)   Other: 0.31ms
[2024-04-02T19:30:37.290+0800][9.944s] GC(2) Eden regions: 64->0(302)
[2024-04-02T19:30:37.290+0800][9.945s] GC(2) Survivor regions: 6->5(9)
[2024-04-02T19:30:37.290+0800][9.945s] GC(2) Old regions: 9->16
[2024-04-02T19:30:37.290+0800][9.945s] GC(2) Humongous regions: 4->4
[2024-04-02T19:30:37.290+0800][9.945s] GC(2) Metaspace: 19380K(19840K)->19380K(19840K) NonClass: 17103K(17344K)->17103K(17344K) Class: 2277K(2496K)->2277K(2496K)
[2024-04-02T19:30:37.290+0800][9.945s] GC(2) Pause Young (Normal) (G1 Evacuation Pause) 82M->24M(512M) 7.880ms
[2024-04-02T19:30:37.290+0800][9.945s] GC(2) User=0.03s Sys=0.00s Real=0.02s
[2024-04-02T19:30:37.858+0800][10.523s] GC(3) Pause Young (Concurrent Start) (Metadata GC Threshold)
[2024-04-02T19:30:37.858+0800][10.523s] GC(3) Using 8 workers of 8 for evacuation
[2024-04-02T19:30:37.858+0800][10.526s] GC(3)   Pre Evacuate Collection Set: 0.23ms
[2024-04-02T19:30:37.858+0800][10.527s] GC(3)   Merge Heap Roots: 0.09ms
[2024-04-02T19:30:37.858+0800][10.527s] GC(3)   Evacuate Collection Set: 1.98ms
[2024-04-02T19:30:37.858+0800][10.527s] GC(3)   Post Evacuate Collection Set: 0.61ms
[2024-04-02T19:30:37.858+0800][10.527s] GC(3)   Other: 0.23ms
[2024-04-02T19:30:37.858+0800][10.527s] GC(3) Eden regions: 18->0(302)
[2024-04-02T19:30:37.858+0800][10.527s] GC(3) Survivor regions: 5->5(39)
[2024-04-02T19:30:37.858+0800][10.527s] GC(3) Old regions: 16->16
[2024-04-02T19:30:37.858+0800][10.527s] GC(3) Humongous regions: 4->4
[2024-04-02T19:30:37.858+0800][10.527s] GC(3) Metaspace: 21087K(21504K)->21087K(21504K) NonClass: 18595K(18816K)->18595K(18816K) Class: 2492K(2688K)->2492K(2688K)
[2024-04-02T19:30:37.858+0800][10.527s] GC(3) Pause Young (Concurrent Start) (Metadata GC Threshold) 42M->24M(512M) 3.780ms
[2024-04-02T19:30:37.858+0800][10.527s] GC(4) Concurrent Mark Cycle
[2024-04-02T19:30:37.858+0800][10.527s] GC(3) User=0.00s Sys=0.00s Real=0.00s
[2024-04-02T19:30:37.858+0800][10.527s] GC(4) Concurrent Scan Root Regions
[2024-04-02T19:30:37.874+0800][10.529s] GC(4) Concurrent Scan Root Regions 1.864ms
[2024-04-02T19:30:37.874+0800][10.529s] GC(4) Concurrent Mark
[2024-04-02T19:30:37.874+0800][10.529s] GC(4) Concurrent Mark From Roots
[2024-04-02T19:30:37.874+0800][10.529s] GC(4) Using 2 workers of 2 for marking
[2024-04-02T19:30:37.894+0800][10.553s] GC(4) Concurrent Mark From Roots 23.568ms
[2024-04-02T19:30:37.894+0800][10.553s] GC(4) Concurrent Preclean
[2024-04-02T19:30:37.894+0800][10.553s] GC(4) Concurrent Preclean 0.170ms
[2024-04-02T19:30:37.894+0800][10.553s] GC(4) Pause Remark
[2024-04-02T19:30:37.894+0800][10.557s] GC(4) Pause Remark 26M->26M(512M) 3.402ms
[2024-04-02T19:30:37.894+0800][10.557s] GC(4) User=0.00s Sys=0.00s Real=0.00s
[2024-04-02T19:30:37.894+0800][10.557s] GC(4) Concurrent Mark 27.667ms
[2024-04-02T19:30:37.894+0800][10.557s] GC(4) Concurrent Rebuild Remembered Sets and Scrub Regions
[2024-04-02T19:30:37.909+0800][10.564s] GC(4) Concurrent Rebuild Remembered Sets and Scrub Regions 7.110ms
[2024-04-02T19:30:37.909+0800][10.564s] GC(4) Pause Cleanup
[2024-04-02T19:30:37.909+0800][10.564s] GC(4) Pause Cleanup 26M->26M(512M) 0.275ms
[2024-04-02T19:30:37.909+0800][10.565s] GC(4) User=0.00s Sys=0.00s Real=0.00s
[2024-04-02T19:30:37.909+0800][10.565s] GC(4) Concurrent Clear Claimed Marks
[2024-04-02T19:30:37.909+0800][10.565s] GC(4) Concurrent Clear Claimed Marks 0.089ms
[2024-04-02T19:30:37.909+0800][10.565s] GC(4) Concurrent Cleanup for Next Mark
[2024-04-02T19:30:37.909+0800][10.566s] GC(4) Concurrent Cleanup for Next Mark 1.432ms
[2024-04-02T19:30:37.909+0800][10.566s] GC(4) Concurrent Mark Cycle 39.291ms
[2024-04-02T19:30:41.585+0800][14.246s] GC(5) Pause Young (Prepare Mixed) (Metadata GC Threshold)
[2024-04-02T19:30:41.585+0800][14.247s] GC(5) Using 8 workers of 8 for evacuation
[2024-04-02T19:30:41.585+0800][14.254s] GC(5)   Pre Evacuate Collection Set: 0.26ms
[2024-04-02T19:30:41.585+0800][14.254s] GC(5)   Merge Heap Roots: 0.09ms
[2024-04-02T19:30:41.601+0800][14.254s] GC(5)   Evacuate Collection Set: 5.92ms
[2024-04-02T19:30:41.601+0800][14.254s] GC(5)   Post Evacuate Collection Set: 1.00ms
[2024-04-02T19:30:41.601+0800][14.254s] GC(5)   Other: 0.31ms
[2024-04-02T19:30:41.601+0800][14.255s] GC(5) Eden regions: 99->0(297)
[2024-04-02T19:30:41.601+0800][14.255s] GC(5) Survivor regions: 5->10(39)
[2024-04-02T19:30:41.601+0800][14.255s] GC(5) Old regions: 16->16
[2024-04-02T19:30:41.601+0800][14.255s] GC(5) Humongous regions: 4->4
[2024-04-02T19:30:41.601+0800][14.255s] GC(5) Metaspace: 35535K(35968K)->35535K(35968K) NonClass: 31258K(31488K)->31258K(31488K) Class: 4276K(4480K)->4276K(4480K)
[2024-04-02T19:30:41.601+0800][14.255s] GC(5) Pause Young (Prepare Mixed) (Metadata GC Threshold) 123M->29M(512M) 8.297ms
[2024-04-02T19:30:41.601+0800][14.255s] GC(5) User=0.02s Sys=0.00s Real=0.02s
[2024-04-02T19:30:41.695+0800][14.350s] GC(6) Pause Young (Mixed) (Metadata GC Threshold)
[2024-04-02T19:30:41.695+0800][14.350s] GC(6) Using 8 workers of 8 for evacuation
[2024-04-02T19:30:41.695+0800][14.357s] GC(6)   Pre Evacuate Collection Set: 0.28ms
[2024-04-02T19:30:41.695+0800][14.357s] GC(6)   Merge Heap Roots: 0.09ms
[2024-04-02T19:30:41.695+0800][14.357s] GC(6)   Evacuate Collection Set: 5.36ms
[2024-04-02T19:30:41.695+0800][14.357s] GC(6)   Post Evacuate Collection Set: 0.86ms
[2024-04-02T19:30:41.695+0800][14.357s] GC(6)   Other: 0.17ms
[2024-04-02T19:30:41.695+0800][14.357s] GC(6) Eden regions: 4->0(297)
[2024-04-02T19:30:41.695+0800][14.357s] GC(6) Survivor regions: 10->10(39)
[2024-04-02T19:30:41.695+0800][14.357s] GC(6) Old regions: 16->16
[2024-04-02T19:30:41.695+0800][14.357s] GC(6) Humongous regions: 4->4
[2024-04-02T19:30:41.695+0800][14.357s] GC(6) Metaspace: 35799K(36288K)->35799K(36288K) NonClass: 31480K(31744K)->31480K(31744K) Class: 4318K(4544K)->4318K(4544K)
[2024-04-02T19:30:41.695+0800][14.357s] GC(6) Pause Young (Mixed) (Metadata GC Threshold) 33M->29M(512M) 7.344ms
[2024-04-02T19:30:41.695+0800][14.358s] GC(6) User=0.00s Sys=0.00s Real=0.00s
[2024-04-02T19:30:41.946+0800][14.606s] GC(7) Pause Young (Concurrent Start) (Metadata GC Threshold)
[2024-04-02T19:30:41.946+0800][14.606s] GC(7) Using 8 workers of 8 for evacuation
[2024-04-02T19:30:41.946+0800][14.613s] GC(7)   Pre Evacuate Collection Set: 0.27ms
[2024-04-02T19:30:41.946+0800][14.613s] GC(7)   Merge Heap Roots: 0.08ms
[2024-04-02T19:30:41.946+0800][14.613s] GC(7)   Evacuate Collection Set: 5.42ms
[2024-04-02T19:30:41.946+0800][14.613s] GC(7)   Post Evacuate Collection Set: 1.01ms
[2024-04-02T19:30:41.946+0800][14.613s] GC(7)   Other: 0.25ms
[2024-04-02T19:30:41.946+0800][14.613s] GC(7) Eden regions: 5->0(296)
[2024-04-02T19:30:41.946+0800][14.614s] GC(7) Survivor regions: 10->11(39)
[2024-04-02T19:30:41.946+0800][14.614s] GC(7) Old regions: 16->16
[2024-04-02T19:30:41.946+0800][14.614s] GC(7) Humongous regions: 4->4
[2024-04-02T19:30:41.946+0800][14.614s] GC(7) Metaspace: 36139K(36608K)->36139K(36608K) NonClass: 31778K(32000K)->31778K(32000K) Class: 4360K(4608K)->4360K(4608K)
[2024-04-02T19:30:41.946+0800][14.614s] GC(7) Pause Young (Concurrent Start) (Metadata GC Threshold) 34M->29M(512M) 7.871ms
[2024-04-02T19:30:41.946+0800][14.614s] GC(8) Concurrent Mark Cycle
[2024-04-02T19:30:41.946+0800][14.614s] GC(7) User=0.00s Sys=0.00s Real=0.00s
[2024-04-02T19:30:41.946+0800][14.614s] GC(8) Concurrent Scan Root Regions
[2024-04-02T19:30:41.964+0800][14.619s] GC(8) Concurrent Scan Root Regions 5.242ms
[2024-04-02T19:30:41.964+0800][14.619s] GC(8) Concurrent Mark
[2024-04-02T19:30:41.964+0800][14.619s] GC(8) Concurrent Mark From Roots
[2024-04-02T19:30:41.964+0800][14.619s] GC(8) Using 2 workers of 2 for marking
[2024-04-02T19:30:41.978+0800][14.644s] GC(8) Concurrent Mark From Roots 24.843ms
[2024-04-02T19:30:41.978+0800][14.644s] GC(8) Concurrent Preclean
[2024-04-02T19:30:41.978+0800][14.644s] GC(8) Concurrent Preclean 0.142ms
[2024-04-02T19:30:41.978+0800][14.645s] GC(8) Pause Remark
[2024-04-02T19:30:41.993+0800][14.652s] GC(8) Pause Remark 30M->30M(512M) 7.097ms
[2024-04-02T19:30:41.993+0800][14.652s] GC(8) User=0.03s Sys=0.02s Real=0.02s
[2024-04-02T19:30:41.993+0800][14.653s] GC(8) Concurrent Mark 33.216ms
[2024-04-02T19:30:41.993+0800][14.653s] GC(8) Concurrent Rebuild Remembered Sets and Scrub Regions
[2024-04-02T19:30:41.993+0800][14.661s] GC(8) Concurrent Rebuild Remembered Sets and Scrub Regions 8.688ms
[2024-04-02T19:30:41.993+0800][14.662s] GC(8) Pause Cleanup
[2024-04-02T19:30:41.993+0800][14.662s] GC(8) Pause Cleanup 30M->30M(512M) 0.218ms
[2024-04-02T19:30:41.993+0800][14.662s] GC(8) User=0.00s Sys=0.00s Real=0.00s
[2024-04-02T19:30:41.993+0800][14.662s] GC(8) Concurrent Clear Claimed Marks
[2024-04-02T19:30:41.993+0800][14.662s] GC(8) Concurrent Clear Claimed Marks 0.096ms
[2024-04-02T19:30:41.993+0800][14.662s] GC(8) Concurrent Cleanup for Next Mark
[2024-04-02T19:30:42.009+0800][14.664s] GC(8) Concurrent Cleanup for Next Mark 1.440ms
[2024-04-02T19:30:42.009+0800][14.664s] GC(8) Concurrent Mark Cycle 49.919ms
[2024-04-02T19:40:04.113+0800][576.767s] GC(9) Pause Young (Prepare Mixed) (G1 Evacuation Pause)
[2024-04-02T19:40:04.113+0800][576.767s] GC(9) Using 8 workers of 8 for evacuation
[2024-04-02T19:40:04.167+0800][576.829s] GC(9)   Pre Evacuate Collection Set: 0.45ms
[2024-04-02T19:40:04.167+0800][576.829s] GC(9)   Merge Heap Roots: 0.47ms
[2024-04-02T19:40:04.167+0800][576.829s] GC(9)   Evacuate Collection Set: 52.42ms
[2024-04-02T19:40:04.167+0800][576.829s] GC(9)   Post Evacuate Collection Set: 7.53ms
[2024-04-02T19:40:04.167+0800][576.829s] GC(9)   Other: 0.45ms
[2024-04-02T19:40:04.167+0800][576.829s] GC(9) Eden regions: 296->0(276)
[2024-04-02T19:40:04.167+0800][576.829s] GC(9) Survivor regions: 11->31(39)
[2024-04-02T19:40:04.167+0800][576.829s] GC(9) Old regions: 16->16
[2024-04-02T19:40:04.167+0800][576.830s] GC(9) Humongous regions: 6->4
[2024-04-02T19:40:04.167+0800][576.830s] GC(9) Metaspace: 57698K(58432K)->57698K(58432K) NonClass: 50426K(50816K)->50426K(50816K) Class: 7271K(7616K)->7271K(7616K)
[2024-04-02T19:40:04.167+0800][576.830s] GC(9) Pause Young (Prepare Mixed) (G1 Evacuation Pause) 327M->49M(512M) 62.514ms
[2024-04-02T19:40:04.167+0800][576.830s] GC(9) User=0.27s Sys=0.08s Real=0.05s
[2024-04-02T19:56:37.148+0800][1569.802s] GC(10) Pause Young (Mixed) (Metadata GC Threshold)
[2024-04-02T19:56:37.149+0800][1569.803s] GC(10) Using 8 workers of 8 for evacuation
[2024-04-02T19:56:37.179+0800][1569.847s] GC(10)   Pre Evacuate Collection Set: 0.55ms
[2024-04-02T19:56:37.179+0800][1569.847s] GC(10)   Merge Heap Roots: 0.26ms
[2024-04-02T19:56:37.179+0800][1569.847s] GC(10)   Evacuate Collection Set: 40.40ms
[2024-04-02T19:56:37.179+0800][1569.847s] GC(10)   Post Evacuate Collection Set: 2.45ms
[2024-04-02T19:56:37.179+0800][1569.847s] GC(10)   Other: 0.36ms
[2024-04-02T19:56:37.179+0800][1569.847s] GC(10) Eden regions: 119->0(284)
[2024-04-02T19:56:37.179+0800][1569.847s] GC(10) Survivor regions: 31->23(39)
[2024-04-02T19:56:37.179+0800][1569.847s] GC(10) Old regions: 16->25
[2024-04-02T19:56:37.179+0800][1569.847s] GC(10) Humongous regions: 5->4
[2024-04-02T19:56:37.179+0800][1569.847s] GC(10) Metaspace: 60364K(61120K)->60364K(61120K) NonClass: 52797K(53184K)->52797K(53184K) Class: 7567K(7936K)->7567K(7936K)
[2024-04-02T19:56:37.179+0800][1569.848s] GC(10) Pause Young (Mixed) (Metadata GC Threshold) 169M->51M(512M) 45.353ms
[2024-04-02T19:56:37.179+0800][1569.848s] GC(10) User=0.22s Sys=0.03s Real=0.03s
[2024-04-02T19:56:37.290+0800][1569.947s] GC(11) Pause Young (Concurrent Start) (Metadata GC Threshold)
[2024-04-02T19:56:37.290+0800][1569.947s] GC(11) Using 8 workers of 8 for evacuation
[2024-04-02T19:56:37.320+0800][1569.975s] GC(11)   Pre Evacuate Collection Set: 0.72ms
[2024-04-02T19:56:37.320+0800][1569.975s] GC(11)   Merge Heap Roots: 0.18ms
[2024-04-02T19:56:37.320+0800][1569.975s] GC(11)   Evacuate Collection Set: 24.56ms
[2024-04-02T19:56:37.321+0800][1569.975s] GC(11)   Post Evacuate Collection Set: 1.61ms
[2024-04-02T19:56:37.321+0800][1569.975s] GC(11)   Other: 0.41ms
[2024-04-02T19:56:37.321+0800][1569.975s] GC(11) Eden regions: 3->0(301)
[2024-04-02T19:56:37.321+0800][1569.975s] GC(11) Survivor regions: 23->6(39)
[2024-04-02T19:56:37.321+0800][1569.975s] GC(11) Old regions: 25->43
[2024-04-02T19:56:37.321+0800][1569.976s] GC(11) Humongous regions: 4->4
[2024-04-02T19:56:37.321+0800][1569.976s] GC(11) Metaspace: 60722K(61440K)->60722K(61440K) NonClass: 53117K(53504K)->53117K(53504K) Class: 7605K(7936K)->7605K(7936K)
[2024-04-02T19:56:37.321+0800][1569.976s] GC(11) Pause Young (Concurrent Start) (Metadata GC Threshold) 53M->52M(512M) 28.803ms
[2024-04-02T19:56:37.321+0800][1569.976s] GC(11) User=0.11s Sys=0.03s Real=0.03s
[2024-04-02T19:56:37.322+0800][1569.976s] GC(12) Concurrent Mark Cycle
[2024-04-02T19:56:37.322+0800][1569.976s] GC(12) Concurrent Scan Root Regions
[2024-04-02T19:56:37.337+0800][1569.991s] GC(12) Concurrent Scan Root Regions 15.218ms
[2024-04-02T19:56:37.337+0800][1569.992s] GC(12) Concurrent Mark
[2024-04-02T19:56:37.338+0800][1569.992s] GC(12) Concurrent Mark From Roots
[2024-04-02T19:56:37.338+0800][1569.992s] GC(12) Using 2 workers of 2 for marking
[2024-04-02T19:56:37.390+0800][1570.054s] GC(12) Concurrent Mark From Roots 62.659ms
[2024-04-02T19:56:37.390+0800][1570.055s] GC(12) Concurrent Preclean
[2024-04-02T19:56:37.390+0800][1570.055s] GC(12) Concurrent Preclean 0.705ms
[2024-04-02T19:56:37.390+0800][1570.056s] GC(12) Pause Remark
[2024-04-02T19:56:37.437+0800][1570.090s] GC(12) Pause Remark 53M->53M(512M) 34.706ms
[2024-04-02T19:56:37.437+0800][1570.090s] GC(12) User=0.02s Sys=0.00s Real=0.05s
[2024-04-02T19:56:37.437+0800][1570.091s] GC(12) Concurrent Mark 99.245ms
[2024-04-02T19:56:37.437+0800][1570.091s] GC(12) Concurrent Rebuild Remembered Sets and Scrub Regions
[2024-04-02T19:56:37.472+0800][1570.134s] GC(12) Concurrent Rebuild Remembered Sets and Scrub Regions 42.969ms
[2024-04-02T19:56:37.472+0800][1570.135s] GC(12) Pause Cleanup
[2024-04-02T19:56:37.472+0800][1570.136s] GC(12) Pause Cleanup 53M->53M(512M) 0.480ms
[2024-04-02T19:56:37.472+0800][1570.136s] GC(12) User=0.00s Sys=0.00s Real=0.00s
[2024-04-02T19:56:37.472+0800][1570.136s] GC(12) Concurrent Clear Claimed Marks
[2024-04-02T19:56:37.472+0800][1570.136s] GC(12) Concurrent Clear Claimed Marks 0.199ms
[2024-04-02T19:56:37.472+0800][1570.136s] GC(12) Concurrent Cleanup for Next Mark
[2024-04-02T19:56:37.497+0800][1570.151s] GC(12) Concurrent Cleanup for Next Mark 14.786ms
[2024-04-02T19:56:37.497+0800][1570.151s] GC(12) Concurrent Mark Cycle 175.316ms
[2024-04-02T19:58:14.211+0800][1666.876s] GC(13) Pause Young (Prepare Mixed) (G1 Evacuation Pause)
[2024-04-02T19:58:14.211+0800][1666.876s] GC(13) Using 8 workers of 8 for evacuation
[2024-04-02T19:58:14.233+0800][1666.889s] GC(13)   Pre Evacuate Collection Set: 0.43ms
[2024-04-02T19:58:14.233+0800][1666.889s] GC(13)   Merge Heap Roots: 0.29ms
[2024-04-02T19:58:14.233+0800][1666.889s] GC(13)   Evacuate Collection Set: 9.10ms
[2024-04-02T19:58:14.233+0800][1666.889s] GC(13)   Post Evacuate Collection Set: 2.23ms
[2024-04-02T19:58:14.233+0800][1666.889s] GC(13)   Other: 0.39ms
[2024-04-02T19:58:14.233+0800][1666.889s] GC(13) Eden regions: 301->0(300)
[2024-04-02T19:58:14.233+0800][1666.889s] GC(13) Survivor regions: 6->7(39)
[2024-04-02T19:58:14.233+0800][1666.889s] GC(13) Old regions: 43->43
[2024-04-02T19:58:14.233+0800][1666.890s] GC(13) Humongous regions: 8->4
[2024-04-02T19:58:14.233+0800][1666.890s] GC(13) Metaspace: 65203K(65856K)->65203K(65856K) NonClass: 57169K(57472K)->57169K(57472K) Class: 8034K(8384K)->8034K(8384K)
[2024-04-02T19:58:14.233+0800][1666.890s] GC(13) Pause Young (Prepare Mixed) (G1 Evacuation Pause) 357M->53M(512M) 14.036ms
[2024-04-02T19:58:14.233+0800][1666.890s] GC(13) User=0.02s Sys=0.00s Real=0.02s
[2024-04-02T20:17:12.084+0800][2804.737s] GC(14) Pause Young (Mixed) (G1 Evacuation Pause)
[2024-04-02T20:17:12.085+0800][2804.738s] GC(14) Using 8 workers of 8 for evacuation
[2024-04-02T20:17:12.106+0800][2804.760s] GC(14)   Pre Evacuate Collection Set: 0.98ms
[2024-04-02T20:17:12.106+0800][2804.760s] GC(14)   Merge Heap Roots: 0.33ms
[2024-04-02T20:17:12.106+0800][2804.760s] GC(14)   Evacuate Collection Set: 17.27ms
[2024-04-02T20:17:12.106+0800][2804.760s] GC(14)   Post Evacuate Collection Set: 2.68ms
[2024-04-02T20:17:12.107+0800][2804.760s] GC(14)   Other: 0.47ms
[2024-04-02T20:17:12.107+0800][2804.761s] GC(14) Eden regions: 300->0(295)
[2024-04-02T20:17:12.107+0800][2804.761s] GC(14) Survivor regions: 7->12(39)
[2024-04-02T20:17:12.107+0800][2804.761s] GC(14) Old regions: 43->43
[2024-04-02T20:17:12.107+0800][2804.761s] GC(14) Humongous regions: 6->4
[2024-04-02T20:17:12.107+0800][2804.761s] GC(14) Metaspace: 70439K(71168K)->70439K(71168K) NonClass: 61908K(62272K)->61908K(62272K) Class: 8531K(8896K)->8531K(8896K)
[2024-04-02T20:17:12.107+0800][2804.761s] GC(14) Pause Young (Mixed) (G1 Evacuation Pause) 355M->59M(512M) 23.879ms
[2024-04-02T20:17:12.108+0800][2804.761s] GC(14) User=0.09s Sys=0.00s Real=0.02s
[2024-04-02T20:17:18.539+0800][2811.192s] GC(15) Pause Young (Normal) (G1 Evacuation Pause)
[2024-04-02T20:17:18.539+0800][2811.193s] GC(15) Using 8 workers of 8 for evacuation
[2024-04-02T20:17:18.539+0800][2811.207s] GC(15)   Pre Evacuate Collection Set: 0.39ms
[2024-04-02T20:17:18.539+0800][2811.207s] GC(15)   Merge Heap Roots: 0.26ms
[2024-04-02T20:17:18.539+0800][2811.207s] GC(15)   Evacuate Collection Set: 10.85ms
[2024-04-02T20:17:18.539+0800][2811.207s] GC(15)   Post Evacuate Collection Set: 2.30ms
[2024-04-02T20:17:18.539+0800][2811.207s] GC(15)   Other: 0.45ms
[2024-04-02T20:17:18.539+0800][2811.208s] GC(15) Eden regions: 295->0(291)
[2024-04-02T20:17:18.554+0800][2811.208s] GC(15) Survivor regions: 12->16(39)
[2024-04-02T20:17:18.554+0800][2811.208s] GC(15) Old regions: 43->43
[2024-04-02T20:17:18.554+0800][2811.208s] GC(15) Humongous regions: 4->4
[2024-04-02T20:17:18.554+0800][2811.208s] GC(15) Metaspace: 70610K(71360K)->70610K(71360K) NonClass: 62078K(62464K)->62078K(62464K) Class: 8531K(8896K)->8531K(8896K)
[2024-04-02T20:17:18.554+0800][2811.208s] GC(15) Pause Young (Normal) (G1 Evacuation Pause) 354M->62M(512M) 16.184ms
[2024-04-02T20:17:18.554+0800][2811.209s] GC(15) User=0.03s Sys=0.02s Real=0.01s
[2024-04-02T20:24:25.631+0800][3238.285s] GC(16) Pause Young (Concurrent Start) (G1 Humongous Allocation)
[2024-04-02T20:24:25.632+0800][3238.286s] GC(16) Using 8 workers of 8 for evacuation
[2024-04-02T20:24:25.670+0800][3238.331s] GC(16)   Pre Evacuate Collection Set: 2.77ms
[2024-04-02T20:24:25.670+0800][3238.331s] GC(16)   Merge Heap Roots: 0.31ms
[2024-04-02T20:24:25.670+0800][3238.331s] GC(16)   Evacuate Collection Set: 38.68ms
[2024-04-02T20:24:25.670+0800][3238.331s] GC(16)   Post Evacuate Collection Set: 2.66ms
[2024-04-02T20:24:25.670+0800][3238.331s] GC(16)   Other: 0.76ms
[2024-04-02T20:24:25.670+0800][3238.331s] GC(16) Eden regions: 255->0(290)
[2024-04-02T20:24:25.670+0800][3238.331s] GC(16) Survivor regions: 16->17(39)
[2024-04-02T20:24:25.670+0800][3238.332s] GC(16) Old regions: 43->43
[2024-04-02T20:24:25.670+0800][3238.332s] GC(16) Humongous regions: 4->4
[2024-04-02T20:24:25.670+0800][3238.332s] GC(16) Metaspace: 71499K(72256K)->71499K(72256K) NonClass: 62866K(63232K)->62866K(63232K) Class: 8632K(9024K)->8632K(9024K)
[2024-04-02T20:24:25.670+0800][3238.332s] GC(16) Pause Young (Concurrent Start) (G1 Humongous Allocation) 317M->63M(512M) 46.559ms
[2024-04-02T20:24:25.670+0800][3238.332s] GC(16) User=0.14s Sys=0.09s Real=0.04s
[2024-04-02T20:24:25.670+0800][3238.332s] GC(17) Concurrent Mark Cycle
[2024-04-02T20:24:25.670+0800][3238.333s] GC(17) Concurrent Scan Root Regions
[2024-04-02T20:24:25.701+0800][3238.356s] GC(17) Concurrent Scan Root Regions 22.862ms
[2024-04-02T20:24:25.701+0800][3238.356s] GC(17) Concurrent Mark
[2024-04-02T20:24:25.701+0800][3238.356s] GC(17) Concurrent Mark From Roots
[2024-04-02T20:24:25.701+0800][3238.356s] GC(17) Using 2 workers of 2 for marking
[2024-04-02T20:24:25.881+0800][3238.535s] GC(17) Concurrent Mark From Roots 179.625ms
[2024-04-02T20:24:25.881+0800][3238.536s] GC(17) Concurrent Preclean
[2024-04-02T20:24:25.882+0800][3238.536s] GC(17) Concurrent Preclean 0.844ms
[2024-04-02T20:24:25.882+0800][3238.537s] GC(17) Pause Remark
[2024-04-02T20:24:26.130+0800][3238.794s] GC(17) MMU target violated: 251.0ms (250.0ms/251.0ms)
[2024-04-02T20:24:26.130+0800][3238.794s] GC(17) Pause Remark 80M->80M(512M) 257.487ms
[2024-04-02T20:24:26.130+0800][3238.794s] GC(17) User=0.08s Sys=0.05s Real=0.25s
[2024-04-02T20:24:26.130+0800][3238.795s] GC(17) Concurrent Mark 438.859ms
[2024-04-02T20:24:26.130+0800][3238.795s] GC(17) Concurrent Rebuild Remembered Sets and Scrub Regions
[2024-04-02T20:24:26.197+0800][3238.851s] GC(17) Concurrent Rebuild Remembered Sets and Scrub Regions 56.688ms
[2024-04-02T20:24:26.197+0800][3238.852s] GC(17) Pause Cleanup
[2024-04-02T20:24:26.198+0800][3238.852s] GC(17) Pause Cleanup 83M->83M(512M) 0.660ms
[2024-04-02T20:24:26.198+0800][3238.853s] GC(17) User=0.00s Sys=0.00s Real=0.00s
[2024-04-02T20:24:26.198+0800][3238.853s] GC(17) Concurrent Clear Claimed Marks
[2024-04-02T20:24:26.198+0800][3238.853s] GC(17) Concurrent Clear Claimed Marks 0.199ms
[2024-04-02T20:24:26.198+0800][3238.853s] GC(17) Concurrent Cleanup for Next Mark
[2024-04-02T20:24:26.198+0800][3238.865s] GC(17) Concurrent Cleanup for Next Mark 12.088ms
[2024-04-02T20:24:26.198+0800][3238.865s] GC(17) Concurrent Mark Cycle 532.880ms
[2024-04-02T20:26:13.848+0800][3346.502s] GC(18) Pause Young (Prepare Mixed) (G1 Evacuation Pause)
[2024-04-02T20:26:13.849+0800][3346.503s] GC(18) Using 8 workers of 8 for evacuation
[2024-04-02T20:26:13.890+0800][3346.543s] GC(18)   Pre Evacuate Collection Set: 0.39ms
[2024-04-02T20:26:13.890+0800][3346.544s] GC(18)   Merge Heap Roots: 0.22ms
[2024-04-02T20:26:13.890+0800][3346.544s] GC(18)   Evacuate Collection Set: 37.60ms
[2024-04-02T20:26:13.890+0800][3346.544s] GC(18)   Post Evacuate Collection Set: 2.24ms
[2024-04-02T20:26:13.890+0800][3346.544s] GC(18)   Other: 0.32ms
[2024-04-02T20:26:13.890+0800][3346.544s] GC(18) Eden regions: 290->0(284)
[2024-04-02T20:26:13.890+0800][3346.544s] GC(18) Survivor regions: 17->23(39)
[2024-04-02T20:26:13.890+0800][3346.544s] GC(18) Old regions: 43->43
[2024-04-02T20:26:13.890+0800][3346.544s] GC(18) Humongous regions: 8->4
[2024-04-02T20:26:13.891+0800][3346.544s] GC(18) Metaspace: 75820K(76608K)->75820K(76608K) NonClass: 66771K(67200K)->66771K(67200K) Class: 9049K(9408K)->9049K(9408K)
[2024-04-02T20:26:13.891+0800][3346.544s] GC(18) Pause Young (Prepare Mixed) (G1 Evacuation Pause) 357M->70M(512M) 41.956ms
[2024-04-02T20:26:13.891+0800][3346.544s] GC(18) User=0.11s Sys=0.09s Real=0.04s
[2024-04-02T20:28:12.435+0800][3465.089s] GC(19) Pause Young (Mixed) (G1 Evacuation Pause)
[2024-04-02T20:28:12.435+0800][3465.089s] GC(19) Using 8 workers of 8 for evacuation
[2024-04-02T20:28:12.458+0800][3465.112s] GC(19)   Pre Evacuate Collection Set: 0.41ms
[2024-04-02T20:28:12.458+0800][3465.112s] GC(19)   Merge Heap Roots: 0.20ms
[2024-04-02T20:28:12.458+0800][3465.112s] GC(19)   Evacuate Collection Set: 18.97ms
[2024-04-02T20:28:12.459+0800][3465.112s] GC(19)   Post Evacuate Collection Set: 2.96ms
[2024-04-02T20:28:12.459+0800][3465.112s] GC(19)   Other: 0.40ms
[2024-04-02T20:28:12.459+0800][3465.112s] GC(19) Eden regions: 284->0(284)
[2024-04-02T20:28:12.459+0800][3465.112s] GC(19) Survivor regions: 23->23(39)
[2024-04-02T20:28:12.459+0800][3465.113s] GC(19) Old regions: 43->46
[2024-04-02T20:28:12.459+0800][3465.113s] GC(19) Humongous regions: 7->4
[2024-04-02T20:28:12.459+0800][3465.113s] GC(19) Metaspace: 80893K(81728K)->80893K(81728K) NonClass: 71315K(71744K)->71315K(71744K) Class: 9578K(9984K)->9578K(9984K)
[2024-04-02T20:28:12.459+0800][3465.113s] GC(19) Pause Young (Mixed) (G1 Evacuation Pause) 357M->71M(512M) 24.439ms
[2024-04-02T20:28:12.459+0800][3465.113s] GC(19) User=0.00s Sys=0.00s Real=0.03s
[2024-04-02T20:28:12.684+0800][3465.338s] GC(20) Pause Young (Concurrent Start) (G1 Humongous Allocation)
[2024-04-02T20:28:12.684+0800][3465.339s] GC(20) Using 8 workers of 8 for evacuation
[2024-04-02T20:28:12.700+0800][3465.356s] GC(20)   Pre Evacuate Collection Set: 0.30ms
[2024-04-02T20:28:12.700+0800][3465.356s] GC(20)   Merge Heap Roots: 0.17ms
[2024-04-02T20:28:12.700+0800][3465.356s] GC(20)   Evacuate Collection Set: 14.48ms
[2024-04-02T20:28:12.700+0800][3465.356s] GC(20)   Post Evacuate Collection Set: 1.89ms
[2024-04-02T20:28:12.700+0800][3465.356s] GC(20)   Other: 0.44ms
[2024-04-02T20:28:12.700+0800][3465.356s] GC(20) Eden regions: 10->0(289)
[2024-04-02T20:28:12.700+0800][3465.357s] GC(20) Survivor regions: 23->18(39)
[2024-04-02T20:28:12.700+0800][3465.357s] GC(20) Old regions: 46->51
[2024-04-02T20:28:12.700+0800][3465.357s] GC(20) Humongous regions: 4->4
[2024-04-02T20:28:12.700+0800][3465.357s] GC(20) Metaspace: 81356K(82176K)->81356K(82176K) NonClass: 71730K(72128K)->71730K(72128K) Class: 9626K(10048K)->9626K(10048K)
[2024-04-02T20:28:12.700+0800][3465.357s] GC(20) Pause Young (Concurrent Start) (G1 Humongous Allocation) 81M->72M(512M) 18.494ms
[2024-04-02T20:28:12.700+0800][3465.357s] GC(20) User=0.02s Sys=0.00s Real=0.02s
[2024-04-02T20:28:12.700+0800][3465.357s] GC(21) Concurrent Mark Cycle
[2024-04-02T20:28:12.700+0800][3465.357s] GC(21) Concurrent Scan Root Regions
[2024-04-02T20:28:12.715+0800][3465.369s] GC(21) Concurrent Scan Root Regions 12.126ms
[2024-04-02T20:28:12.715+0800][3465.370s] GC(21) Concurrent Mark
[2024-04-02T20:28:12.715+0800][3465.370s] GC(21) Concurrent Mark From Roots
[2024-04-02T20:28:12.715+0800][3465.370s] GC(21) Using 2 workers of 2 for marking
[2024-04-02T20:28:12.806+0800][3465.460s] GC(21) Concurrent Mark From Roots 90.844ms
[2024-04-02T20:28:12.806+0800][3465.461s] GC(21) Concurrent Preclean
[2024-04-02T20:28:12.806+0800][3465.461s] GC(21) Concurrent Preclean 0.554ms
[2024-04-02T20:28:12.806+0800][3465.461s] GC(21) Pause Remark
[2024-04-02T20:28:12.893+0800][3465.552s] GC(21) Pause Remark 87M->87M(512M) 90.352ms
[2024-04-02T20:28:12.893+0800][3465.552s] GC(21) User=0.03s Sys=0.00s Real=0.09s
[2024-04-02T20:28:12.893+0800][3465.552s] GC(21) Concurrent Mark 182.822ms
[2024-04-02T20:28:12.893+0800][3465.552s] GC(21) Concurrent Rebuild Remembered Sets and Scrub Regions
[2024-04-02T20:28:12.942+0800][3465.608s] GC(21) Concurrent Rebuild Remembered Sets and Scrub Regions 55.022ms
[2024-04-02T20:28:12.942+0800][3465.608s] GC(21) Pause Cleanup
[2024-04-02T20:28:12.942+0800][3465.608s] GC(21) Pause Cleanup 91M->91M(512M) 0.528ms
[2024-04-02T20:28:12.942+0800][3465.609s] GC(21) User=0.00s Sys=0.00s Real=0.00s
[2024-04-02T20:28:12.942+0800][3465.609s] GC(21) Concurrent Clear Claimed Marks
[2024-04-02T20:28:12.942+0800][3465.609s] GC(21) Concurrent Clear Claimed Marks 0.167ms
[2024-04-02T20:28:12.942+0800][3465.609s] GC(21) Concurrent Cleanup for Next Mark
[2024-04-02T20:28:12.942+0800][3465.611s] GC(21) Concurrent Cleanup for Next Mark 1.487ms
[2024-04-02T20:28:12.942+0800][3465.611s] GC(21) Concurrent Mark Cycle 253.706ms
[2024-04-02T20:32:04.257+0800][3696.911s] GC(22) Pause Young (Prepare Mixed) (G1 Evacuation Pause)
[2024-04-02T20:32:04.257+0800][3696.911s] GC(22) Using 8 workers of 8 for evacuation
[2024-04-02T20:32:04.274+0800][3696.928s] GC(22)   Pre Evacuate Collection Set: 0.94ms
[2024-04-02T20:32:04.274+0800][3696.928s] GC(22)   Merge Heap Roots: 0.29ms
[2024-04-02T20:32:04.274+0800][3696.929s] GC(22)   Evacuate Collection Set: 13.21ms
[2024-04-02T20:32:04.274+0800][3696.929s] GC(22)   Post Evacuate Collection Set: 2.12ms
[2024-04-02T20:32:04.275+0800][3696.929s] GC(22)   Other: 0.43ms
[2024-04-02T20:32:04.275+0800][3696.929s] GC(22) Eden regions: 289->0(285)
[2024-04-02T20:32:04.275+0800][3696.929s] GC(22) Survivor regions: 18->22(39)
[2024-04-02T20:32:04.275+0800][3696.929s] GC(22) Old regions: 51->51
[2024-04-02T20:32:04.275+0800][3696.929s] GC(22) Humongous regions: 5->4
[2024-04-02T20:32:04.275+0800][3696.930s] GC(22) Metaspace: 77434K(78720K)->77434K(78720K) NonClass: 68264K(68992K)->68264K(68992K) Class: 9169K(9728K)->9169K(9728K)
[2024-04-02T20:32:04.276+0800][3696.930s] GC(22) Pause Young (Prepare Mixed) (G1 Evacuation Pause) 362M->76M(512M) 18.826ms
[2024-04-02T20:32:04.276+0800][3696.930s] GC(22) User=0.02s Sys=0.02s Real=0.02s
