[2024-04-03T14:14:20.758+0800][0.089s] CardTable entry size: 512
[2024-04-03T14:14:20.758+0800][0.091s] Using G1
[2024-04-03T14:14:22.501+0800][1.822s] Version: 22+36-2370 (release)
[2024-04-03T14:14:22.501+0800][1.822s] CPUs: 8 total, 8 available
[2024-04-03T14:14:22.501+0800][1.822s] Memory: 6020M
[2024-04-03T14:14:22.501+0800][1.822s] Large Page Support: Disabled
[2024-04-03T14:14:22.501+0800][1.822s] NUMA Support: Disabled
[2024-04-03T14:14:22.501+0800][1.822s] Compressed Oops: Enabled (32-bit)
[2024-04-03T14:14:22.501+0800][1.823s] Heap Region Size: 1M
[2024-04-03T14:14:22.501+0800][1.823s] Heap Min Capacity: 512M
[2024-04-03T14:14:22.501+0800][1.823s] Heap Initial Capacity: 512M
[2024-04-03T14:14:22.501+0800][1.823s] Heap Max Capacity: 512M
[2024-04-03T14:14:22.501+0800][1.824s] Pre-touch: Enabled
[2024-04-03T14:14:22.501+0800][1.824s] Parallel Workers: 8
[2024-04-03T14:14:22.501+0800][1.824s] Concurrent Workers: 2
[2024-04-03T14:14:22.501+0800][1.824s] Concurrent Refinement Workers: 8
[2024-04-03T14:14:22.501+0800][1.824s] Periodic GC: Disabled
[2024-04-03T14:14:22.532+0800][1.860s] CDS archive(s) mapped at: [0x0000022dba000000-0x0000022dbac60000-0x0000022dbac60000), size 12976128, SharedBaseAddress: 0x0000022dba000000, ArchiveRelocationMode: 1.
[2024-04-03T14:14:22.532+0800][1.860s] Compressed class space mapped at: 0x0000022dbb000000-0x0000022dfb000000, reserved size: 1073741824
[2024-04-03T14:14:22.532+0800][1.860s] Narrow klass base: 0x0000022dba000000, Narrow klass shift: 0, Narrow klass range: 0x41000000
[2024-04-03T14:14:42.660+0800][21.981s] GC(0) Pause Young (Normal) (G1 Evacuation Pause)
[2024-04-03T14:14:42.660+0800][21.983s] GC(0) Using 8 workers of 8 for evacuation
[2024-04-03T14:14:42.676+0800][21.996s] GC(0)   Pre Evacuate Collection Set: 0.36ms
[2024-04-03T14:14:42.676+0800][21.996s] GC(0)   Merge Heap Roots: 0.25ms
[2024-04-03T14:14:42.676+0800][21.997s] GC(0)   Evacuate Collection Set: 8.41ms
[2024-04-03T14:14:42.676+0800][21.997s] GC(0)   Post Evacuate Collection Set: 1.49ms
[2024-04-03T14:14:42.676+0800][21.997s] GC(0)   Other: 1.80ms
[2024-04-03T14:14:42.676+0800][21.997s] GC(0) Eden regions: 30->0(41)
[2024-04-03T14:14:42.676+0800][21.997s] GC(0) Survivor regions: 0->4(4)
[2024-04-03T14:14:42.676+0800][21.998s] GC(0) Old regions: 0->1
[2024-04-03T14:14:42.676+0800][21.998s] GC(0) Humongous regions: 0->0
[2024-04-03T14:14:42.676+0800][21.998s] GC(0) Metaspace: 10067K(10304K)->10067K(10304K) NonClass: 8887K(9024K)->8887K(9024K) Class: 1179K(1280K)->1179K(1280K)
[2024-04-03T14:14:42.676+0800][21.998s] GC(0) Pause Young (Normal) (G1 Evacuation Pause) 30M->4M(512M) 16.402ms
[2024-04-03T14:14:42.676+0800][21.998s] GC(0) User=0.00s Sys=0.00s Real=0.02s
[2024-04-03T14:14:45.805+0800][25.140s] GC(1) Pause Young (Normal) (G1 Evacuation Pause)
[2024-04-03T14:14:45.805+0800][25.140s] GC(1) Using 8 workers of 8 for evacuation
[2024-04-03T14:14:45.837+0800][25.168s] GC(1)   Pre Evacuate Collection Set: 0.72ms
[2024-04-03T14:14:45.837+0800][25.168s] GC(1)   Merge Heap Roots: 0.29ms
[2024-04-03T14:14:45.837+0800][25.168s] GC(1)   Evacuate Collection Set: 24.00ms
[2024-04-03T14:14:45.837+0800][25.168s] GC(1)   Post Evacuate Collection Set: 2.12ms
[2024-04-03T14:14:45.837+0800][25.168s] GC(1)   Other: 0.47ms
[2024-04-03T14:14:45.837+0800][25.168s] GC(1) Eden regions: 41->0(65)
[2024-04-03T14:14:45.837+0800][25.169s] GC(1) Survivor regions: 4->6(6)
[2024-04-03T14:14:45.837+0800][25.169s] GC(1) Old regions: 1->9
[2024-04-03T14:14:45.837+0800][25.169s] GC(1) Humongous regions: 4->4
[2024-04-03T14:14:45.837+0800][25.169s] GC(1) Metaspace: 19150K(19520K)->19150K(19520K) NonClass: 16876K(17088K)->16876K(17088K) Class: 2273K(2432K)->2273K(2432K)
[2024-04-03T14:14:45.837+0800][25.169s] GC(1) Pause Young (Normal) (G1 Evacuation Pause) 49M->18M(512M) 29.218ms
[2024-04-03T14:14:45.837+0800][25.169s] GC(1) User=0.14s Sys=0.00s Real=0.03s
[2024-04-03T14:14:47.867+0800][27.190s] GC(2) Pause Young (Normal) (G1 Evacuation Pause)
[2024-04-03T14:14:47.867+0800][27.190s] GC(2) Using 8 workers of 8 for evacuation
[2024-04-03T14:14:47.867+0800][27.200s] GC(2)   Pre Evacuate Collection Set: 0.54ms
[2024-04-03T14:14:47.867+0800][27.200s] GC(2)   Merge Heap Roots: 0.29ms
[2024-04-03T14:14:47.867+0800][27.200s] GC(2)   Evacuate Collection Set: 7.40ms
[2024-04-03T14:14:47.867+0800][27.200s] GC(2)   Post Evacuate Collection Set: 0.90ms
[2024-04-03T14:14:47.867+0800][27.200s] GC(2)   Other: 0.43ms
[2024-04-03T14:14:47.867+0800][27.200s] GC(2) Eden regions: 63->0(302)
[2024-04-03T14:14:47.867+0800][27.200s] GC(2) Survivor regions: 6->5(9)
[2024-04-03T14:14:47.867+0800][27.200s] GC(2) Old regions: 9->16
[2024-04-03T14:14:47.867+0800][27.200s] GC(2) Humongous regions: 4->4
[2024-04-03T14:14:47.867+0800][27.201s] GC(2) Metaspace: 19351K(19840K)->19351K(19840K) NonClass: 17074K(17344K)->17074K(17344K) Class: 2276K(2496K)->2276K(2496K)
[2024-04-03T14:14:47.867+0800][27.201s] GC(2) Pause Young (Normal) (G1 Evacuation Pause) 81M->23M(512M) 10.669ms
[2024-04-03T14:14:47.867+0800][27.201s] GC(2) User=0.00s Sys=0.00s Real=0.00s
[2024-04-03T14:14:48.934+0800][28.264s] GC(3) Pause Young (Concurrent Start) (Metadata GC Threshold)
[2024-04-03T14:14:48.934+0800][28.264s] GC(3) Using 8 workers of 8 for evacuation
[2024-04-03T14:14:48.944+0800][28.269s] GC(3)   Pre Evacuate Collection Set: 0.61ms
[2024-04-03T14:14:48.944+0800][28.269s] GC(3)   Merge Heap Roots: 0.16ms
[2024-04-03T14:14:48.944+0800][28.269s] GC(3)   Evacuate Collection Set: 2.74ms
[2024-04-03T14:14:48.944+0800][28.269s] GC(3)   Post Evacuate Collection Set: 1.10ms
[2024-04-03T14:14:48.944+0800][28.269s] GC(3)   Other: 0.42ms
[2024-04-03T14:14:48.944+0800][28.269s] GC(3) Eden regions: 20->0(302)
[2024-04-03T14:14:48.944+0800][28.270s] GC(3) Survivor regions: 5->5(39)
[2024-04-03T14:14:48.944+0800][28.270s] GC(3) Old regions: 16->16
[2024-04-03T14:14:48.944+0800][28.270s] GC(3) Humongous regions: 4->4
[2024-04-03T14:14:48.944+0800][28.270s] GC(3) Metaspace: 21058K(21504K)->21058K(21504K) NonClass: 18568K(18816K)->18568K(18816K) Class: 2490K(2688K)->2490K(2688K)
[2024-04-03T14:14:48.950+0800][28.270s] GC(3) Pause Young (Concurrent Start) (Metadata GC Threshold) 43M->24M(512M) 6.157ms
[2024-04-03T14:14:48.950+0800][28.270s] GC(4) Concurrent Mark Cycle
[2024-04-03T14:14:48.950+0800][28.270s] GC(3) User=0.00s Sys=0.00s Real=0.02s
[2024-04-03T14:14:48.950+0800][28.270s] GC(4) Concurrent Scan Root Regions
[2024-04-03T14:14:48.950+0800][28.273s] GC(4) Concurrent Scan Root Regions 2.510ms
[2024-04-03T14:14:48.950+0800][28.273s] GC(4) Concurrent Mark
[2024-04-03T14:14:48.950+0800][28.273s] GC(4) Concurrent Mark From Roots
[2024-04-03T14:14:48.950+0800][28.273s] GC(4) Using 2 workers of 2 for marking
[2024-04-03T14:14:48.997+0800][28.322s] GC(4) Concurrent Mark From Roots 48.495ms
[2024-04-03T14:14:48.997+0800][28.322s] GC(4) Concurrent Preclean
[2024-04-03T14:14:48.997+0800][28.322s] GC(4) Concurrent Preclean 0.190ms
[2024-04-03T14:14:48.997+0800][28.323s] GC(4) Pause Remark
[2024-04-03T14:14:48.997+0800][28.331s] GC(4) Pause Remark 25M->25M(512M) 8.492ms
[2024-04-03T14:14:48.997+0800][28.332s] GC(4) User=0.02s Sys=0.00s Real=0.00s
[2024-04-03T14:14:48.997+0800][28.332s] GC(4) Concurrent Mark 58.845ms
[2024-04-03T14:14:48.997+0800][28.332s] GC(4) Concurrent Rebuild Remembered Sets and Scrub Regions
[2024-04-03T14:14:49.012+0800][28.348s] GC(4) Concurrent Rebuild Remembered Sets and Scrub Regions 15.926ms
[2024-04-03T14:14:49.028+0800][28.348s] GC(4) Pause Cleanup
[2024-04-03T14:14:49.028+0800][28.349s] GC(4) Pause Cleanup 25M->25M(512M) 0.477ms
[2024-04-03T14:14:49.028+0800][28.349s] GC(4) User=0.00s Sys=0.00s Real=0.00s
[2024-04-03T14:14:49.028+0800][28.349s] GC(4) Concurrent Clear Claimed Marks
[2024-04-03T14:14:49.028+0800][28.349s] GC(4) Concurrent Clear Claimed Marks 0.176ms
[2024-04-03T14:14:49.028+0800][28.349s] GC(4) Concurrent Cleanup for Next Mark
[2024-04-03T14:14:49.028+0800][28.351s] GC(4) Concurrent Cleanup for Next Mark 1.598ms
[2024-04-03T14:14:49.028+0800][28.351s] GC(4) Concurrent Mark Cycle 81.318ms
[2024-04-03T14:15:33.492+0800][72.813s] GC(5) Pause Young (Prepare Mixed) (Metadata GC Threshold)
[2024-04-03T14:15:33.492+0800][72.813s] GC(5) Using 8 workers of 8 for evacuation
[2024-04-03T14:15:33.503+0800][72.824s] GC(5)   Pre Evacuate Collection Set: 0.31ms
[2024-04-03T14:15:33.503+0800][72.824s] GC(5)   Merge Heap Roots: 0.14ms
[2024-04-03T14:15:33.503+0800][72.824s] GC(5)   Evacuate Collection Set: 8.58ms
[2024-04-03T14:15:33.503+0800][72.824s] GC(5)   Post Evacuate Collection Set: 1.58ms
[2024-04-03T14:15:33.503+0800][72.824s] GC(5)   Other: 0.38ms
[2024-04-03T14:15:33.503+0800][72.824s] GC(5) Eden regions: 128->0(297)
[2024-04-03T14:15:33.503+0800][72.824s] GC(5) Survivor regions: 5->10(39)
[2024-04-03T14:15:33.504+0800][72.825s] GC(5) Old regions: 16->16
[2024-04-03T14:15:33.504+0800][72.825s] GC(5) Humongous regions: 4->4
[2024-04-03T14:15:33.504+0800][72.825s] GC(5) Metaspace: 35564K(35968K)->35564K(35968K) NonClass: 31285K(31488K)->31285K(31488K) Class: 4279K(4480K)->4279K(4480K)
[2024-04-03T14:15:33.504+0800][72.825s] GC(5) Pause Young (Prepare Mixed) (Metadata GC Threshold) 151M->29M(512M) 12.220ms
[2024-04-03T14:15:33.504+0800][72.825s] GC(5) User=0.00s Sys=0.00s Real=0.01s
[2024-04-03T14:15:33.620+0800][72.940s] GC(6) Pause Young (Mixed) (Metadata GC Threshold)
[2024-04-03T14:15:33.620+0800][72.940s] GC(6) Using 8 workers of 8 for evacuation
[2024-04-03T14:15:33.629+0800][72.949s] GC(6)   Pre Evacuate Collection Set: 0.30ms
[2024-04-03T14:15:33.629+0800][72.949s] GC(6)   Merge Heap Roots: 0.14ms
[2024-04-03T14:15:33.629+0800][72.949s] GC(6)   Evacuate Collection Set: 7.37ms
[2024-04-03T14:15:33.629+0800][72.950s] GC(6)   Post Evacuate Collection Set: 1.17ms
[2024-04-03T14:15:33.629+0800][72.950s] GC(6)   Other: 0.30ms
[2024-04-03T14:15:33.630+0800][72.950s] GC(6) Eden regions: 3->0(296)
[2024-04-03T14:15:33.630+0800][72.950s] GC(6) Survivor regions: 10->11(39)
[2024-04-03T14:15:33.630+0800][72.950s] GC(6) Old regions: 16->16
[2024-04-03T14:15:33.630+0800][72.950s] GC(6) Humongous regions: 4->4
[2024-04-03T14:15:33.630+0800][72.950s] GC(6) Metaspace: 35807K(36288K)->35807K(36288K) NonClass: 31487K(31744K)->31487K(31744K) Class: 4320K(4544K)->4320K(4544K)
[2024-04-03T14:15:33.630+0800][72.950s] GC(6) Pause Young (Mixed) (Metadata GC Threshold) 32M->29M(512M) 10.471ms
[2024-04-03T14:15:33.630+0800][72.950s] GC(6) User=0.00s Sys=0.00s Real=0.01s
[2024-04-03T14:15:33.965+0800][73.286s] GC(7) Pause Young (Concurrent Start) (Metadata GC Threshold)
[2024-04-03T14:15:33.966+0800][73.287s] GC(7) Using 8 workers of 8 for evacuation
[2024-04-03T14:15:33.968+0800][73.298s] GC(7)   Pre Evacuate Collection Set: 0.39ms
[2024-04-03T14:15:33.968+0800][73.298s] GC(7)   Merge Heap Roots: 0.15ms
[2024-04-03T14:15:33.968+0800][73.298s] GC(7)   Evacuate Collection Set: 9.05ms
[2024-04-03T14:15:33.968+0800][73.298s] GC(7)   Post Evacuate Collection Set: 1.56ms
[2024-04-03T14:15:33.968+0800][73.299s] GC(7)   Other: 0.40ms
[2024-04-03T14:15:33.968+0800][73.299s] GC(7) Eden regions: 6->0(296)
[2024-04-03T14:15:33.968+0800][73.299s] GC(7) Survivor regions: 11->11(39)
[2024-04-03T14:15:33.968+0800][73.299s] GC(7) Old regions: 16->16
[2024-04-03T14:15:33.968+0800][73.299s] GC(7) Humongous regions: 4->4
[2024-04-03T14:15:33.968+0800][73.299s] GC(7) Metaspace: 36203K(36608K)->36203K(36608K) NonClass: 31833K(32064K)->31833K(32064K) Class: 4369K(4544K)->4369K(4544K)
[2024-04-03T14:15:33.968+0800][73.299s] GC(7) Pause Young (Concurrent Start) (Metadata GC Threshold) 35M->30M(512M) 12.762ms
[2024-04-03T14:15:33.968+0800][73.299s] GC(8) Concurrent Mark Cycle
[2024-04-03T14:15:33.968+0800][73.299s] GC(7) User=0.00s Sys=0.00s Real=0.00s
[2024-04-03T14:15:33.968+0800][73.299s] GC(8) Concurrent Scan Root Regions
[2024-04-03T14:15:33.987+0800][73.307s] GC(8) Concurrent Scan Root Regions 7.837ms
[2024-04-03T14:15:33.987+0800][73.307s] GC(8) Concurrent Mark
[2024-04-03T14:15:33.987+0800][73.308s] GC(8) Concurrent Mark From Roots
[2024-04-03T14:15:33.988+0800][73.308s] GC(8) Using 2 workers of 2 for marking
[2024-04-03T14:15:34.018+0800][73.351s] GC(8) Concurrent Mark From Roots 43.167ms
[2024-04-03T14:15:34.018+0800][73.351s] GC(8) Concurrent Preclean
[2024-04-03T14:15:34.018+0800][73.351s] GC(8) Concurrent Preclean 0.197ms
[2024-04-03T14:15:34.018+0800][73.351s] GC(8) Pause Remark
[2024-04-03T14:15:34.038+0800][73.363s] GC(8) Pause Remark 31M->31M(512M) 11.391ms
[2024-04-03T14:15:34.038+0800][73.363s] GC(8) User=0.02s Sys=0.00s Real=0.02s
[2024-04-03T14:15:34.038+0800][73.363s] GC(8) Concurrent Mark 55.895ms
[2024-04-03T14:15:34.038+0800][73.363s] GC(8) Concurrent Rebuild Remembered Sets and Scrub Regions
[2024-04-03T14:15:34.059+0800][73.379s] GC(8) Concurrent Rebuild Remembered Sets and Scrub Regions 15.897ms
[2024-04-03T14:15:34.059+0800][73.380s] GC(8) Pause Cleanup
[2024-04-03T14:15:34.060+0800][73.380s] GC(8) Pause Cleanup 32M->32M(512M) 0.471ms
[2024-04-03T14:15:34.060+0800][73.380s] GC(8) User=0.00s Sys=0.00s Real=0.00s
[2024-04-03T14:15:34.060+0800][73.381s] GC(8) Concurrent Clear Claimed Marks
[2024-04-03T14:15:34.060+0800][73.381s] GC(8) Concurrent Clear Claimed Marks 0.179ms
[2024-04-03T14:15:34.061+0800][73.381s] GC(8) Concurrent Cleanup for Next Mark
[2024-04-03T14:15:34.062+0800][73.382s] GC(8) Concurrent Cleanup for Next Mark 1.444ms
[2024-04-03T14:15:34.062+0800][73.383s] GC(8) Concurrent Mark Cycle 83.354ms
[2024-04-03T14:15:45.724+0800][85.044s] GC(9) Pause Young (Prepare Mixed) (G1 Evacuation Pause)
[2024-04-03T14:15:45.724+0800][85.045s] GC(9) Using 8 workers of 8 for evacuation
[2024-04-03T14:15:45.740+0800][85.067s] GC(9)   Pre Evacuate Collection Set: 0.39ms
[2024-04-03T14:15:45.740+0800][85.067s] GC(9)   Merge Heap Roots: 0.18ms
[2024-04-03T14:15:45.740+0800][85.067s] GC(9)   Evacuate Collection Set: 18.96ms
[2024-04-03T14:15:45.740+0800][85.067s] GC(9)   Post Evacuate Collection Set: 2.44ms
[2024-04-03T14:15:45.740+0800][85.068s] GC(9)   Other: 0.52ms
[2024-04-03T14:15:45.740+0800][85.068s] GC(9) Eden regions: 296->0(281)
[2024-04-03T14:15:45.740+0800][85.068s] GC(9) Survivor regions: 11->26(39)
[2024-04-03T14:15:45.740+0800][85.068s] GC(9) Old regions: 16->16
[2024-04-03T14:15:45.740+0800][85.068s] GC(9) Humongous regions: 7->4
[2024-04-03T14:15:45.740+0800][85.068s] GC(9) Metaspace: 51309K(51968K)->51309K(51968K) NonClass: 44831K(45184K)->44831K(45184K) Class: 6477K(6784K)->6477K(6784K)
[2024-04-03T14:15:45.740+0800][85.068s] GC(9) Pause Young (Prepare Mixed) (G1 Evacuation Pause) 329M->45M(512M) 23.639ms
[2024-04-03T14:15:45.740+0800][85.068s] GC(9) User=0.12s Sys=0.00s Real=0.02s
[2024-04-03T15:08:09.318+0800][3228.641s] Heap
[2024-04-03T15:08:09.318+0800][3228.642s]  garbage-first heap   total reserved 524288K, committed 524288K, used 291684K [0x00000000e0000000, 0x0000000100000000)
[2024-04-03T15:08:09.318+0800][3228.642s]   region size 1024K, 266 young (272384K), 26 survivors (26624K)
[2024-04-03T15:08:09.318+0800][3228.642s]  Metaspace       used 60215K, committed 61120K, reserved 1114112K
[2024-04-03T15:08:09.318+0800][3228.642s]   class space    used 7641K, committed 8064K, reserved 1048576K
