[2024-03-26T15:51:45.836+0800][0.078s] CardTable entry size: 512
[2024-03-26T15:51:45.836+0800][0.080s] Using G1
[2024-03-26T15:51:47.107+0800][1.347s] Version: 22+36-2370 (release)
[2024-03-26T15:51:47.107+0800][1.347s] CPUs: 8 total, 8 available
[2024-03-26T15:51:47.107+0800][1.347s] Memory: 6020M
[2024-03-26T15:51:47.107+0800][1.347s] Large Page Support: Disabled
[2024-03-26T15:51:47.107+0800][1.347s] NUMA Support: Disabled
[2024-03-26T15:51:47.107+0800][1.347s] Compressed Oops: Enabled (32-bit)
[2024-03-26T15:51:47.107+0800][1.348s] Heap Region Size: 1M
[2024-03-26T15:51:47.107+0800][1.348s] Heap Min Capacity: 512M
[2024-03-26T15:51:47.107+0800][1.348s] Heap Initial Capacity: 512M
[2024-03-26T15:51:47.107+0800][1.348s] Heap Max Capacity: 512M
[2024-03-26T15:51:47.107+0800][1.350s] Pre-touch: Enabled
[2024-03-26T15:51:47.107+0800][1.350s] Parallel Workers: 8
[2024-03-26T15:51:47.107+0800][1.350s] Concurrent Workers: 2
[2024-03-26T15:51:47.107+0800][1.350s] Concurrent Refinement Workers: 8
[2024-03-26T15:51:47.107+0800][1.350s] Periodic GC: Disabled
[2024-03-26T15:51:47.123+0800][1.372s] CDS archive(s) mapped at: [0x0000021854000000-0x0000021854c60000-0x0000021854c60000), size 12976128, SharedBaseAddress: 0x0000021854000000, ArchiveRelocationMode: 1.
[2024-03-26T15:51:47.123+0800][1.372s] Compressed class space mapped at: 0x0000021855000000-0x0000021895000000, reserved size: 1073741824
[2024-03-26T15:51:47.123+0800][1.372s] Narrow klass base: 0x0000021854000000, Narrow klass shift: 0, Narrow klass range: 0x41000000
[2024-03-26T15:52:00.182+0800][14.431s] GC(0) Pause Young (Normal) (G1 Evacuation Pause)
[2024-03-26T15:52:00.182+0800][14.433s] GC(0) Using 8 workers of 8 for evacuation
[2024-03-26T15:52:00.198+0800][14.443s] GC(0)   Pre Evacuate Collection Set: 0.28ms
[2024-03-26T15:52:00.198+0800][14.443s] GC(0)   Merge Heap Roots: 0.22ms
[2024-03-26T15:52:00.198+0800][14.443s] GC(0)   Evacuate Collection Set: 7.41ms
[2024-03-26T15:52:00.198+0800][14.443s] GC(0)   Post Evacuate Collection Set: 1.23ms
[2024-03-26T15:52:00.198+0800][14.443s] GC(0)   Other: 1.60ms
[2024-03-26T15:52:00.198+0800][14.443s] GC(0) Eden regions: 30->0(41)
[2024-03-26T15:52:00.198+0800][14.443s] GC(0) Survivor regions: 0->4(4)
[2024-03-26T15:52:00.198+0800][14.443s] GC(0) Old regions: 0->1
[2024-03-26T15:52:00.198+0800][14.443s] GC(0) Humongous regions: 0->0
[2024-03-26T15:52:00.198+0800][14.443s] GC(0) Metaspace: 10029K(10304K)->10029K(10304K) NonClass: 8848K(9024K)->8848K(9024K) Class: 1180K(1280K)->1180K(1280K)
[2024-03-26T15:52:00.198+0800][14.444s] GC(0) Pause Young (Normal) (G1 Evacuation Pause) 30M->4M(512M) 12.213ms
[2024-03-26T15:52:00.198+0800][14.444s] GC(0) User=0.03s Sys=0.00s Real=0.02s
[2024-03-26T15:52:02.673+0800][16.916s] GC(1) Pause Young (Normal) (G1 Evacuation Pause)
[2024-03-26T15:52:02.673+0800][16.917s] GC(1) Using 8 workers of 8 for evacuation
[2024-03-26T15:52:02.689+0800][16.935s] GC(1)   Pre Evacuate Collection Set: 0.34ms
[2024-03-26T15:52:02.689+0800][16.936s] GC(1)   Merge Heap Roots: 0.16ms
[2024-03-26T15:52:02.689+0800][16.936s] GC(1)   Evacuate Collection Set: 16.41ms
[2024-03-26T15:52:02.689+0800][16.936s] GC(1)   Post Evacuate Collection Set: 1.55ms
[2024-03-26T15:52:02.689+0800][16.936s] GC(1)   Other: 0.31ms
[2024-03-26T15:52:02.689+0800][16.936s] GC(1) Eden regions: 41->0(65)
[2024-03-26T15:52:02.689+0800][16.936s] GC(1) Survivor regions: 4->6(6)
[2024-03-26T15:52:02.689+0800][16.936s] GC(1) Old regions: 1->10
[2024-03-26T15:52:02.689+0800][16.936s] GC(1) Humongous regions: 4->4
[2024-03-26T15:52:02.689+0800][16.936s] GC(1) Metaspace: 19133K(19584K)->19133K(19584K) NonClass: 16856K(17088K)->16856K(17088K) Class: 2277K(2496K)->2277K(2496K)
[2024-03-26T15:52:02.689+0800][16.936s] GC(1) Pause Young (Normal) (G1 Evacuation Pause) 49M->19M(512M) 19.939ms
[2024-03-26T15:52:02.689+0800][16.936s] GC(1) User=0.02s Sys=0.00s Real=0.02s
[2024-03-26T15:52:04.061+0800][18.301s] GC(2) Pause Young (Normal) (G1 Evacuation Pause)
[2024-03-26T15:52:04.061+0800][18.301s] GC(2) Using 8 workers of 8 for evacuation
[2024-03-26T15:52:04.061+0800][18.310s] GC(2)   Pre Evacuate Collection Set: 0.27ms
[2024-03-26T15:52:04.061+0800][18.310s] GC(2)   Merge Heap Roots: 0.14ms
[2024-03-26T15:52:04.061+0800][18.310s] GC(2)   Evacuate Collection Set: 6.57ms
[2024-03-26T15:52:04.061+0800][18.310s] GC(2)   Post Evacuate Collection Set: 0.81ms
[2024-03-26T15:52:04.061+0800][18.310s] GC(2)   Other: 0.45ms
[2024-03-26T15:52:04.061+0800][18.310s] GC(2) Eden regions: 63->0(302)
[2024-03-26T15:52:04.061+0800][18.310s] GC(2) Survivor regions: 6->5(9)
[2024-03-26T15:52:04.061+0800][18.310s] GC(2) Old regions: 10->16
[2024-03-26T15:52:04.061+0800][18.310s] GC(2) Humongous regions: 4->4
[2024-03-26T15:52:04.061+0800][18.311s] GC(2) Metaspace: 19330K(19776K)->19330K(19776K) NonClass: 17050K(17280K)->17050K(17280K) Class: 2279K(2496K)->2279K(2496K)
[2024-03-26T15:52:04.061+0800][18.311s] GC(2) Pause Young (Normal) (G1 Evacuation Pause) 82M->23M(512M) 9.339ms
[2024-03-26T15:52:04.061+0800][18.311s] GC(2) User=0.00s Sys=0.00s Real=0.00s
[2024-03-26T15:52:04.845+0800][19.097s] GC(3) Pause Young (Concurrent Start) (Metadata GC Threshold)
[2024-03-26T15:52:04.845+0800][19.097s] GC(3) Using 8 workers of 8 for evacuation
[2024-03-26T15:52:04.861+0800][19.102s] GC(3)   Pre Evacuate Collection Set: 0.36ms
[2024-03-26T15:52:04.861+0800][19.102s] GC(3)   Merge Heap Roots: 0.15ms
[2024-03-26T15:52:04.861+0800][19.103s] GC(3)   Evacuate Collection Set: 3.42ms
[2024-03-26T15:52:04.861+0800][19.103s] GC(3)   Post Evacuate Collection Set: 0.96ms
[2024-03-26T15:52:04.861+0800][19.103s] GC(3)   Other: 0.39ms
[2024-03-26T15:52:04.861+0800][19.103s] GC(3) Eden regions: 20->0(302)
[2024-03-26T15:52:04.861+0800][19.103s] GC(3) Survivor regions: 5->5(39)
[2024-03-26T15:52:04.861+0800][19.103s] GC(3) Old regions: 16->16
[2024-03-26T15:52:04.861+0800][19.103s] GC(3) Humongous regions: 4->4
[2024-03-26T15:52:04.861+0800][19.103s] GC(3) Metaspace: 21088K(21504K)->21088K(21504K) NonClass: 18587K(18816K)->18587K(18816K) Class: 2501K(2688K)->2501K(2688K)
[2024-03-26T15:52:04.861+0800][19.103s] GC(3) Pause Young (Concurrent Start) (Metadata GC Threshold) 43M->24M(512M) 6.445ms
[2024-03-26T15:52:04.861+0800][19.103s] GC(4) Concurrent Mark Cycle
[2024-03-26T15:52:04.861+0800][19.103s] GC(3) User=0.00s Sys=0.00s Real=0.02s
[2024-03-26T15:52:04.861+0800][19.104s] GC(4) Concurrent Scan Root Regions
[2024-03-26T15:52:04.869+0800][19.106s] GC(4) Concurrent Scan Root Regions 2.300ms
[2024-03-26T15:52:04.869+0800][19.106s] GC(4) Concurrent Mark
[2024-03-26T15:52:04.870+0800][19.106s] GC(4) Concurrent Mark From Roots
[2024-03-26T15:52:04.870+0800][19.106s] GC(4) Using 2 workers of 2 for marking
[2024-03-26T15:52:04.901+0800][19.143s] GC(4) Concurrent Mark From Roots 37.008ms
[2024-03-26T15:52:04.901+0800][19.143s] GC(4) Concurrent Preclean
[2024-03-26T15:52:04.901+0800][19.143s] GC(4) Concurrent Preclean 0.110ms
[2024-03-26T15:52:04.901+0800][19.144s] GC(4) Pause Remark
[2024-03-26T15:52:04.901+0800][19.149s] GC(4) Pause Remark 25M->25M(512M) 5.580ms
[2024-03-26T15:52:04.901+0800][19.149s] GC(4) User=0.00s Sys=0.00s Real=0.00s
[2024-03-26T15:52:04.901+0800][19.150s] GC(4) Concurrent Mark 43.596ms
[2024-03-26T15:52:04.901+0800][19.150s] GC(4) Concurrent Rebuild Remembered Sets and Scrub Regions
[2024-03-26T15:52:04.925+0800][19.165s] GC(4) Concurrent Rebuild Remembered Sets and Scrub Regions 14.845ms
[2024-03-26T15:52:04.925+0800][19.165s] GC(4) Pause Cleanup
[2024-03-26T15:52:04.925+0800][19.165s] GC(4) Pause Cleanup 26M->26M(512M) 0.437ms
[2024-03-26T15:52:04.925+0800][19.165s] GC(4) User=0.00s Sys=0.00s Real=0.00s
[2024-03-26T15:52:04.925+0800][19.166s] GC(4) Concurrent Clear Claimed Marks
[2024-03-26T15:52:04.925+0800][19.166s] GC(4) Concurrent Clear Claimed Marks 0.135ms
[2024-03-26T15:52:04.925+0800][19.166s] GC(4) Concurrent Cleanup for Next Mark
[2024-03-26T15:52:04.925+0800][19.167s] GC(4) Concurrent Cleanup for Next Mark 1.138ms
[2024-03-26T15:52:04.925+0800][19.167s] GC(4) Concurrent Mark Cycle 63.742ms
[2024-03-26T15:52:47.596+0800][61.833s] GC(5) Pause Young (Prepare Mixed) (Metadata GC Threshold)
[2024-03-26T15:52:47.597+0800][61.833s] GC(5) Using 8 workers of 8 for evacuation
[2024-03-26T15:52:47.597+0800][61.846s] GC(5)   Pre Evacuate Collection Set: 0.32ms
[2024-03-26T15:52:47.597+0800][61.846s] GC(5)   Merge Heap Roots: 0.18ms
[2024-03-26T15:52:47.597+0800][61.846s] GC(5)   Evacuate Collection Set: 10.21ms
[2024-03-26T15:52:47.597+0800][61.846s] GC(5)   Post Evacuate Collection Set: 1.36ms
[2024-03-26T15:52:47.597+0800][61.846s] GC(5)   Other: 0.33ms
[2024-03-26T15:52:47.597+0800][61.846s] GC(5) Eden regions: 89->0(297)
[2024-03-26T15:52:47.597+0800][61.846s] GC(5) Survivor regions: 5->10(39)
[2024-03-26T15:52:47.597+0800][61.846s] GC(5) Old regions: 16->16
[2024-03-26T15:52:47.597+0800][61.847s] GC(5) Humongous regions: 4->4
[2024-03-26T15:52:47.597+0800][61.847s] GC(5) Metaspace: 35699K(36160K)->35699K(36160K) NonClass: 31392K(31616K)->31392K(31616K) Class: 4307K(4544K)->4307K(4544K)
[2024-03-26T15:52:47.597+0800][61.847s] GC(5) Pause Young (Prepare Mixed) (Metadata GC Threshold) 112M->29M(512M) 13.580ms
[2024-03-26T15:52:47.597+0800][61.847s] GC(5) User=0.00s Sys=0.00s Real=0.00s
[2024-03-26T15:52:47.792+0800][62.029s] GC(6) Pause Young (Mixed) (Metadata GC Threshold)
[2024-03-26T15:52:47.792+0800][62.029s] GC(6) Using 8 workers of 8 for evacuation
[2024-03-26T15:52:47.797+0800][62.040s] GC(6)   Pre Evacuate Collection Set: 0.35ms
[2024-03-26T15:52:47.797+0800][62.040s] GC(6)   Merge Heap Roots: 0.15ms
[2024-03-26T15:52:47.797+0800][62.040s] GC(6)   Evacuate Collection Set: 8.42ms
[2024-03-26T15:52:47.797+0800][62.040s] GC(6)   Post Evacuate Collection Set: 1.35ms
[2024-03-26T15:52:47.797+0800][62.040s] GC(6)   Other: 0.29ms
[2024-03-26T15:52:47.797+0800][62.040s] GC(6) Eden regions: 5->0(296)
[2024-03-26T15:52:47.797+0800][62.040s] GC(6) Survivor regions: 10->11(39)
[2024-03-26T15:52:47.797+0800][62.040s] GC(6) Old regions: 16->16
[2024-03-26T15:52:47.797+0800][62.040s] GC(6) Humongous regions: 4->4
[2024-03-26T15:52:47.797+0800][62.040s] GC(6) Metaspace: 35997K(36480K)->35997K(36480K) NonClass: 31650K(31872K)->31650K(31872K) Class: 4346K(4608K)->4346K(4608K)
[2024-03-26T15:52:47.797+0800][62.041s] GC(6) Pause Young (Mixed) (Metadata GC Threshold) 33M->29M(512M) 11.780ms
[2024-03-26T15:52:47.797+0800][62.041s] GC(6) User=0.02s Sys=0.00s Real=0.00s
[2024-03-26T15:52:48.119+0800][62.355s] GC(7) Pause Young (Concurrent Start) (Metadata GC Threshold)
[2024-03-26T15:52:48.119+0800][62.355s] GC(7) Using 8 workers of 8 for evacuation
[2024-03-26T15:52:48.128+0800][62.365s] GC(7)   Pre Evacuate Collection Set: 0.45ms
[2024-03-26T15:52:48.129+0800][62.365s] GC(7)   Merge Heap Roots: 0.14ms
[2024-03-26T15:52:48.129+0800][62.365s] GC(7)   Evacuate Collection Set: 7.49ms
[2024-03-26T15:52:48.129+0800][62.365s] GC(7)   Post Evacuate Collection Set: 1.21ms
[2024-03-26T15:52:48.129+0800][62.366s] GC(7)   Other: 0.39ms
[2024-03-26T15:52:48.129+0800][62.366s] GC(7) Eden regions: 9->0(296)
[2024-03-26T15:52:48.129+0800][62.366s] GC(7) Survivor regions: 11->11(39)
[2024-03-26T15:52:48.129+0800][62.366s] GC(7) Old regions: 16->16
[2024-03-26T15:52:48.129+0800][62.366s] GC(7) Humongous regions: 4->4
[2024-03-26T15:52:48.129+0800][62.366s] GC(7) Metaspace: 36323K(36800K)->36323K(36800K) NonClass: 31927K(32192K)->31927K(32192K) Class: 4395K(4608K)->4395K(4608K)
[2024-03-26T15:52:48.129+0800][62.366s] GC(7) Pause Young (Concurrent Start) (Metadata GC Threshold) 38M->30M(512M) 10.821ms
[2024-03-26T15:52:48.130+0800][62.366s] GC(7) User=0.02s Sys=0.00s Real=0.01s
[2024-03-26T15:52:48.130+0800][62.366s] GC(8) Concurrent Mark Cycle
[2024-03-26T15:52:48.130+0800][62.366s] GC(8) Concurrent Scan Root Regions
[2024-03-26T15:52:48.130+0800][62.374s] GC(8) Concurrent Scan Root Regions 7.873ms
[2024-03-26T15:52:48.130+0800][62.374s] GC(8) Concurrent Mark
[2024-03-26T15:52:48.130+0800][62.374s] GC(8) Concurrent Mark From Roots
[2024-03-26T15:52:48.130+0800][62.375s] GC(8) Using 2 workers of 2 for marking
[2024-03-26T15:52:48.174+0800][62.410s] GC(8) Concurrent Mark From Roots 35.843ms
[2024-03-26T15:52:48.174+0800][62.410s] GC(8) Concurrent Preclean
[2024-03-26T15:52:48.174+0800][62.411s] GC(8) Concurrent Preclean 0.134ms
[2024-03-26T15:52:48.174+0800][62.411s] GC(8) Pause Remark
[2024-03-26T15:52:48.183+0800][62.420s] GC(8) Pause Remark 31M->31M(512M) 8.872ms
[2024-03-26T15:52:48.183+0800][62.420s] GC(8) User=0.00s Sys=0.00s Real=0.01s
[2024-03-26T15:52:48.183+0800][62.420s] GC(8) Concurrent Mark 45.769ms
[2024-03-26T15:52:48.183+0800][62.420s] GC(8) Concurrent Rebuild Remembered Sets and Scrub Regions
[2024-03-26T15:52:48.194+0800][62.431s] GC(8) Concurrent Rebuild Remembered Sets and Scrub Regions 10.825ms
[2024-03-26T15:52:48.195+0800][62.431s] GC(8) Pause Cleanup
[2024-03-26T15:52:48.195+0800][62.432s] GC(8) Pause Cleanup 31M->31M(512M) 0.408ms
[2024-03-26T15:52:48.195+0800][62.432s] GC(8) User=0.00s Sys=0.00s Real=0.00s
[2024-03-26T15:52:48.195+0800][62.432s] GC(8) Concurrent Clear Claimed Marks
[2024-03-26T15:52:48.195+0800][62.432s] GC(8) Concurrent Clear Claimed Marks 0.147ms
[2024-03-26T15:52:48.196+0800][62.432s] GC(8) Concurrent Cleanup for Next Mark
[2024-03-26T15:52:48.197+0800][62.434s] GC(8) Concurrent Cleanup for Next Mark 1.253ms
[2024-03-26T15:52:48.197+0800][62.434s] GC(8) Concurrent Mark Cycle 67.674ms
