[2024-04-04T17:18:53.099+0800][0.085s] CardTable entry size: 512
[2024-04-04T17:18:53.099+0800][0.087s] Using G1
[2024-04-04T17:18:54.594+0800][1.577s] Version: 22+36-2370 (release)
[2024-04-04T17:18:54.594+0800][1.577s] CPUs: 8 total, 8 available
[2024-04-04T17:18:54.594+0800][1.577s] Memory: 6020M
[2024-04-04T17:18:54.594+0800][1.577s] Large Page Support: Disabled
[2024-04-04T17:18:54.594+0800][1.578s] NUMA Support: Disabled
[2024-04-04T17:18:54.594+0800][1.578s] Compressed Oops: Enabled (32-bit)
[2024-04-04T17:18:54.594+0800][1.578s] Heap Region Size: 1M
[2024-04-04T17:18:54.594+0800][1.578s] Heap Min Capacity: 512M
[2024-04-04T17:18:54.594+0800][1.578s] Heap Initial Capacity: 512M
[2024-04-04T17:18:54.594+0800][1.578s] Heap Max Capacity: 512M
[2024-04-04T17:18:54.594+0800][1.579s] Pre-touch: Enabled
[2024-04-04T17:18:54.594+0800][1.579s] Parallel Workers: 8
[2024-04-04T17:18:54.594+0800][1.579s] Concurrent Workers: 2
[2024-04-04T17:18:54.594+0800][1.579s] Concurrent Refinement Workers: 8
[2024-04-04T17:18:54.594+0800][1.579s] Periodic GC: Disabled
[2024-04-04T17:18:54.609+0800][1.608s] CDS archive(s) mapped at: [0x0000027dc4000000-0x0000027dc4c60000-0x0000027dc4c60000), size 12976128, SharedBaseAddress: 0x0000027dc4000000, ArchiveRelocationMode: 1.
[2024-04-04T17:18:54.625+0800][1.608s] Compressed class space mapped at: 0x0000027dc5000000-0x0000027e05000000, reserved size: 1073741824
[2024-04-04T17:18:54.625+0800][1.608s] Narrow klass base: 0x0000027dc4000000, Narrow klass shift: 0, Narrow klass range: 0x41000000
[2024-04-04T17:18:58.728+0800][5.715s] GC(0) Pause Young (Normal) (G1 Evacuation Pause)
[2024-04-04T17:18:58.728+0800][5.717s] GC(0) Using 8 workers of 8 for evacuation
[2024-04-04T17:18:58.744+0800][5.728s] GC(0)   Pre Evacuate Collection Set: 0.35ms
[2024-04-04T17:18:58.744+0800][5.728s] GC(0)   Merge Heap Roots: 0.29ms
[2024-04-04T17:18:58.744+0800][5.728s] GC(0)   Evacuate Collection Set: 7.83ms
[2024-04-04T17:18:58.744+0800][5.728s] GC(0)   Post Evacuate Collection Set: 1.87ms
[2024-04-04T17:18:58.744+0800][5.728s] GC(0)   Other: 2.16ms
[2024-04-04T17:18:58.744+0800][5.728s] GC(0) Eden regions: 30->0(41)
[2024-04-04T17:18:58.744+0800][5.728s] GC(0) Survivor regions: 0->4(4)
[2024-04-04T17:18:58.744+0800][5.728s] GC(0) Old regions: 0->1
[2024-04-04T17:18:58.744+0800][5.728s] GC(0) Humongous regions: 0->0
[2024-04-04T17:18:58.744+0800][5.729s] GC(0) Metaspace: 10072K(10304K)->10072K(10304K) NonClass: 8891K(9024K)->8891K(9024K) Class: 1180K(1280K)->1180K(1280K)
[2024-04-04T17:18:58.744+0800][5.729s] GC(0) Pause Young (Normal) (G1 Evacuation Pause) 30M->4M(512M) 14.166ms
[2024-04-04T17:18:58.744+0800][5.729s] GC(0) User=0.02s Sys=0.00s Real=0.02s
[2024-04-04T17:19:01.562+0800][8.551s] GC(1) Pause Young (Normal) (G1 Evacuation Pause)
[2024-04-04T17:19:01.562+0800][8.551s] GC(1) Using 8 workers of 8 for evacuation
[2024-04-04T17:19:01.579+0800][8.572s] GC(1)   Pre Evacuate Collection Set: 0.33ms
[2024-04-04T17:19:01.579+0800][8.572s] GC(1)   Merge Heap Roots: 0.19ms
[2024-04-04T17:19:01.579+0800][8.572s] GC(1)   Evacuate Collection Set: 18.30ms
[2024-04-04T17:19:01.579+0800][8.572s] GC(1)   Post Evacuate Collection Set: 1.59ms
[2024-04-04T17:19:01.579+0800][8.572s] GC(1)   Other: 0.39ms
[2024-04-04T17:19:01.579+0800][8.572s] GC(1) Eden regions: 41->0(64)
[2024-04-04T17:19:01.579+0800][8.572s] GC(1) Survivor regions: 4->6(6)
[2024-04-04T17:19:01.579+0800][8.572s] GC(1) Old regions: 1->9
[2024-04-04T17:19:01.579+0800][8.573s] GC(1) Humongous regions: 4->4
[2024-04-04T17:19:01.579+0800][8.573s] GC(1) Metaspace: 19154K(19520K)->19154K(19520K) NonClass: 16880K(17088K)->16880K(17088K) Class: 2274K(2432K)->2274K(2432K)
[2024-04-04T17:19:01.579+0800][8.573s] GC(1) Pause Young (Normal) (G1 Evacuation Pause) 49M->19M(512M) 22.027ms
[2024-04-04T17:19:01.579+0800][8.573s] GC(1) User=0.09s Sys=0.02s Real=0.02s
[2024-04-04T17:19:03.032+0800][10.028s] GC(2) Pause Young (Normal) (G1 Evacuation Pause)
[2024-04-04T17:19:03.032+0800][10.029s] GC(2) Using 8 workers of 8 for evacuation
[2024-04-04T17:19:03.047+0800][10.038s] GC(2)   Pre Evacuate Collection Set: 0.32ms
[2024-04-04T17:19:03.047+0800][10.038s] GC(2)   Merge Heap Roots: 0.18ms
[2024-04-04T17:19:03.047+0800][10.039s] GC(2)   Evacuate Collection Set: 7.55ms
[2024-04-04T17:19:03.047+0800][10.039s] GC(2)   Post Evacuate Collection Set: 0.99ms
[2024-04-04T17:19:03.047+0800][10.039s] GC(2)   Other: 0.56ms
[2024-04-04T17:19:03.047+0800][10.039s] GC(2) Eden regions: 63->0(302)
[2024-04-04T17:19:03.047+0800][10.039s] GC(2) Survivor regions: 6->5(9)
[2024-04-04T17:19:03.047+0800][10.039s] GC(2) Old regions: 9->16
[2024-04-04T17:19:03.047+0800][10.039s] GC(2) Humongous regions: 4->4
[2024-04-04T17:19:03.047+0800][10.039s] GC(2) Metaspace: 19348K(19840K)->19348K(19840K) NonClass: 17070K(17344K)->17070K(17344K) Class: 2277K(2496K)->2277K(2496K)
[2024-04-04T17:19:03.047+0800][10.039s] GC(2) Pause Young (Normal) (G1 Evacuation Pause) 82M->24M(512M) 10.778ms
[2024-04-04T17:19:03.047+0800][10.039s] GC(2) User=0.02s Sys=0.00s Real=0.01s
[2024-04-04T17:19:03.912+0800][10.900s] GC(3) Pause Young (Concurrent Start) (Metadata GC Threshold)
[2024-04-04T17:19:03.912+0800][10.900s] GC(3) Using 8 workers of 8 for evacuation
[2024-04-04T17:19:03.912+0800][10.906s] GC(3)   Pre Evacuate Collection Set: 0.37ms
[2024-04-04T17:19:03.912+0800][10.906s] GC(3)   Merge Heap Roots: 0.14ms
[2024-04-04T17:19:03.912+0800][10.906s] GC(3)   Evacuate Collection Set: 3.58ms
[2024-04-04T17:19:03.912+0800][10.906s] GC(3)   Post Evacuate Collection Set: 0.93ms
[2024-04-04T17:19:03.912+0800][10.906s] GC(3)   Other: 0.38ms
[2024-04-04T17:19:03.912+0800][10.906s] GC(3) Eden regions: 20->0(302)
[2024-04-04T17:19:03.912+0800][10.906s] GC(3) Survivor regions: 5->5(39)
[2024-04-04T17:19:03.912+0800][10.906s] GC(3) Old regions: 16->16
[2024-04-04T17:19:03.912+0800][10.906s] GC(3) Humongous regions: 4->4
[2024-04-04T17:19:03.912+0800][10.906s] GC(3) Metaspace: 21076K(21504K)->21076K(21504K) NonClass: 18583K(18816K)->18583K(18816K) Class: 2492K(2688K)->2492K(2688K)
[2024-04-04T17:19:03.912+0800][10.907s] GC(3) Pause Young (Concurrent Start) (Metadata GC Threshold) 43M->24M(512M) 6.555ms
[2024-04-04T17:19:03.912+0800][10.907s] GC(3) User=0.00s Sys=0.00s Real=0.00s
[2024-04-04T17:19:03.912+0800][10.907s] GC(4) Concurrent Mark Cycle
[2024-04-04T17:19:03.912+0800][10.907s] GC(4) Concurrent Scan Root Regions
[2024-04-04T17:19:03.912+0800][10.910s] GC(4) Concurrent Scan Root Regions 2.827ms
[2024-04-04T17:19:03.912+0800][10.910s] GC(4) Concurrent Mark
[2024-04-04T17:19:03.912+0800][10.910s] GC(4) Concurrent Mark From Roots
[2024-04-04T17:19:03.912+0800][10.910s] GC(4) Using 2 workers of 2 for marking
[2024-04-04T17:19:03.965+0800][10.954s] GC(4) Concurrent Mark From Roots 44.018ms
[2024-04-04T17:19:03.965+0800][10.954s] GC(4) Concurrent Preclean
[2024-04-04T17:19:03.965+0800][10.954s] GC(4) Concurrent Preclean 0.199ms
[2024-04-04T17:19:03.965+0800][10.955s] GC(4) Pause Remark
[2024-04-04T17:19:03.977+0800][10.962s] GC(4) Pause Remark 26M->26M(512M) 6.815ms
[2024-04-04T17:19:03.977+0800][10.962s] GC(4) User=0.02s Sys=0.00s Real=0.01s
[2024-04-04T17:19:03.977+0800][10.962s] GC(4) Concurrent Mark 52.299ms
[2024-04-04T17:19:03.977+0800][10.962s] GC(4) Concurrent Rebuild Remembered Sets and Scrub Regions
[2024-04-04T17:19:03.982+0800][10.977s] GC(4) Concurrent Rebuild Remembered Sets and Scrub Regions 14.323ms
[2024-04-04T17:19:03.982+0800][10.977s] GC(4) Pause Cleanup
[2024-04-04T17:19:03.982+0800][10.977s] GC(4) Pause Cleanup 26M->26M(512M) 0.449ms
[2024-04-04T17:19:03.982+0800][10.978s] GC(4) User=0.00s Sys=0.00s Real=0.00s
[2024-04-04T17:19:03.982+0800][10.978s] GC(4) Concurrent Clear Claimed Marks
[2024-04-04T17:19:03.982+0800][10.978s] GC(4) Concurrent Clear Claimed Marks 0.154ms
[2024-04-04T17:19:03.982+0800][10.978s] GC(4) Concurrent Cleanup for Next Mark
[2024-04-04T17:19:03.982+0800][10.979s] GC(4) Concurrent Cleanup for Next Mark 1.270ms
[2024-04-04T17:19:03.982+0800][10.979s] GC(4) Concurrent Mark Cycle 72.755ms
[2024-04-04T17:19:10.398+0800][17.383s] GC(5) Pause Young (Prepare Mixed) (Metadata GC Threshold)
[2024-04-04T17:19:10.398+0800][17.383s] GC(5) Using 8 workers of 8 for evacuation
[2024-04-04T17:19:10.414+0800][17.397s] GC(5)   Pre Evacuate Collection Set: 0.37ms
[2024-04-04T17:19:10.414+0800][17.397s] GC(5)   Merge Heap Roots: 0.19ms
[2024-04-04T17:19:10.414+0800][17.398s] GC(5)   Evacuate Collection Set: 11.13ms
[2024-04-04T17:19:10.414+0800][17.398s] GC(5)   Post Evacuate Collection Set: 1.64ms
[2024-04-04T17:19:10.414+0800][17.398s] GC(5)   Other: 0.53ms
[2024-04-04T17:19:10.414+0800][17.398s] GC(5) Eden regions: 97->0(297)
[2024-04-04T17:19:10.414+0800][17.398s] GC(5) Survivor regions: 5->10(39)
[2024-04-04T17:19:10.414+0800][17.398s] GC(5) Old regions: 16->16
[2024-04-04T17:19:10.414+0800][17.398s] GC(5) Humongous regions: 4->4
[2024-04-04T17:19:10.414+0800][17.398s] GC(5) Metaspace: 35630K(36096K)->35630K(36096K) NonClass: 31342K(31552K)->31342K(31552K) Class: 4287K(4544K)->4287K(4544K)
[2024-04-04T17:19:10.414+0800][17.399s] GC(5) Pause Young (Prepare Mixed) (Metadata GC Threshold) 120M->29M(512M) 15.648ms
[2024-04-04T17:19:10.414+0800][17.399s] GC(5) User=0.03s Sys=0.00s Real=0.02s
[2024-04-04T17:19:10.555+0800][17.542s] GC(6) Pause Young (Mixed) (Metadata GC Threshold)
[2024-04-04T17:19:10.555+0800][17.543s] GC(6) Using 8 workers of 8 for evacuation
[2024-04-04T17:19:10.571+0800][17.554s] GC(6)   Pre Evacuate Collection Set: 0.43ms
[2024-04-04T17:19:10.571+0800][17.555s] GC(6)   Merge Heap Roots: 0.16ms
[2024-04-04T17:19:10.571+0800][17.555s] GC(6)   Evacuate Collection Set: 9.10ms
[2024-04-04T17:19:10.571+0800][17.555s] GC(6)   Post Evacuate Collection Set: 1.49ms
[2024-04-04T17:19:10.571+0800][17.555s] GC(6)   Other: 0.47ms
[2024-04-04T17:19:10.571+0800][17.555s] GC(6) Eden regions: 3->0(296)
[2024-04-04T17:19:10.571+0800][17.555s] GC(6) Survivor regions: 10->11(39)
[2024-04-04T17:19:10.571+0800][17.555s] GC(6) Old regions: 16->16
[2024-04-04T17:19:10.571+0800][17.555s] GC(6) Humongous regions: 4->4
[2024-04-04T17:19:10.571+0800][17.555s] GC(6) Metaspace: 35876K(36416K)->35876K(36416K) NonClass: 31545K(31808K)->31545K(31808K) Class: 4330K(4608K)->4330K(4608K)
[2024-04-04T17:19:10.571+0800][17.555s] GC(6) Pause Young (Mixed) (Metadata GC Threshold) 32M->29M(512M) 12.974ms
[2024-04-04T17:19:10.571+0800][17.556s] GC(6) User=0.00s Sys=0.00s Real=0.02s
[2024-04-04T17:19:11.353+0800][18.342s] GC(7) Pause Young (Concurrent Start) (Metadata GC Threshold)
[2024-04-04T17:19:11.353+0800][18.342s] GC(7) Using 8 workers of 8 for evacuation
[2024-04-04T17:19:11.368+0800][18.353s] GC(7)   Pre Evacuate Collection Set: 0.39ms
[2024-04-04T17:19:11.368+0800][18.353s] GC(7)   Merge Heap Roots: 0.17ms
[2024-04-04T17:19:11.368+0800][18.353s] GC(7)   Evacuate Collection Set: 8.37ms
[2024-04-04T17:19:11.368+0800][18.354s] GC(7)   Post Evacuate Collection Set: 1.90ms
[2024-04-04T17:19:11.368+0800][18.354s] GC(7)   Other: 0.57ms
[2024-04-04T17:19:11.368+0800][18.354s] GC(7) Eden regions: 14->0(296)
[2024-04-04T17:19:11.368+0800][18.354s] GC(7) Survivor regions: 11->11(39)
[2024-04-04T17:19:11.368+0800][18.354s] GC(7) Old regions: 16->16
[2024-04-04T17:19:11.368+0800][18.354s] GC(7) Humongous regions: 4->4
[2024-04-04T17:19:11.368+0800][18.354s] GC(7) Metaspace: 36311K(36736K)->36311K(36736K) NonClass: 31923K(32128K)->31923K(32128K) Class: 4388K(4608K)->4388K(4608K)
[2024-04-04T17:19:11.368+0800][18.354s] GC(7) Pause Young (Concurrent Start) (Metadata GC Threshold) 43M->30M(512M) 12.639ms
[2024-04-04T17:19:11.368+0800][18.354s] GC(7) User=0.00s Sys=0.00s Real=0.02s
[2024-04-04T17:19:11.368+0800][18.354s] GC(8) Concurrent Mark Cycle
[2024-04-04T17:19:11.368+0800][18.355s] GC(8) Concurrent Scan Root Regions
[2024-04-04T17:19:11.368+0800][18.363s] GC(8) Concurrent Scan Root Regions 8.074ms
[2024-04-04T17:19:11.368+0800][18.363s] GC(8) Concurrent Mark
[2024-04-04T17:19:11.368+0800][18.363s] GC(8) Concurrent Mark From Roots
[2024-04-04T17:19:11.368+0800][18.363s] GC(8) Using 2 workers of 2 for marking
[2024-04-04T17:19:11.431+0800][18.416s] GC(8) Concurrent Mark From Roots 53.070ms
[2024-04-04T17:19:11.431+0800][18.416s] GC(8) Concurrent Preclean
[2024-04-04T17:19:11.431+0800][18.417s] GC(8) Concurrent Preclean 0.240ms
[2024-04-04T17:19:11.447+0800][18.430s] GC(8) Pause Remark
[2024-04-04T17:19:11.447+0800][18.443s] GC(8) Pause Remark 33M->33M(512M) 12.297ms
[2024-04-04T17:19:11.447+0800][18.443s] GC(8) User=0.02s Sys=0.00s Real=0.00s
[2024-04-04T17:19:11.447+0800][18.443s] GC(8) Concurrent Mark 80.252ms
[2024-04-04T17:19:11.447+0800][18.443s] GC(8) Concurrent Rebuild Remembered Sets and Scrub Regions
[2024-04-04T17:19:11.475+0800][18.460s] GC(8) Concurrent Rebuild Remembered Sets and Scrub Regions 17.017ms
[2024-04-04T17:19:11.475+0800][18.461s] GC(8) Pause Cleanup
[2024-04-04T17:19:11.475+0800][18.461s] GC(8) Pause Cleanup 35M->35M(512M) 0.422ms
[2024-04-04T17:19:11.475+0800][18.461s] GC(8) User=0.00s Sys=0.00s Real=0.00s
[2024-04-04T17:19:11.475+0800][18.462s] GC(8) Concurrent Clear Claimed Marks
[2024-04-04T17:19:11.475+0800][18.462s] GC(8) Concurrent Clear Claimed Marks 0.184ms
[2024-04-04T17:19:11.475+0800][18.462s] GC(8) Concurrent Cleanup for Next Mark
[2024-04-04T17:19:11.475+0800][18.464s] GC(8) Concurrent Cleanup for Next Mark 1.863ms
[2024-04-04T17:19:11.475+0800][18.464s] GC(8) Concurrent Mark Cycle 109.627ms
[2024-04-04T17:19:18.521+0800][25.518s] GC(9) Pause Young (Prepare Mixed) (G1 Evacuation Pause)
[2024-04-04T17:19:18.521+0800][25.518s] GC(9) Using 8 workers of 8 for evacuation
[2024-04-04T17:19:18.552+0800][25.544s] GC(9)   Pre Evacuate Collection Set: 0.41ms
[2024-04-04T17:19:18.552+0800][25.544s] GC(9)   Merge Heap Roots: 0.32ms
[2024-04-04T17:19:18.552+0800][25.545s] GC(9)   Evacuate Collection Set: 22.30ms
[2024-04-04T17:19:18.552+0800][25.545s] GC(9)   Post Evacuate Collection Set: 2.73ms
[2024-04-04T17:19:18.552+0800][25.545s] GC(9)   Other: 0.61ms
[2024-04-04T17:19:18.552+0800][25.545s] GC(9) Eden regions: 296->0(280)
[2024-04-04T17:19:18.552+0800][25.545s] GC(9) Survivor regions: 11->27(39)
[2024-04-04T17:19:18.552+0800][25.545s] GC(9) Old regions: 16->16
[2024-04-04T17:19:18.552+0800][25.545s] GC(9) Humongous regions: 7->4
[2024-04-04T17:19:18.552+0800][25.545s] GC(9) Metaspace: 51254K(51904K)->51254K(51904K) NonClass: 44773K(45120K)->44773K(45120K) Class: 6480K(6784K)->6480K(6784K)
[2024-04-04T17:19:18.552+0800][25.546s] GC(9) Pause Young (Prepare Mixed) (G1 Evacuation Pause) 329M->46M(512M) 28.014ms
[2024-04-04T17:19:18.552+0800][25.546s] GC(9) User=0.17s Sys=0.02s Real=0.03s
[2024-04-04T20:21:48.480+0800][10975.464s] GC(10) Pause Young (Mixed) (Metadata GC Threshold)
[2024-04-04T20:21:48.482+0800][10975.466s] GC(10) Using 8 workers of 8 for evacuation
[2024-04-04T20:21:48.749+0800][10975.736s] GC(10) MMU target violated: 251.0ms (250.0ms/251.0ms)
[2024-04-04T20:21:48.749+0800][10975.736s] GC(10)   Pre Evacuate Collection Set: 8.96ms
[2024-04-04T20:21:48.749+0800][10975.736s] GC(10)   Merge Heap Roots: 1.89ms
[2024-04-04T20:21:48.749+0800][10975.736s] GC(10)   Evacuate Collection Set: 252.67ms
[2024-04-04T20:21:48.749+0800][10975.737s] GC(10)   Post Evacuate Collection Set: 6.20ms
[2024-04-04T20:21:48.749+0800][10975.737s] GC(10)   Other: 1.13ms
[2024-04-04T20:21:48.749+0800][10975.737s] GC(10) Eden regions: 122->0(282)
[2024-04-04T20:21:48.749+0800][10975.737s] GC(10) Survivor regions: 27->25(39)
[2024-04-04T20:21:48.749+0800][10975.737s] GC(10) Old regions: 16->25
[2024-04-04T20:21:48.749+0800][10975.737s] GC(10) Humongous regions: 4->4
[2024-04-04T20:21:48.749+0800][10975.737s] GC(10) Metaspace: 60495K(61376K)->60495K(61376K) NonClass: 52858K(53312K)->52858K(53312K) Class: 7637K(8064K)->7637K(8064K)
[2024-04-04T20:21:48.749+0800][10975.737s] GC(10) Pause Young (Mixed) (Metadata GC Threshold) 167M->53M(512M) 273.070ms
[2024-04-04T20:21:48.749+0800][10975.737s] GC(10) User=0.03s Sys=0.19s Real=0.27s
[2024-04-04T20:36:02.020+0800][11829.014s] GC(11) Pause Young (Concurrent Start) (Metadata GC Threshold)
[2024-04-04T20:36:02.020+0800][11829.014s] GC(11) Using 8 workers of 8 for evacuation
[2024-04-04T20:36:02.067+0800][11829.055s] GC(11)   Pre Evacuate Collection Set: 1.27ms
[2024-04-04T20:36:02.067+0800][11829.055s] GC(11)   Merge Heap Roots: 0.20ms
[2024-04-04T20:36:02.067+0800][11829.056s] GC(11)   Evacuate Collection Set: 35.62ms
[2024-04-04T20:36:02.067+0800][11829.056s] GC(11)   Post Evacuate Collection Set: 2.92ms
[2024-04-04T20:36:02.067+0800][11829.056s] GC(11)   Other: 1.04ms
[2024-04-04T20:36:02.067+0800][11829.056s] GC(11) Eden regions: 29->0(302)
[2024-04-04T20:36:02.067+0800][11829.056s] GC(11) Survivor regions: 25->5(39)
[2024-04-04T20:36:02.067+0800][11829.056s] GC(11) Old regions: 25->37
[2024-04-04T20:36:02.067+0800][11829.056s] GC(11) Humongous regions: 4->4
[2024-04-04T20:36:02.067+0800][11829.056s] GC(11) Metaspace: 60852K(61696K)->60852K(61696K) NonClass: 53161K(53632K)->53161K(53632K) Class: 7690K(8064K)->7690K(8064K)
[2024-04-04T20:36:02.067+0800][11829.057s] GC(11) Pause Young (Concurrent Start) (Metadata GC Threshold) 82M->45M(512M) 42.673ms
[2024-04-04T20:36:02.067+0800][11829.057s] GC(11) User=0.14s Sys=0.02s Real=0.05s
[2024-04-04T20:36:02.067+0800][11829.057s] GC(12) Concurrent Mark Cycle
[2024-04-04T20:36:02.067+0800][11829.057s] GC(12) Concurrent Scan Root Regions
[2024-04-04T20:36:02.085+0800][11829.078s] GC(12) Concurrent Scan Root Regions 21.121ms
[2024-04-04T20:36:02.085+0800][11829.079s] GC(12) Concurrent Mark
[2024-04-04T20:36:02.085+0800][11829.079s] GC(12) Concurrent Mark From Roots
[2024-04-04T20:36:02.085+0800][11829.079s] GC(12) Using 2 workers of 2 for marking
[2024-04-04T20:36:02.134+0800][11829.129s] GC(12) Concurrent Mark From Roots 49.848ms
[2024-04-04T20:36:02.134+0800][11829.129s] GC(12) Concurrent Mark Abort
[2024-04-04T20:36:02.134+0800][11829.129s] GC(12) Concurrent Mark Cycle 71.832ms
[2024-04-04T20:36:02.134+0800][11829.129s] Heap
[2024-04-04T20:36:02.134+0800][11829.129s]  garbage-first heap   total reserved 524288K, committed 524288K, used 50885K [0x00000000e0000000, 0x0000000100000000)
[2024-04-04T20:36:02.134+0800][11829.129s]   region size 1024K, 9 young (9216K), 5 survivors (5120K)
[2024-04-04T20:36:02.134+0800][11829.130s]  Metaspace       used 60864K, committed 61760K, reserved 1114112K
[2024-04-04T20:36:02.134+0800][11829.130s]   class space    used 7692K, committed 8064K, reserved 1048576K
