[2024-04-06T12:53:13.358+0800][0.112s] CardTable entry size: 512
[2024-04-06T12:53:13.358+0800][0.114s] Using G1
[2024-04-06T12:53:15.242+0800][2.010s] Version: 22+36-2370 (release)
[2024-04-06T12:53:15.242+0800][2.010s] CPUs: 8 total, 8 available
[2024-04-06T12:53:15.242+0800][2.010s] Memory: 6020M
[2024-04-06T12:53:15.242+0800][2.010s] Large Page Support: Disabled
[2024-04-06T12:53:15.242+0800][2.010s] NUMA Support: Disabled
[2024-04-06T12:53:15.242+0800][2.011s] Compressed Oops: Enabled (32-bit)
[2024-04-06T12:53:15.242+0800][2.011s] Heap Region Size: 1M
[2024-04-06T12:53:15.242+0800][2.011s] Heap Min Capacity: 512M
[2024-04-06T12:53:15.242+0800][2.011s] Heap Initial Capacity: 512M
[2024-04-06T12:53:15.242+0800][2.011s] Heap Max Capacity: 512M
[2024-04-06T12:53:15.242+0800][2.012s] Pre-touch: Enabled
[2024-04-06T12:53:15.257+0800][2.012s] Parallel Workers: 8
[2024-04-06T12:53:15.257+0800][2.012s] Concurrent Workers: 2
[2024-04-06T12:53:15.257+0800][2.012s] Concurrent Refinement Workers: 8
[2024-04-06T12:53:15.257+0800][2.012s] Periodic GC: Disabled
[2024-04-06T12:53:15.289+0800][2.044s] CDS archive(s) mapped at: [0x0000024225000000-0x0000024225c60000-0x0000024225c60000), size 12976128, SharedBaseAddress: 0x0000024225000000, ArchiveRelocationMode: 1.
[2024-04-06T12:53:15.289+0800][2.044s] Compressed class space mapped at: 0x0000024226000000-0x0000024266000000, reserved size: 1073741824
[2024-04-06T12:53:15.289+0800][2.044s] Narrow klass base: 0x0000024225000000, Narrow klass shift: 0, Narrow klass range: 0x41000000
[2024-04-06T12:53:40.508+0800][27.267s] GC(0) Pause Young (Normal) (G1 Evacuation Pause)
[2024-04-06T12:53:40.518+0800][27.272s] GC(0) Using 8 workers of 8 for evacuation
[2024-04-06T12:53:41.267+0800][28.023s] GC(0) MMU target violated: 251.0ms (250.0ms/251.0ms)
[2024-04-06T12:53:41.268+0800][28.023s] GC(0)   Pre Evacuate Collection Set: 0.70ms
[2024-04-06T12:53:41.268+0800][28.023s] GC(0)   Merge Heap Roots: 0.42ms
[2024-04-06T12:53:41.269+0800][28.023s] GC(0)   Evacuate Collection Set: 745.29ms
[2024-04-06T12:53:41.269+0800][28.023s] GC(0)   Post Evacuate Collection Set: 2.54ms
[2024-04-06T12:53:41.269+0800][28.024s] GC(0)   Other: 3.02ms
[2024-04-06T12:53:41.269+0800][28.024s] GC(0) Eden regions: 30->0(41)
[2024-04-06T12:53:41.270+0800][28.024s] GC(0) Survivor regions: 0->4(4)
[2024-04-06T12:53:41.270+0800][28.024s] GC(0) Old regions: 0->1
[2024-04-06T12:53:41.270+0800][28.024s] GC(0) Humongous regions: 0->0
[2024-04-06T12:53:41.270+0800][28.025s] GC(0) Metaspace: 10088K(10304K)->10088K(10304K) NonClass: 8907K(9024K)->8907K(9024K) Class: 1181K(1280K)->1181K(1280K)
[2024-04-06T12:53:41.270+0800][28.025s] GC(0) Pause Young (Normal) (G1 Evacuation Pause) 30M->4M(512M) 757.899ms
[2024-04-06T12:53:41.270+0800][28.025s] GC(0) User=0.27s Sys=0.02s Real=0.76s
[2024-04-06T12:53:51.414+0800][38.180s] GC(1) Pause Young (Normal) (G1 Evacuation Pause)
[2024-04-06T12:53:51.414+0800][38.180s] GC(1) Using 8 workers of 8 for evacuation
[2024-04-06T12:53:51.445+0800][38.204s] GC(1)   Pre Evacuate Collection Set: 0.37ms
[2024-04-06T12:53:51.445+0800][38.204s] GC(1)   Merge Heap Roots: 0.18ms
[2024-04-06T12:53:51.445+0800][38.205s] GC(1)   Evacuate Collection Set: 21.74ms
[2024-04-06T12:53:51.445+0800][38.205s] GC(1)   Post Evacuate Collection Set: 1.51ms
[2024-04-06T12:53:51.445+0800][38.205s] GC(1)   Other: 0.45ms
[2024-04-06T12:53:51.445+0800][38.205s] GC(1) Eden regions: 41->0(58)
[2024-04-06T12:53:51.445+0800][38.205s] GC(1) Survivor regions: 4->6(6)
[2024-04-06T12:53:51.445+0800][38.205s] GC(1) Old regions: 1->9
[2024-04-06T12:53:51.445+0800][38.205s] GC(1) Humongous regions: 4->4
[2024-04-06T12:53:51.445+0800][38.206s] GC(1) Metaspace: 19206K(19584K)->19206K(19584K) NonClass: 16931K(17152K)->16931K(17152K) Class: 2275K(2432K)->2275K(2432K)
[2024-04-06T12:53:51.445+0800][38.206s] GC(1) Pause Young (Normal) (G1 Evacuation Pause) 49M->19M(512M) 25.953ms
[2024-04-06T12:53:51.445+0800][38.206s] GC(1) User=0.12s Sys=0.03s Real=0.03s
[2024-04-06T12:53:54.663+0800][41.430s] GC(2) Pause Young (Normal) (G1 Evacuation Pause)
[2024-04-06T12:53:54.663+0800][41.430s] GC(2) Using 8 workers of 8 for evacuation
[2024-04-06T12:53:54.685+0800][41.440s] GC(2)   Pre Evacuate Collection Set: 0.34ms
[2024-04-06T12:53:54.685+0800][41.440s] GC(2)   Merge Heap Roots: 0.15ms
[2024-04-06T12:53:54.685+0800][41.440s] GC(2)   Evacuate Collection Set: 7.45ms
[2024-04-06T12:53:54.685+0800][41.440s] GC(2)   Post Evacuate Collection Set: 1.08ms
[2024-04-06T12:53:54.685+0800][41.440s] GC(2)   Other: 0.49ms
[2024-04-06T12:53:54.685+0800][41.440s] GC(2) Eden regions: 56->0(302)
[2024-04-06T12:53:54.685+0800][41.440s] GC(2) Survivor regions: 6->5(8)
[2024-04-06T12:53:54.685+0800][41.441s] GC(2) Old regions: 9->16
[2024-04-06T12:53:54.686+0800][41.441s] GC(2) Humongous regions: 4->4
[2024-04-06T12:53:54.686+0800][41.441s] GC(2) Metaspace: 19386K(19840K)->19386K(19840K) NonClass: 17108K(17344K)->17108K(17344K) Class: 2278K(2496K)->2278K(2496K)
[2024-04-06T12:53:54.686+0800][41.441s] GC(2) Pause Young (Normal) (G1 Evacuation Pause) 75M->23M(512M) 11.338ms
[2024-04-06T12:53:54.686+0800][41.441s] GC(2) User=0.03s Sys=0.00s Real=0.02s
[2024-04-06T12:53:57.697+0800][44.456s] GC(3) Pause Young (Concurrent Start) (Metadata GC Threshold)
[2024-04-06T12:53:57.697+0800][44.457s] GC(3) Using 8 workers of 8 for evacuation
[2024-04-06T12:53:57.697+0800][44.463s] GC(3)   Pre Evacuate Collection Set: 0.85ms
[2024-04-06T12:53:57.697+0800][44.463s] GC(3)   Merge Heap Roots: 0.16ms
[2024-04-06T12:53:57.697+0800][44.464s] GC(3)   Evacuate Collection Set: 4.06ms
[2024-04-06T12:53:57.697+0800][44.464s] GC(3)   Post Evacuate Collection Set: 1.15ms
[2024-04-06T12:53:57.697+0800][44.464s] GC(3)   Other: 0.54ms
[2024-04-06T12:53:57.697+0800][44.464s] GC(3) Eden regions: 26->0(302)
[2024-04-06T12:53:57.697+0800][44.464s] GC(3) Survivor regions: 5->5(39)
[2024-04-06T12:53:57.697+0800][44.464s] GC(3) Old regions: 16->16
[2024-04-06T12:53:57.697+0800][44.464s] GC(3) Humongous regions: 4->4
[2024-04-06T12:53:57.697+0800][44.464s] GC(3) Metaspace: 21105K(21504K)->21105K(21504K) NonClass: 18614K(18816K)->18614K(18816K) Class: 2490K(2688K)->2490K(2688K)
[2024-04-06T12:53:57.697+0800][44.465s] GC(3) Pause Young (Concurrent Start) (Metadata GC Threshold) 49M->24M(512M) 8.287ms
[2024-04-06T12:53:57.697+0800][44.465s] GC(4) Concurrent Mark Cycle
[2024-04-06T12:53:57.697+0800][44.465s] GC(3) User=0.03s Sys=0.00s Real=0.00s
[2024-04-06T12:53:57.697+0800][44.465s] GC(4) Concurrent Scan Root Regions
[2024-04-06T12:53:57.713+0800][44.469s] GC(4) Concurrent Scan Root Regions 3.925ms
[2024-04-06T12:53:57.713+0800][44.469s] GC(4) Concurrent Mark
[2024-04-06T12:53:57.713+0800][44.469s] GC(4) Concurrent Mark From Roots
[2024-04-06T12:53:57.713+0800][44.469s] GC(4) Using 2 workers of 2 for marking
[2024-04-06T12:53:57.807+0800][44.571s] GC(4) Concurrent Mark From Roots 101.995ms
[2024-04-06T12:53:57.807+0800][44.571s] GC(4) Concurrent Preclean
[2024-04-06T12:53:57.807+0800][44.572s] GC(4) Concurrent Preclean 0.311ms
[2024-04-06T12:53:57.807+0800][44.572s] GC(4) Pause Remark
[2024-04-06T12:53:57.823+0800][44.581s] GC(4) Pause Remark 25M->25M(512M) 9.329ms
[2024-04-06T12:53:57.823+0800][44.582s] GC(4) User=0.03s Sys=0.00s Real=0.02s
[2024-04-06T12:53:57.823+0800][44.582s] GC(4) Concurrent Mark 112.817ms
[2024-04-06T12:53:57.823+0800][44.582s] GC(4) Concurrent Rebuild Remembered Sets and Scrub Regions
[2024-04-06T12:53:57.838+0800][44.598s] GC(4) Concurrent Rebuild Remembered Sets and Scrub Regions 15.752ms
[2024-04-06T12:53:57.838+0800][44.598s] GC(4) Pause Cleanup
[2024-04-06T12:53:57.838+0800][44.599s] GC(4) Pause Cleanup 25M->25M(512M) 0.506ms
[2024-04-06T12:53:57.838+0800][44.599s] GC(4) User=0.00s Sys=0.00s Real=0.00s
[2024-04-06T12:53:57.838+0800][44.599s] GC(4) Concurrent Clear Claimed Marks
[2024-04-06T12:53:57.838+0800][44.599s] GC(4) Concurrent Clear Claimed Marks 0.203ms
[2024-04-06T12:53:57.838+0800][44.599s] GC(4) Concurrent Cleanup for Next Mark
[2024-04-06T12:53:57.838+0800][44.604s] GC(4) Concurrent Cleanup for Next Mark 4.918ms
[2024-04-06T12:53:57.838+0800][44.605s] GC(4) Concurrent Mark Cycle 139.996ms
[2024-04-06T12:54:49.654+0800][96.413s] GC(5) Pause Young (Prepare Mixed) (Metadata GC Threshold)
[2024-04-06T12:54:49.654+0800][96.413s] GC(5) Using 8 workers of 8 for evacuation
[2024-04-06T12:54:49.670+0800][96.426s] GC(5)   Pre Evacuate Collection Set: 0.37ms
[2024-04-06T12:54:49.670+0800][96.427s] GC(5)   Merge Heap Roots: 0.21ms
[2024-04-06T12:54:49.670+0800][96.427s] GC(5)   Evacuate Collection Set: 10.48ms
[2024-04-06T12:54:49.670+0800][96.427s] GC(5)   Post Evacuate Collection Set: 1.67ms
[2024-04-06T12:54:49.670+0800][96.427s] GC(5)   Other: 0.43ms
[2024-04-06T12:54:49.670+0800][96.427s] GC(5) Eden regions: 119->0(297)
[2024-04-06T12:54:49.670+0800][96.427s] GC(5) Survivor regions: 5->10(39)
[2024-04-06T12:54:49.670+0800][96.427s] GC(5) Old regions: 16->16
[2024-04-06T12:54:49.670+0800][96.427s] GC(5) Humongous regions: 4->4
[2024-04-06T12:54:49.670+0800][96.427s] GC(5) Metaspace: 35628K(36096K)->35628K(36096K) NonClass: 31347K(31552K)->31347K(31552K) Class: 4280K(4544K)->4280K(4544K)
[2024-04-06T12:54:49.670+0800][96.427s] GC(5) Pause Young (Prepare Mixed) (Metadata GC Threshold) 143M->28M(512M) 14.367ms
[2024-04-06T12:54:49.670+0800][96.427s] GC(5) User=0.03s Sys=0.00s Real=0.02s
[2024-04-06T12:54:49.843+0800][96.602s] GC(6) Pause Young (Mixed) (Metadata GC Threshold)
[2024-04-06T12:54:49.843+0800][96.602s] GC(6) Using 8 workers of 8 for evacuation
[2024-04-06T12:54:49.843+0800][96.612s] GC(6)   Pre Evacuate Collection Set: 0.48ms
[2024-04-06T12:54:49.843+0800][96.613s] GC(6)   Merge Heap Roots: 0.13ms
[2024-04-06T12:54:49.843+0800][96.613s] GC(6)   Evacuate Collection Set: 7.94ms
[2024-04-06T12:54:49.843+0800][96.613s] GC(6)   Post Evacuate Collection Set: 1.59ms
[2024-04-06T12:54:49.843+0800][96.613s] GC(6)   Other: 0.30ms
[2024-04-06T12:54:49.859+0800][96.613s] GC(6) Eden regions: 4->0(296)
[2024-04-06T12:54:49.859+0800][96.613s] GC(6) Survivor regions: 10->11(39)
[2024-04-06T12:54:49.859+0800][96.613s] GC(6) Old regions: 16->16
[2024-04-06T12:54:49.859+0800][96.613s] GC(6) Humongous regions: 4->4
[2024-04-06T12:54:49.859+0800][96.613s] GC(6) Metaspace: 35921K(36416K)->35921K(36416K) NonClass: 31594K(31872K)->31594K(31872K) Class: 4327K(4544K)->4327K(4544K)
[2024-04-06T12:54:49.859+0800][96.614s] GC(6) Pause Young (Mixed) (Metadata GC Threshold) 32M->29M(512M) 11.891ms
[2024-04-06T12:54:49.859+0800][96.614s] GC(6) User=0.00s Sys=0.00s Real=0.02s
[2024-04-06T12:54:50.235+0800][96.997s] GC(7) Pause Young (Concurrent Start) (Metadata GC Threshold)
[2024-04-06T12:54:50.235+0800][96.997s] GC(7) Using 8 workers of 8 for evacuation
[2024-04-06T12:54:50.251+0800][97.009s] GC(7)   Pre Evacuate Collection Set: 0.43ms
[2024-04-06T12:54:50.251+0800][97.009s] GC(7)   Merge Heap Roots: 0.15ms
[2024-04-06T12:54:50.251+0800][97.009s] GC(7)   Evacuate Collection Set: 9.10ms
[2024-04-06T12:54:50.251+0800][97.009s] GC(7)   Post Evacuate Collection Set: 1.48ms
[2024-04-06T12:54:50.251+0800][97.009s] GC(7)   Other: 0.50ms
[2024-04-06T12:54:50.251+0800][97.009s] GC(7) Eden regions: 6->0(296)
[2024-04-06T12:54:50.251+0800][97.009s] GC(7) Survivor regions: 11->11(39)
[2024-04-06T12:54:50.251+0800][97.010s] GC(7) Old regions: 16->16
[2024-04-06T12:54:50.251+0800][97.010s] GC(7) Humongous regions: 4->4
[2024-04-06T12:54:50.251+0800][97.010s] GC(7) Metaspace: 36288K(36736K)->36288K(36736K) NonClass: 31911K(32128K)->31911K(32128K) Class: 4376K(4608K)->4376K(4608K)
[2024-04-06T12:54:50.251+0800][97.010s] GC(7) Pause Young (Concurrent Start) (Metadata GC Threshold) 34M->29M(512M) 13.130ms
[2024-04-06T12:54:50.251+0800][97.010s] GC(8) Concurrent Mark Cycle
[2024-04-06T12:54:50.251+0800][97.010s] GC(7) User=0.00s Sys=0.00s Real=0.02s
[2024-04-06T12:54:50.251+0800][97.010s] GC(8) Concurrent Scan Root Regions
[2024-04-06T12:54:50.251+0800][97.017s] GC(8) Concurrent Scan Root Regions 6.972ms
[2024-04-06T12:54:50.251+0800][97.017s] GC(8) Concurrent Mark
[2024-04-06T12:54:50.251+0800][97.018s] GC(8) Concurrent Mark From Roots
[2024-04-06T12:54:50.251+0800][97.018s] GC(8) Using 2 workers of 2 for marking
[2024-04-06T12:54:50.314+0800][97.069s] GC(8) Concurrent Mark From Roots 51.663ms
[2024-04-06T12:54:50.314+0800][97.069s] GC(8) Concurrent Preclean
[2024-04-06T12:54:50.314+0800][97.070s] GC(8) Concurrent Preclean 0.178ms
[2024-04-06T12:54:50.314+0800][97.070s] GC(8) Pause Remark
[2024-04-06T12:54:50.314+0800][97.082s] GC(8) Pause Remark 31M->31M(512M) 11.988ms
[2024-04-06T12:54:50.314+0800][97.082s] GC(8) User=0.00s Sys=0.00s Real=0.00s
[2024-04-06T12:54:50.314+0800][97.082s] GC(8) Concurrent Mark 64.733ms
[2024-04-06T12:54:50.314+0800][97.082s] GC(8) Concurrent Rebuild Remembered Sets and Scrub Regions
[2024-04-06T12:54:50.330+0800][97.097s] GC(8) Concurrent Rebuild Remembered Sets and Scrub Regions 14.208ms
[2024-04-06T12:54:50.330+0800][97.097s] GC(8) Pause Cleanup
[2024-04-06T12:54:50.330+0800][97.099s] GC(8) Pause Cleanup 31M->31M(512M) 2.001ms
[2024-04-06T12:54:50.330+0800][97.099s] GC(8) User=0.02s Sys=0.00s Real=0.00s
[2024-04-06T12:54:50.330+0800][97.099s] GC(8) Concurrent Clear Claimed Marks
[2024-04-06T12:54:50.330+0800][97.099s] GC(8) Concurrent Clear Claimed Marks 0.155ms
[2024-04-06T12:54:50.330+0800][97.099s] GC(8) Concurrent Cleanup for Next Mark
[2024-04-06T12:54:50.345+0800][97.101s] GC(8) Concurrent Cleanup for Next Mark 1.932ms
[2024-04-06T12:54:50.345+0800][97.102s] GC(8) Concurrent Mark Cycle 91.520ms
[2024-04-06T12:55:03.639+0800][110.395s] GC(9) Pause Young (Prepare Mixed) (G1 Evacuation Pause)
[2024-04-06T12:55:03.639+0800][110.395s] GC(9) Using 8 workers of 8 for evacuation
[2024-04-06T12:55:03.670+0800][110.426s] GC(9)   Pre Evacuate Collection Set: 0.42ms
[2024-04-06T12:55:03.670+0800][110.427s] GC(9)   Merge Heap Roots: 0.30ms
[2024-04-06T12:55:03.670+0800][110.427s] GC(9)   Evacuate Collection Set: 27.44ms
[2024-04-06T12:55:03.670+0800][110.427s] GC(9)   Post Evacuate Collection Set: 2.79ms
[2024-04-06T12:55:03.670+0800][110.427s] GC(9)   Other: 0.63ms
[2024-04-06T12:55:03.670+0800][110.427s] GC(9) Eden regions: 296->0(281)
[2024-04-06T12:55:03.670+0800][110.427s] GC(9) Survivor regions: 11->26(39)
[2024-04-06T12:55:03.670+0800][110.427s] GC(9) Old regions: 16->16
[2024-04-06T12:55:03.670+0800][110.427s] GC(9) Humongous regions: 7->4
[2024-04-06T12:55:03.670+0800][110.427s] GC(9) Metaspace: 51139K(51776K)->51139K(51776K) NonClass: 44687K(45056K)->44687K(45056K) Class: 6452K(6720K)->6452K(6720K)
[2024-04-06T12:55:03.670+0800][110.427s] GC(9) Pause Young (Prepare Mixed) (G1 Evacuation Pause) 328M->44M(512M) 32.772ms
[2024-04-06T12:55:03.670+0800][110.428s] GC(9) User=0.08s Sys=0.03s Real=0.03s
[2024-04-06T13:16:45.641+0800][1412.407s] GC(10) Pause Young (Mixed) (Metadata GC Threshold)
[2024-04-06T13:16:45.641+0800][1412.407s] GC(10) Using 8 workers of 8 for evacuation
[2024-04-06T13:16:45.698+0800][1412.455s] GC(10)   Pre Evacuate Collection Set: 2.09ms
[2024-04-06T13:16:45.698+0800][1412.455s] GC(10)   Merge Heap Roots: 0.34ms
[2024-04-06T13:16:45.698+0800][1412.455s] GC(10)   Evacuate Collection Set: 42.22ms
[2024-04-06T13:16:45.698+0800][1412.456s] GC(10)   Post Evacuate Collection Set: 3.04ms
[2024-04-06T13:16:45.698+0800][1412.456s] GC(10)   Other: 0.38ms
[2024-04-06T13:16:45.698+0800][1412.456s] GC(10) Eden regions: 270->0(279)
[2024-04-06T13:16:45.698+0800][1412.456s] GC(10) Survivor regions: 26->28(39)
[2024-04-06T13:16:45.698+0800][1412.456s] GC(10) Old regions: 16->24
[2024-04-06T13:16:45.698+0800][1412.456s] GC(10) Humongous regions: 5->4
[2024-04-06T13:16:45.698+0800][1412.456s] GC(10) Metaspace: 60571K(61376K)->60571K(61376K) NonClass: 52941K(53376K)->52941K(53376K) Class: 7630K(8000K)->7630K(8000K)
[2024-04-06T13:16:45.698+0800][1412.456s] GC(10) Pause Young (Mixed) (Metadata GC Threshold) 315M->56M(512M) 49.285ms
[2024-04-06T13:16:45.698+0800][1412.456s] GC(10) User=0.30s Sys=0.05s Real=0.06s
[2024-04-06T13:17:25.865+0800][1452.629s] GC(11) Pause Young (Concurrent Start) (Metadata GC Threshold)
[2024-04-06T13:17:25.865+0800][1452.629s] GC(11) Using 8 workers of 8 for evacuation
[2024-04-06T13:17:25.896+0800][1452.659s] GC(11)   Pre Evacuate Collection Set: 0.37ms
[2024-04-06T13:17:25.896+0800][1452.659s] GC(11)   Merge Heap Roots: 0.17ms
[2024-04-06T13:17:25.896+0800][1452.659s] GC(11)   Evacuate Collection Set: 26.56ms
[2024-04-06T13:17:25.896+0800][1452.659s] GC(11)   Post Evacuate Collection Set: 1.91ms
[2024-04-06T13:17:25.896+0800][1452.659s] GC(11)   Other: 0.57ms
[2024-04-06T13:17:25.896+0800][1452.659s] GC(11) Eden regions: 31->0(292)
[2024-04-06T13:17:25.896+0800][1452.659s] GC(11) Survivor regions: 28->15(39)
[2024-04-06T13:17:25.896+0800][1452.659s] GC(11) Old regions: 24->40
[2024-04-06T13:17:25.896+0800][1452.659s] GC(11) Humongous regions: 4->4
[2024-04-06T13:17:25.896+0800][1452.660s] GC(11) Metaspace: 60869K(61696K)->60869K(61696K) NonClass: 53215K(53632K)->53215K(53632K) Class: 7653K(8064K)->7653K(8064K)
[2024-04-06T13:17:25.896+0800][1452.660s] GC(11) Pause Young (Concurrent Start) (Metadata GC Threshold) 86M->57M(512M) 30.695ms
[2024-04-06T13:17:25.896+0800][1452.660s] GC(11) User=0.14s Sys=0.00s Real=0.03s
[2024-04-06T13:17:25.896+0800][1452.660s] GC(12) Concurrent Mark Cycle
[2024-04-06T13:17:25.896+0800][1452.660s] GC(12) Concurrent Scan Root Regions
[2024-04-06T13:17:25.923+0800][1452.684s] GC(12) Concurrent Scan Root Regions 23.224ms
[2024-04-06T13:17:25.923+0800][1452.684s] GC(12) Concurrent Mark
[2024-04-06T13:17:25.923+0800][1452.684s] GC(12) Concurrent Mark From Roots
[2024-04-06T13:17:25.923+0800][1452.684s] GC(12) Using 2 workers of 2 for marking
[2024-04-06T13:17:25.987+0800][1452.745s] GC(12) Concurrent Mark From Roots 60.967ms
[2024-04-06T13:17:25.987+0800][1452.745s] GC(12) Concurrent Preclean
[2024-04-06T13:17:25.987+0800][1452.746s] GC(12) Concurrent Preclean 0.833ms
[2024-04-06T13:17:25.987+0800][1452.747s] GC(12) Pause Remark
[2024-04-06T13:17:26.034+0800][1452.792s] GC(12) Pause Remark 62M->62M(512M) 45.290ms
[2024-04-06T13:17:26.034+0800][1452.792s] GC(12) User=0.00s Sys=0.00s Real=0.05s
[2024-04-06T13:17:26.034+0800][1452.793s] GC(12) Concurrent Mark 108.691ms
[2024-04-06T13:17:26.034+0800][1452.793s] GC(12) Concurrent Rebuild Remembered Sets and Scrub Regions
[2024-04-06T13:17:26.066+0800][1452.826s] GC(12) Concurrent Rebuild Remembered Sets and Scrub Regions 33.642ms
[2024-04-06T13:17:26.066+0800][1452.827s] GC(12) Pause Cleanup
[2024-04-06T13:17:26.066+0800][1452.827s] GC(12) Pause Cleanup 63M->63M(512M) 0.541ms
[2024-04-06T13:17:26.066+0800][1452.827s] GC(12) User=0.00s Sys=0.00s Real=0.00s
[2024-04-06T13:17:26.066+0800][1452.828s] GC(12) Concurrent Clear Claimed Marks
[2024-04-06T13:17:26.066+0800][1452.828s] GC(12) Concurrent Clear Claimed Marks 0.179ms
[2024-04-06T13:17:26.066+0800][1452.828s] GC(12) Concurrent Cleanup for Next Mark
[2024-04-06T13:17:26.066+0800][1452.829s] GC(12) Concurrent Cleanup for Next Mark 1.574ms
[2024-04-06T13:17:26.066+0800][1452.830s] GC(12) Concurrent Mark Cycle 169.325ms
[2024-04-06T13:48:17.868+0800][3304.625s] GC(13) Pause Young (Prepare Mixed) (G1 Evacuation Pause)
[2024-04-06T13:48:17.868+0800][3304.625s] GC(13) Using 8 workers of 8 for evacuation
[2024-04-06T13:48:17.878+0800][3304.644s] GC(13)   Pre Evacuate Collection Set: 0.73ms
[2024-04-06T13:48:17.878+0800][3304.644s] GC(13)   Merge Heap Roots: 0.24ms
[2024-04-06T13:48:17.878+0800][3304.644s] GC(13)   Evacuate Collection Set: 15.12ms
[2024-04-06T13:48:17.878+0800][3304.644s] GC(13)   Post Evacuate Collection Set: 2.08ms
[2024-04-06T13:48:17.878+0800][3304.644s] GC(13)   Other: 0.37ms
[2024-04-06T13:48:17.878+0800][3304.644s] GC(13) Eden regions: 292->0(291)
[2024-04-06T13:48:17.878+0800][3304.644s] GC(13) Survivor regions: 15->16(39)
[2024-04-06T13:48:17.878+0800][3304.645s] GC(13) Old regions: 40->40
[2024-04-06T13:48:17.878+0800][3304.645s] GC(13) Humongous regions: 10->4
[2024-04-06T13:48:17.878+0800][3304.645s] GC(13) Metaspace: 65033K(65856K)->65033K(65856K) NonClass: 56991K(57472K)->56991K(57472K) Class: 8042K(8384K)->8042K(8384K)
[2024-04-06T13:48:17.878+0800][3304.645s] GC(13) Pause Young (Prepare Mixed) (G1 Evacuation Pause) 355M->59M(512M) 19.874ms
[2024-04-06T13:48:17.878+0800][3304.645s] GC(13) User=0.00s Sys=0.00s Real=0.01s
[2024-04-06T14:26:05.882+0800][5572.638s] GC(14) Pause Young (Mixed) (G1 Evacuation Pause)
[2024-04-06T14:26:05.887+0800][5572.642s] GC(14) Using 8 workers of 8 for evacuation
[2024-04-06T14:26:06.094+0800][5572.854s] GC(14)   Pre Evacuate Collection Set: 6.40ms
[2024-04-06T14:26:06.094+0800][5572.855s] GC(14)   Merge Heap Roots: 3.04ms
[2024-04-06T14:26:06.094+0800][5572.855s] GC(14)   Evacuate Collection Set: 192.40ms
[2024-04-06T14:26:06.094+0800][5572.855s] GC(14)   Post Evacuate Collection Set: 8.70ms
[2024-04-06T14:26:06.094+0800][5572.855s] GC(14)   Other: 2.82ms
[2024-04-06T14:26:06.094+0800][5572.855s] GC(14) Eden regions: 291->0(288)
[2024-04-06T14:26:06.094+0800][5572.855s] GC(14) Survivor regions: 16->19(39)
[2024-04-06T14:26:06.094+0800][5572.855s] GC(14) Old regions: 40->40
[2024-04-06T14:26:06.094+0800][5572.855s] GC(14) Humongous regions: 6->4
[2024-04-06T14:26:06.094+0800][5572.856s] GC(14) Metaspace: 70748K(71616K)->70748K(71616K) NonClass: 62172K(62656K)->62172K(62656K) Class: 8575K(8960K)->8575K(8960K)
[2024-04-06T14:26:06.094+0800][5572.856s] GC(14) Pause Young (Mixed) (G1 Evacuation Pause) 352M->62M(512M) 218.845ms
[2024-04-06T14:26:06.094+0800][5572.856s] GC(14) User=0.31s Sys=0.84s Real=0.21s
[2024-04-06T14:26:12.891+0800][5579.648s] GC(15) Pause Young (Normal) (G1 Evacuation Pause)
[2024-04-06T14:26:12.891+0800][5579.648s] GC(15) Using 8 workers of 8 for evacuation
[2024-04-06T14:26:12.919+0800][5579.677s] GC(15)   Pre Evacuate Collection Set: 0.49ms
[2024-04-06T14:26:12.919+0800][5579.678s] GC(15)   Merge Heap Roots: 0.29ms
[2024-04-06T14:26:12.919+0800][5579.678s] GC(15)   Evacuate Collection Set: 26.04ms
[2024-04-06T14:26:12.919+0800][5579.678s] GC(15)   Post Evacuate Collection Set: 2.35ms
[2024-04-06T14:26:12.919+0800][5579.678s] GC(15)   Other: 0.36ms
[2024-04-06T14:26:12.919+0800][5579.678s] GC(15) Eden regions: 288->0(285)
[2024-04-06T14:26:12.919+0800][5579.678s] GC(15) Survivor regions: 19->22(39)
[2024-04-06T14:26:12.919+0800][5579.678s] GC(15) Old regions: 40->40
[2024-04-06T14:26:12.919+0800][5579.678s] GC(15) Humongous regions: 4->4
[2024-04-06T14:26:12.919+0800][5579.678s] GC(15) Metaspace: 70924K(71808K)->70924K(71808K) NonClass: 62346K(62848K)->62346K(62848K) Class: 8577K(8960K)->8577K(8960K)
[2024-04-06T14:26:12.919+0800][5579.679s] GC(15) Pause Young (Normal) (G1 Evacuation Pause) 350M->64M(512M) 30.990ms
[2024-04-06T14:26:12.919+0800][5579.679s] GC(15) User=0.11s Sys=0.03s Real=0.03s
[2024-04-06T14:26:54.979+0800][5621.746s] GC(16) Pause Young (Concurrent Start) (G1 Evacuation Pause)
[2024-04-06T14:26:54.979+0800][5621.746s] GC(16) Using 8 workers of 8 for evacuation
[2024-04-06T14:26:55.020+0800][5621.775s] GC(16)   Pre Evacuate Collection Set: 0.80ms
[2024-04-06T14:26:55.020+0800][5621.775s] GC(16)   Merge Heap Roots: 0.27ms
[2024-04-06T14:26:55.020+0800][5621.775s] GC(16)   Evacuate Collection Set: 24.59ms
[2024-04-06T14:26:55.020+0800][5621.775s] GC(16)   Post Evacuate Collection Set: 2.26ms
[2024-04-06T14:26:55.020+0800][5621.775s] GC(16)   Other: 0.51ms
[2024-04-06T14:26:55.020+0800][5621.775s] GC(16) Eden regions: 285->0(281)
[2024-04-06T14:26:55.020+0800][5621.775s] GC(16) Survivor regions: 22->26(39)
[2024-04-06T14:26:55.021+0800][5621.776s] GC(16) Old regions: 40->40
[2024-04-06T14:26:55.021+0800][5621.776s] GC(16) Humongous regions: 4->4
[2024-04-06T14:26:55.021+0800][5621.776s] GC(16) Metaspace: 71365K(72256K)->71365K(72256K) NonClass: 62728K(63232K)->62728K(63232K) Class: 8636K(9024K)->8636K(9024K)
[2024-04-06T14:26:55.021+0800][5621.776s] GC(16) Pause Young (Concurrent Start) (G1 Evacuation Pause) 349M->68M(512M) 29.579ms
[2024-04-06T14:26:55.021+0800][5621.776s] GC(16) User=0.22s Sys=0.05s Real=0.04s
[2024-04-06T14:26:55.022+0800][5621.777s] GC(17) Concurrent Mark Cycle
[2024-04-06T14:26:55.022+0800][5621.777s] GC(17) Concurrent Scan Root Regions
[2024-04-06T14:26:55.053+0800][5621.807s] GC(17) Concurrent Scan Root Regions 30.680ms
[2024-04-06T14:26:55.053+0800][5621.808s] GC(17) Concurrent Mark
[2024-04-06T14:26:55.053+0800][5621.808s] GC(17) Concurrent Mark From Roots
[2024-04-06T14:26:55.053+0800][5621.808s] GC(17) Using 2 workers of 2 for marking
[2024-04-06T14:26:55.230+0800][5621.985s] GC(17) Concurrent Mark From Roots 177.338ms
[2024-04-06T14:26:55.230+0800][5621.985s] GC(17) Concurrent Preclean
[2024-04-06T14:26:55.231+0800][5621.986s] GC(17) Concurrent Preclean 0.922ms
[2024-04-06T14:26:55.232+0800][5621.987s] GC(17) Pause Remark
[2024-04-06T14:26:55.494+0800][5622.249s] GC(17) MMU target violated: 251.0ms (250.0ms/251.0ms)
[2024-04-06T14:26:55.495+0800][5622.249s] GC(17) Pause Remark 79M->79M(512M) 262.188ms
[2024-04-06T14:26:55.495+0800][5622.249s] GC(17) User=0.06s Sys=0.22s Real=0.26s
[2024-04-06T14:26:55.495+0800][5622.250s] GC(17) Concurrent Mark 441.935ms
[2024-04-06T14:26:55.495+0800][5622.250s] GC(17) Concurrent Rebuild Remembered Sets and Scrub Regions
[2024-04-06T14:26:55.561+0800][5622.316s] GC(17) Concurrent Rebuild Remembered Sets and Scrub Regions 66.252ms
[2024-04-06T14:26:55.562+0800][5622.317s] GC(17) Pause Cleanup
[2024-04-06T14:26:55.563+0800][5622.317s] GC(17) Pause Cleanup 82M->82M(512M) 0.588ms
[2024-04-06T14:26:55.563+0800][5622.317s] GC(17) User=0.00s Sys=0.00s Real=0.00s
[2024-04-06T14:26:55.563+0800][5622.318s] GC(17) Concurrent Clear Claimed Marks
[2024-04-06T14:26:55.563+0800][5622.318s] GC(17) Concurrent Clear Claimed Marks 0.274ms
[2024-04-06T14:26:55.563+0800][5622.318s] GC(17) Concurrent Cleanup for Next Mark
[2024-04-06T14:26:55.578+0800][5622.333s] GC(17) Concurrent Cleanup for Next Mark 14.535ms
[2024-04-06T14:26:55.578+0800][5622.333s] GC(17) Concurrent Mark Cycle 556.451ms
[2024-04-06T14:26:58.354+0800][5625.108s] GC(18) Pause Young (Prepare Mixed) (G1 Evacuation Pause)
[2024-04-06T14:26:58.354+0800][5625.109s] GC(18) Using 8 workers of 8 for evacuation
[2024-04-06T14:26:58.390+0800][5625.144s] GC(18)   Pre Evacuate Collection Set: 0.46ms
[2024-04-06T14:26:58.390+0800][5625.144s] GC(18)   Merge Heap Roots: 0.40ms
[2024-04-06T14:26:58.390+0800][5625.144s] GC(18)   Evacuate Collection Set: 31.94ms
[2024-04-06T14:26:58.390+0800][5625.145s] GC(18)   Post Evacuate Collection Set: 2.27ms
[2024-04-06T14:26:58.390+0800][5625.145s] GC(18)   Other: 0.40ms
[2024-04-06T14:26:58.390+0800][5625.145s] GC(18) Eden regions: 281->0(290)
[2024-04-06T14:26:58.390+0800][5625.145s] GC(18) Survivor regions: 26->17(39)
[2024-04-06T14:26:58.390+0800][5625.145s] GC(18) Old regions: 40->48
[2024-04-06T14:26:58.391+0800][5625.145s] GC(18) Humongous regions: 4->4
[2024-04-06T14:26:58.391+0800][5625.145s] GC(18) Metaspace: 71250K(72256K)->71250K(72256K) NonClass: 62662K(63232K)->62662K(63232K) Class: 8588K(9024K)->8588K(9024K)
[2024-04-06T14:26:58.391+0800][5625.145s] GC(18) Pause Young (Prepare Mixed) (G1 Evacuation Pause) 349M->68M(512M) 36.956ms
[2024-04-06T14:26:58.391+0800][5625.146s] GC(18) User=0.19s Sys=0.06s Real=0.04s
[2024-04-06T14:27:01.413+0800][5628.170s] GC(19) Pause Young (Mixed) (G1 Evacuation Pause)
[2024-04-06T14:27:01.413+0800][5628.171s] GC(19) Using 8 workers of 8 for evacuation
[2024-04-06T14:27:01.431+0800][5628.186s] GC(19)   Pre Evacuate Collection Set: 0.54ms
[2024-04-06T14:27:01.431+0800][5628.186s] GC(19)   Merge Heap Roots: 0.29ms
[2024-04-06T14:27:01.432+0800][5628.186s] GC(19)   Evacuate Collection Set: 12.09ms
[2024-04-06T14:27:01.432+0800][5628.186s] GC(19)   Post Evacuate Collection Set: 2.12ms
[2024-04-06T14:27:01.432+0800][5628.187s] GC(19)   Other: 0.41ms
[2024-04-06T14:27:01.432+0800][5628.187s] GC(19) Eden regions: 290->0(295)
[2024-04-06T14:27:01.432+0800][5628.187s] GC(19) Survivor regions: 17->12(39)
[2024-04-06T14:27:01.432+0800][5628.187s] GC(19) Old regions: 48->48
[2024-04-06T14:27:01.432+0800][5628.187s] GC(19) Humongous regions: 4->4
[2024-04-06T14:27:01.432+0800][5628.187s] GC(19) Metaspace: 71325K(72256K)->71325K(72256K) NonClass: 62733K(63232K)->62733K(63232K) Class: 8591K(9024K)->8591K(9024K)
[2024-04-06T14:27:01.432+0800][5628.187s] GC(19) Pause Young (Mixed) (G1 Evacuation Pause) 358M->63M(512M) 16.770ms
[2024-04-06T14:27:01.432+0800][5628.187s] GC(19) User=0.02s Sys=0.00s Real=0.02s
[2024-04-06T19:58:00.481+0800][25487.236s] GC(20) Pause Young (Concurrent Start) (G1 Evacuation Pause)
[2024-04-06T19:58:00.485+0800][25487.240s] GC(20) Using 8 workers of 8 for evacuation
[2024-04-06T19:58:00.709+0800][25487.465s] GC(20)   Pre Evacuate Collection Set: 12.63ms
[2024-04-06T19:58:00.710+0800][25487.465s] GC(20)   Merge Heap Roots: 3.96ms
[2024-04-06T19:58:00.710+0800][25487.465s] GC(20)   Evacuate Collection Set: 188.30ms
[2024-04-06T19:58:00.710+0800][25487.465s] GC(20)   Post Evacuate Collection Set: 16.81ms
[2024-04-06T19:58:00.710+0800][25487.465s] GC(20)   Other: 4.42ms
[2024-04-06T19:58:00.710+0800][25487.465s] GC(20) Eden regions: 295->0(293)
[2024-04-06T19:58:00.710+0800][25487.466s] GC(20) Survivor regions: 12->14(39)
[2024-04-06T19:58:00.710+0800][25487.466s] GC(20) Old regions: 48->48
[2024-04-06T19:58:00.711+0800][25487.466s] GC(20) Humongous regions: 4->4
[2024-04-06T19:58:00.711+0800][25487.466s] GC(20) Metaspace: 72930K(73728K)->72930K(73728K) NonClass: 64264K(64704K)->64264K(64704K) Class: 8666K(9024K)->8666K(9024K)
[2024-04-06T19:58:00.712+0800][25487.467s] GC(20) Pause Young (Concurrent Start) (G1 Evacuation Pause) 358M->64M(512M) 230.362ms
[2024-04-06T19:58:00.712+0800][25487.467s] GC(20) User=0.17s Sys=0.67s Real=0.23s
[2024-04-06T19:58:00.712+0800][25487.467s] GC(21) Concurrent Mark Cycle
[2024-04-06T19:58:00.712+0800][25487.468s] GC(21) Concurrent Scan Root Regions
[2024-04-06T19:58:00.772+0800][25487.527s] GC(21) Concurrent Scan Root Regions 59.792ms
[2024-04-06T19:58:00.772+0800][25487.528s] GC(21) Concurrent Mark
[2024-04-06T19:58:00.772+0800][25487.528s] GC(21) Concurrent Mark From Roots
[2024-04-06T19:58:00.773+0800][25487.528s] GC(21) Using 2 workers of 2 for marking
[2024-04-06T19:58:01.067+0800][25487.831s] GC(21) Concurrent Mark From Roots 303.202ms
[2024-04-06T19:58:01.067+0800][25487.831s] GC(21) Concurrent Preclean
[2024-04-06T19:58:01.067+0800][25487.832s] GC(21) Concurrent Preclean 0.877ms
[2024-04-06T19:58:01.067+0800][25487.832s] GC(21) Pause Remark
[2024-04-06T19:58:01.833+0800][25488.598s] GC(21) MMU target violated: 251.0ms (250.0ms/251.0ms)
[2024-04-06T19:58:01.833+0800][25488.599s] GC(21) Pause Remark 65M->65M(512M) 766.261ms
[2024-04-06T19:58:01.833+0800][25488.599s] GC(21) User=0.06s Sys=0.14s Real=0.77s
[2024-04-06T19:58:01.833+0800][25488.599s] GC(21) Concurrent Mark 1071.423ms
[2024-04-06T19:58:01.833+0800][25488.599s] GC(21) Concurrent Rebuild Remembered Sets and Scrub Regions
[2024-04-06T19:58:01.997+0800][25488.752s] GC(21) Concurrent Rebuild Remembered Sets and Scrub Regions 153.182ms
[2024-04-06T19:58:01.998+0800][25488.753s] GC(21) Pause Cleanup
[2024-04-06T19:58:02.000+0800][25488.754s] GC(21) Pause Cleanup 66M->66M(512M) 0.794ms
[2024-04-06T19:58:02.000+0800][25488.754s] GC(21) User=0.00s Sys=0.00s Real=0.00s
[2024-04-06T19:58:02.000+0800][25488.755s] GC(21) Concurrent Clear Claimed Marks
[2024-04-06T19:58:02.000+0800][25488.755s] GC(21) Concurrent Clear Claimed Marks 0.226ms
[2024-04-06T19:58:02.000+0800][25488.755s] GC(21) Concurrent Cleanup for Next Mark
[2024-04-06T19:58:02.014+0800][25488.769s] GC(21) Concurrent Cleanup for Next Mark 14.131ms
[2024-04-06T19:58:02.014+0800][25488.769s] GC(21) Concurrent Mark Cycle 1302.159ms
[2024-04-06T20:16:40.087+0800][26606.842s] GC(22) Pause Young (Prepare Mixed) (G1 Evacuation Pause)
[2024-04-06T20:16:40.087+0800][26606.842s] GC(22) Using 8 workers of 8 for evacuation
[2024-04-06T20:16:40.109+0800][26606.864s] GC(22)   Pre Evacuate Collection Set: 3.33ms
[2024-04-06T20:16:40.109+0800][26606.864s] GC(22)   Merge Heap Roots: 0.38ms
[2024-04-06T20:16:40.109+0800][26606.864s] GC(22)   Evacuate Collection Set: 14.01ms
[2024-04-06T20:16:40.109+0800][26606.864s] GC(22)   Post Evacuate Collection Set: 3.51ms
[2024-04-06T20:16:40.110+0800][26606.864s] GC(22)   Other: 0.46ms
[2024-04-06T20:16:40.110+0800][26606.865s] GC(22) Eden regions: 293->0(293)
[2024-04-06T20:16:40.110+0800][26606.865s] GC(22) Survivor regions: 14->14(39)
[2024-04-06T20:16:40.110+0800][26606.865s] GC(22) Old regions: 48->48
[2024-04-06T20:16:40.110+0800][26606.865s] GC(22) Humongous regions: 4->4
[2024-04-06T20:16:40.110+0800][26606.865s] GC(22) Metaspace: 72806K(73728K)->72806K(73728K) NonClass: 64176K(64704K)->64176K(64704K) Class: 8630K(9024K)->8630K(9024K)
[2024-04-06T20:16:40.111+0800][26606.865s] GC(22) Pause Young (Prepare Mixed) (G1 Evacuation Pause) 357M->64M(512M) 23.660ms
[2024-04-06T20:16:40.111+0800][26606.866s] GC(22) User=0.11s Sys=0.02s Real=0.02s
[2024-04-06T20:46:54.616+0800][28421.382s] Heap
[2024-04-06T20:46:54.616+0800][28421.383s]  garbage-first heap   total reserved 524288K, committed 524288K, used 346981K [0x00000000e0000000, 0x0000000100000000)
[2024-04-06T20:46:54.616+0800][28421.383s]   region size 1024K, 289 young (295936K), 14 survivors (14336K)
[2024-04-06T20:46:54.616+0800][28421.383s]  Metaspace       used 73083K, committed 73856K, reserved 1114112K
[2024-04-06T20:46:54.616+0800][28421.383s]   class space    used 8659K, committed 9024K, reserved 1048576K
